Archive member included because of file (symbol)

/home/marvin/.arduino15/packages/arduino/hardware/sam/1.6.12/variants/arduino_due_x/libsam_sam3x8e_gcc_rel.a(pio.o)
                              /home/marvin/InMoov/skeletonControlArduino/build/libraries/Wire/Wire.cpp.o (PIO_Configure)
/home/marvin/.arduino15/packages/arduino/hardware/sam/1.6.12/variants/arduino_due_x/libsam_sam3x8e_gcc_rel.a(pmc.o)
                              /home/marvin/InMoov/skeletonControlArduino/build/libraries/Servo/sam/Servo.cpp.o (pmc_enable_periph_clk)
/home/marvin/.arduino15/packages/arduino/hardware/sam/1.6.12/variants/arduino_due_x/libsam_sam3x8e_gcc_rel.a(tc.o)
                              /home/marvin/InMoov/skeletonControlArduino/build/libraries/Servo/sam/Servo.cpp.o (TC_Configure)
/home/marvin/.arduino15/packages/arduino/hardware/sam/1.6.12/variants/arduino_due_x/libsam_sam3x8e_gcc_rel.a(twi.o)
                              /home/marvin/InMoov/skeletonControlArduino/build/libraries/Wire/Wire.cpp.o (TWI_SetClock)
/home/marvin/.arduino15/packages/arduino/hardware/sam/1.6.12/variants/arduino_due_x/libsam_sam3x8e_gcc_rel.a(system_sam3xa.o)
                              /home/marvin/InMoov/skeletonControlArduino/build/core/variant.cpp.o (SystemInit)
/home/marvin/.arduino15/packages/arduino/hardware/sam/1.6.12/variants/arduino_due_x/libsam_sam3x8e_gcc_rel.a(startup_sam3xa.o)
                              (Reset_Handler)
/home/marvin/.arduino15/packages/arduino/hardware/sam/1.6.12/variants/arduino_due_x/libsam_sam3x8e_gcc_rel.a(adc.o)
                              /home/marvin/InMoov/skeletonControlArduino/build/core/variant.cpp.o (adc_init)
/home/marvin/.arduino15/packages/arduino/hardware/sam/1.6.12/variants/arduino_due_x/libsam_sam3x8e_gcc_rel.a(uotghs.o)
                              /home/marvin/.arduino15/packages/arduino/hardware/sam/1.6.12/variants/arduino_due_x/libsam_sam3x8e_gcc_rel.a(startup_sam3xa.o) (UOTGHS_Handler)
/home/marvin/InMoov/skeletonControlArduino/build/core/core.a(WInterrupts.c.o)
                              /home/marvin/.arduino15/packages/arduino/hardware/sam/1.6.12/variants/arduino_due_x/libsam_sam3x8e_gcc_rel.a(startup_sam3xa.o) (PIOA_Handler)
/home/marvin/InMoov/skeletonControlArduino/build/core/core.a(cortex_handlers.c.o)
                              /home/marvin/.arduino15/packages/arduino/hardware/sam/1.6.12/variants/arduino_due_x/libsam_sam3x8e_gcc_rel.a(startup_sam3xa.o) (NMI_Handler)
/home/marvin/InMoov/skeletonControlArduino/build/core/core.a(hooks.c.o)
                              /home/marvin/InMoov/skeletonControlArduino/build/core/core.a(cortex_handlers.c.o) (sysTickHook)
/home/marvin/InMoov/skeletonControlArduino/build/core/core.a(syscalls_sam3.c.o)
                              (_sbrk)
/home/marvin/InMoov/skeletonControlArduino/build/core/core.a(wiring.c.o)
                              /home/marvin/InMoov/skeletonControlArduino/build/sketch/Mai3Servo.cpp.o (millis)
/home/marvin/InMoov/skeletonControlArduino/build/core/core.a(wiring_analog.c.o)
                              /home/marvin/InMoov/skeletonControlArduino/build/core/variant.cpp.o (analogOutputInit)
/home/marvin/InMoov/skeletonControlArduino/build/core/core.a(wiring_digital.c.o)
                              /home/marvin/InMoov/skeletonControlArduino/build/sketch/skeletonControlArduino.cpp.o (pinMode)
/home/marvin/InMoov/skeletonControlArduino/build/core/core.a(Print.cpp.o)
                              /home/marvin/InMoov/skeletonControlArduino/build/libraries/Wire/Wire.cpp.o (Print::write(unsigned char const*, unsigned int))
/home/marvin/InMoov/skeletonControlArduino/build/core/core.a(Reset.cpp.o)
                              /home/marvin/InMoov/skeletonControlArduino/build/core/core.a(cortex_handlers.c.o) (tickReset)
/home/marvin/InMoov/skeletonControlArduino/build/core/core.a(RingBuffer.cpp.o)
                              /home/marvin/InMoov/skeletonControlArduino/build/core/variant.cpp.o (RingBuffer::RingBuffer())
/home/marvin/InMoov/skeletonControlArduino/build/core/core.a(UARTClass.cpp.o)
                              /home/marvin/InMoov/skeletonControlArduino/build/sketch/readMessages.cpp.o (UARTClass::available())
/home/marvin/InMoov/skeletonControlArduino/build/core/core.a(USARTClass.cpp.o)
                              /home/marvin/InMoov/skeletonControlArduino/build/core/variant.cpp.o (USARTClass::USARTClass(Usart*, IRQn, unsigned long, RingBuffer*, RingBuffer*))
/home/marvin/InMoov/skeletonControlArduino/build/core/core.a(WMath.cpp.o)
                              /home/marvin/InMoov/skeletonControlArduino/build/libraries/Servo/sam/Servo.cpp.o (map(long, long, long, long, long))
/home/marvin/InMoov/skeletonControlArduino/build/core/core.a(abi.cpp.o)
                              /home/marvin/InMoov/skeletonControlArduino/build/libraries/Wire/Wire.cpp.o (__cxa_pure_virtual)
/home/marvin/InMoov/skeletonControlArduino/build/core/core.a(main.cpp.o)
[...]
Memory Configuration

Name             Origin             Length             Attributes
rom              0x0000000000080000 0x0000000000080000 xr
sram0            0x0000000020000000 0x0000000000010000 xrw
sram1            0x0000000020080000 0x0000000000008000 xrw
ram              0x0000000020070000 0x0000000000018000 xrw
*default*        0x0000000000000000 0xffffffffffffffff

Linker script and memory map

LOAD /home/marvin/.arduino15/packages/arduino/tools/arm-none-eabi-gcc/4.8.3-2014q1/bin/../lib/gcc/arm-none-eabi/4.8.3/armv7-m/crti.o
LOAD /home/marvin/.arduino15/packages/arduino/tools/arm-none-eabi-gcc/4.8.3-2014q1/bin/../lib/gcc/arm-none-eabi/4.8.3/armv7-m/crtbegin.o
LOAD /home/marvin/.arduino15/packages/arduino/tools/arm-none-eabi-gcc/4.8.3-2014q1/bin/../lib/gcc/arm-none-eabi/4.8.3/../../../../arm-none-eabi/lib/armv7-m/crt0.o
START GROUP
LOAD /home/marvin/InMoov/skeletonControlArduino/build/sketch/Mai3Servo.cpp.o
LOAD /home/marvin/InMoov/skeletonControlArduino/build/sketch/feedback.cpp.o
LOAD /home/marvin/InMoov/skeletonControlArduino/build/sketch/readMessages.cpp.o
LOAD /home/marvin/InMoov/skeletonControlArduino/build/sketch/skeletonControlArduino.cpp.o
LOAD /home/marvin/InMoov/skeletonControlArduino/build/sketch/skeletonControlArduino.ino.cpp.o
LOAD /home/marvin/InMoov/skeletonControlArduino/build/sketch/writeMessages.cpp.o
LOAD /home/marvin/InMoov/skeletonControlArduino/build/libraries/Servo/avr/Servo.cpp.o
LOAD /home/marvin/InMoov/skeletonControlArduino/build/libraries/Servo/mbed/Servo.cpp.o
LOAD /home/marvin/InMoov/skeletonControlArduino/build/libraries/Servo/megaavr/Servo.cpp.o
LOAD /home/marvin/InMoov/skeletonControlArduino/build/libraries/Servo/nrf52/Servo.cpp.o
LOAD /home/marvin/InMoov/skeletonControlArduino/build/libraries/Servo/sam/Servo.cpp.o
LOAD /home/marvin/InMoov/skeletonControlArduino/build/libraries/Servo/samd/Servo.cpp.o
LOAD /home/marvin/InMoov/skeletonControlArduino/build/libraries/Servo/stm32f4/Servo.cpp.o
LOAD /home/marvin/InMoov/skeletonControlArduino/build/libraries/Wire/Wire.cpp.o
LOAD /home/marvin/InMoov/skeletonControlArduino/build/core/variant.cpp.o
LOAD /home/marvin/.arduino15/packages/arduino/hardware/sam/1.6.12/variants/arduino_due_x/libsam_sam3x8e_gcc_rel.a
LOAD /home/marvin/InMoov/skeletonControlArduino/build/core/core.a
END GROUP
LOAD /home/marvin/.arduino15/packages/arduino/tools/arm-none-eabi-gcc/4.8.3-2014q1/bin/../lib/gcc/arm-none-eabi/4.8.3/../../../../arm-none-eabi/lib/armv7-m/libm.a
LOAD /home/marvin/.arduino15/packages/arduino/tools/arm-none-eabi-gcc/4.8.3-2014q1/bin/../lib/gcc/arm-none-eabi/4.8.3/armv7-m/libgcc.a
START GROUP
LOAD /home/marvin/.arduino15/packages/arduino/tools/arm-none-eabi-gcc/4.8.3-2014q1/bin/../lib/gcc/arm-none-eabi/4.8.3/armv7-m/libgcc.a
LOAD /home/marvin/.arduino15/packages/arduino/tools/arm-none-eabi-gcc/4.8.3-2014q1/bin/../lib/gcc/arm-none-eabi/4.8.3/../../../../arm-none-eabi/lib/armv7-m/libc.a
END GROUP
LOAD /home/marvin/.arduino15/packages/arduino/tools/arm-none-eabi-gcc/4.8.3-2014q1/bin/../lib/gcc/arm-none-eabi/4.8.3/armv7-m/crtend.o
LOAD /home/marvin/.arduino15/packages/arduino/tools/arm-none-eabi-gcc/4.8.3-2014q1/bin/../lib/gcc/arm-none-eabi/4.8.3/armv7-m/crtn.o

.text           0x0000000000080000     0xc424
                0x0000000000080000                . = ALIGN (0x4)
                0x0000000000080000                _sfixed = .
 *(.vectors .vectors.*)
 .vectors       0x0000000000080000       0xf4 /home/marvin/.arduino15/packages/arduino/hardware/sam/1.6.12/variants/arduino_due_x/libsam_sam3x8e_gcc_rel.a(startup_sam3xa.o)
                0x0000000000080000                exception_table
 *(.text .text.* .gnu.linkonce.t.*)
 .text          0x00000000000800f4       0x54 /home/marvin/.arduino15/packages/arduino/tools/arm-none-eabi-gcc/4.8.3-2014q1/bin/../lib/gcc/arm-none-eabi/4.8.3/armv7-m/crtbegin.o
 .text._ZN9Mai3Servo5beginEiiiibii
                0x0000000000080148       0x34 /home/marvin/InMoov/skeletonControlArduino/build/sketch/Mai3Servo.cpp.o
                0x0000000000080148                Mai3Servo::begin(int, int, int, int, bool, int, int)
 .text._ZN9Mai3Servo9stopServoEv
                0x000000000008017c       0xa0 /home/marvin/InMoov/skeletonControlArduino/build/sketch/Mai3Servo.cpp.o
                0x000000000008017c                Mai3Servo::stopServo()
 .text._ZN9Mai3Servo6attachEv
                0x000000000008021c        0x6 /home/marvin/InMoov/skeletonControlArduino/build/sketch/Mai3Servo.cpp.o
                0x000000000008021c                Mai3Servo::attach()
 .text._ZN9Mai3Servo8attachedEv
                0x0000000000080222        0x4 /home/marvin/InMoov/skeletonControlArduino/build/sketch/Mai3Servo.cpp.o
                0x0000000000080222                Mai3Servo::attached()
 *fill*         0x0000000000080226        0x2 
 .text._ZN9Mai3Servo21adjustOutlierPositionEi
                0x0000000000080228       0xac /home/marvin/InMoov/skeletonControlArduino/build/sketch/Mai3Servo.cpp.o
                0x0000000000080228                Mai3Servo::adjustOutlierPosition(int)
 .text._ZN9Mai3Servo6moveToEii
                0x00000000000802d4      0x234 /home/marvin/InMoov/skeletonControlArduino/build/sketch/Mai3Servo.cpp.o
                0x00000000000802d4                Mai3Servo::moveTo(int, int)
 .text._ZN9Mai3Servo18writeServoPositionEib
                0x0000000000080508       0x60 /home/marvin/InMoov/skeletonControlArduino/build/sketch/Mai3Servo.cpp.o
                0x0000000000080508                Mai3Servo::writeServoPosition(int, bool)
 .text._ZN9Mai3Servo7powerUpEv
                0x0000000000080568       0x6c /home/marvin/InMoov/skeletonControlArduino/build/sketch/Mai3Servo.cpp.o
                0x0000000000080568                Mai3Servo::powerUp()
 .text._ZN9Mai3Servo11detachServoEb
                0x00000000000805d4       0x64 /home/marvin/InMoov/skeletonControlArduino/build/sketch/Mai3Servo.cpp.o
                0x00000000000805d4                Mai3Servo::detachServo(bool)
 .text._ZN9Mai3Servo6updateEv
                0x0000000000080638      0x4dc /home/marvin/InMoov/skeletonControlArduino/build/sketch/Mai3Servo.cpp.o
                0x0000000000080638                Mai3Servo::update()
 .text._ZN7TwoWire5writeEi
                0x0000000000080b14        0xc /home/marvin/InMoov/skeletonControlArduino/build/sketch/feedback.cpp.o
                0x0000000000080b14                TwoWire::write(int)
 .text._Z13selectChannelh
                0x0000000000080b20       0x28 /home/marvin/InMoov/skeletonControlArduino/build/sketch/feedback.cpp.o
                0x0000000000080b20                selectChannel(unsigned char)
 .text._Z16getRegisterValuei
                0x0000000000080b48       0x68 /home/marvin/InMoov/skeletonControlArduino/build/sketch/feedback.cpp.o
                0x0000000000080b48                getRegisterValue(int)
 .text._Z22readCurrentMagnetAnglehb
                0x0000000000080bb0       0xb8 /home/marvin/InMoov/skeletonControlArduino/build/sketch/feedback.cpp.o
                0x0000000000080bb0                readCurrentMagnetAngle(unsigned char, bool)
 .text._Z17recvWithEndMarkerv
                0x0000000000080c68       0x60 /home/marvin/InMoov/skeletonControlArduino/build/sketch/readMessages.cpp.o
                0x0000000000080c68                recvWithEndMarker()
 .text._Z12checkCommandv
                0x0000000000080cc8       0xb4 /home/marvin/InMoov/skeletonControlArduino/build/sketch/readMessages.cpp.o
                0x0000000000080cc8                checkCommand()
 .text._Z12servoIdOfPini
                0x0000000000080d7c       0x20 /home/marvin/InMoov/skeletonControlArduino/build/sketch/skeletonControlArduino.cpp.o
                0x0000000000080d7c                servoIdOfPin(int)
 .text._Z17powerUpServoGroupi
                0x0000000000080d9c       0xfc /home/marvin/InMoov/skeletonControlArduino/build/sketch/skeletonControlArduino.cpp.o
                0x0000000000080d9c                powerUpServoGroup(int)
 .text._Z28hasPowerGroupActiveMovementsi
                0x0000000000080e98       0x40 /home/marvin/InMoov/skeletonControlArduino/build/sketch/skeletonControlArduino.cpp.o
                0x0000000000080e98                hasPowerGroupActiveMovements(int)
 .text._Z11servoAssignv
                0x0000000000080ed8      0x240 /home/marvin/InMoov/skeletonControlArduino/build/sketch/skeletonControlArduino.cpp.o
                0x0000000000080ed8                servoAssign()
 .text._Z22setFeedbackDefinitionsv
                0x0000000000081118      0x280 /home/marvin/InMoov/skeletonControlArduino/build/sketch/skeletonControlArduino.cpp.o
                0x0000000000081118                setFeedbackDefinitions()
 .text._Z11servoMoveTov
                0x0000000000081398      0x13c /home/marvin/InMoov/skeletonControlArduino/build/sketch/skeletonControlArduino.cpp.o
                0x0000000000081398                servoMoveTo()
 .text._Z12servoStopCmdv
                0x00000000000814d4       0xb4 /home/marvin/InMoov/skeletonControlArduino/build/sketch/skeletonControlArduino.cpp.o
                0x00000000000814d4                servoStopCmd()
 .text._Z15servoStopAllCmdv
                0x0000000000081588       0x38 /home/marvin/InMoov/skeletonControlArduino/build/sketch/skeletonControlArduino.cpp.o
                0x0000000000081588                servoStopAllCmd()
 .text._Z17reportServoStatusv
                0x00000000000815c0      0x16c /home/marvin/InMoov/skeletonControlArduino/build/sketch/skeletonControlArduino.cpp.o
                0x00000000000815c0                reportServoStatus()
 .text._Z13setAutoDetachv
                0x000000000008172c       0xb0 /home/marvin/InMoov/skeletonControlArduino/build/sketch/skeletonControlArduino.cpp.o
                0x000000000008172c                setAutoDetach()
 .text._Z11setPositionv
                0x00000000000817dc       0x70 /home/marvin/InMoov/skeletonControlArduino/build/sketch/skeletonControlArduino.cpp.o
                0x00000000000817dc                setPosition()
 .text._Z10setVerbosev
                0x000000000008184c       0x7c /home/marvin/InMoov/skeletonControlArduino/build/sketch/skeletonControlArduino.cpp.o
                0x000000000008184c                setVerbose()
 .text._Z7pinHighv
                0x00000000000818c8       0x54 /home/marvin/InMoov/skeletonControlArduino/build/sketch/skeletonControlArduino.cpp.o
                0x00000000000818c8                pinHigh()
 .text._Z6pinLowv
                0x000000000008191c       0x58 /home/marvin/InMoov/skeletonControlArduino/build/sketch/skeletonControlArduino.cpp.o
                0x000000000008191c                pinLow()
 .text.loop     0x0000000000081974      0x200 /home/marvin/InMoov/skeletonControlArduino/build/sketch/skeletonControlArduino.cpp.o
                0x0000000000081974                loop
 .text.startup._GLOBAL__sub_I_version
                0x0000000000081b74       0x40 /home/marvin/InMoov/skeletonControlArduino/build/sketch/skeletonControlArduino.cpp.o
 .text.setup    0x0000000000081bb4      0x174 /home/marvin/InMoov/skeletonControlArduino/build/sketch/skeletonControlArduino.cpp.o
                0x0000000000081bb4                setup
 .text._Z15buildStatusBytebbbbbb
                0x0000000000081d28       0x34 /home/marvin/InMoov/skeletonControlArduino/build/sketch/writeMessages.cpp.o
                0x0000000000081d28                buildStatusByte(bool, bool, bool, bool, bool, bool)
 .text._Z15sendServoStatushhh
                0x0000000000081d5c       0x38 /home/marvin/InMoov/skeletonControlArduino/build/sketch/writeMessages.cpp.o
                0x0000000000081d5c                sendServoStatus(unsigned char, unsigned char, unsigned char)
 .text._Z18sendFeedbackStatushhhhi
                0x0000000000081d94       0x48 /home/marvin/InMoov/skeletonControlArduino/build/sketch/writeMessages.cpp.o
                0x0000000000081d94                sendFeedbackStatus(unsigned char, unsigned char, unsigned char, unsigned char, int)
 .text._ZL8_initISRP2Tcmm4IRQn
                0x0000000000081ddc       0x50 /home/marvin/InMoov/skeletonControlArduino/build/libraries/Servo/sam/Servo.cpp.o
 .text._Z13Servo_Handler18timer16_Sequence_tP2Tch
                0x0000000000081e2c      0x10c /home/marvin/InMoov/skeletonControlArduino/build/libraries/Servo/sam/Servo.cpp.o
                0x0000000000081e2c                Servo_Handler(timer16_Sequence_t, Tc*, unsigned char)
 .text.TC3_Handler
                0x0000000000081f38       0x10 /home/marvin/InMoov/skeletonControlArduino/build/libraries/Servo/sam/Servo.cpp.o
                0x0000000000081f38                TC3_Handler
 .text.TC4_Handler
                0x0000000000081f48       0x10 /home/marvin/InMoov/skeletonControlArduino/build/libraries/Servo/sam/Servo.cpp.o
                0x0000000000081f48                TC4_Handler
 .text.TC5_Handler
                0x0000000000081f58       0x10 /home/marvin/InMoov/skeletonControlArduino/build/libraries/Servo/sam/Servo.cpp.o
                0x0000000000081f58                TC5_Handler
 .text.TC2_Handler
                0x0000000000081f68       0x10 /home/marvin/InMoov/skeletonControlArduino/build/libraries/Servo/sam/Servo.cpp.o
                0x0000000000081f68                TC2_Handler
 .text.TC0_Handler
                0x0000000000081f78       0x10 /home/marvin/InMoov/skeletonControlArduino/build/libraries/Servo/sam/Servo.cpp.o
                0x0000000000081f78                TC0_Handler
 .text._ZN5ServoC2Ev
                0x0000000000081f88       0x40 /home/marvin/InMoov/skeletonControlArduino/build/libraries/Servo/sam/Servo.cpp.o
                0x0000000000081f88                Servo::Servo()
                0x0000000000081f88                Servo::Servo()
 .text._ZN5Servo6attachEiii
                0x0000000000081fc8       0xb8 /home/marvin/InMoov/skeletonControlArduino/build/libraries/Servo/sam/Servo.cpp.o
                0x0000000000081fc8                Servo::attach(int, int, int)
 .text._ZN5Servo6attachEi
                0x0000000000082080        0xc /home/marvin/InMoov/skeletonControlArduino/build/libraries/Servo/sam/Servo.cpp.o
                0x0000000000082080                Servo::attach(int)
 .text._ZN5Servo6detachEv
                0x000000000008208c       0x68 /home/marvin/InMoov/skeletonControlArduino/build/libraries/Servo/sam/Servo.cpp.o
                0x000000000008208c                Servo::detach()
 .text._ZN5Servo17writeMicrosecondsEi
                0x00000000000820f4       0x4c /home/marvin/InMoov/skeletonControlArduino/build/libraries/Servo/sam/Servo.cpp.o
                0x00000000000820f4                Servo::writeMicroseconds(int)
 .text._ZN5Servo5writeEi
                0x0000000000082140       0x42 /home/marvin/InMoov/skeletonControlArduino/build/libraries/Servo/sam/Servo.cpp.o
                0x0000000000082140                Servo::write(int)
 *fill*         0x0000000000082182        0x2 
 .text._ZN5Servo8attachedEv
                0x0000000000082184       0x14 /home/marvin/InMoov/skeletonControlArduino/build/libraries/Servo/sam/Servo.cpp.o
                0x0000000000082184                Servo::attached()
 .text._ZN7TwoWire5writeEPKhj
                0x0000000000082198       0x50 /home/marvin/InMoov/skeletonControlArduino/build/libraries/Wire/Wire.cpp.o
                0x0000000000082198                TwoWire::write(unsigned char const*, unsigned int)
 .text._ZN7TwoWire9availableEv
                0x00000000000821e8        0xc /home/marvin/InMoov/skeletonControlArduino/build/libraries/Wire/Wire.cpp.o
                0x00000000000821e8                TwoWire::available()
 .text._ZN7TwoWire4readEv
                0x00000000000821f4       0x1e /home/marvin/InMoov/skeletonControlArduino/build/libraries/Wire/Wire.cpp.o
                0x00000000000821f4                TwoWire::read()
 .text._ZN7TwoWire4peekEv
                0x0000000000082212       0x16 /home/marvin/InMoov/skeletonControlArduino/build/libraries/Wire/Wire.cpp.o
                0x0000000000082212                TwoWire::peek()
 .text._ZN7TwoWire5flushEv
                0x0000000000082228        0x2 /home/marvin/InMoov/skeletonControlArduino/build/libraries/Wire/Wire.cpp.o
                0x0000000000082228                TwoWire::flush()
 .text._ZN7TwoWire5writeEh
                0x000000000008222a       0x3a /home/marvin/InMoov/skeletonControlArduino/build/libraries/Wire/Wire.cpp.o
                0x000000000008222a                TwoWire::write(unsigned char)
 .text._ZL16TWI_WaitByteSentP3Twim.constprop.3
                0x0000000000082264       0x2c /home/marvin/InMoov/skeletonControlArduino/build/libraries/Wire/Wire.cpp.o
 .text._ZL24TWI_WaitTransferCompleteP3Twim.constprop.4
                0x0000000000082290       0x2c /home/marvin/InMoov/skeletonControlArduino/build/libraries/Wire/Wire.cpp.o
 .text._ZL9Wire_Initv
                0x00000000000822bc       0x54 /home/marvin/InMoov/skeletonControlArduino/build/libraries/Wire/Wire.cpp.o
 .text._ZL12Wire1_Deinitv
                0x0000000000082310       0x18 /home/marvin/InMoov/skeletonControlArduino/build/libraries/Wire/Wire.cpp.o
 .text._ZL11Wire_Deinitv
                0x0000000000082328       0x18 /home/marvin/InMoov/skeletonControlArduino/build/libraries/Wire/Wire.cpp.o
 .text._ZL10Wire1_Initv
                0x0000000000082340       0x54 /home/marvin/InMoov/skeletonControlArduino/build/libraries/Wire/Wire.cpp.o
 .text._ZN7TwoWireC2EP3TwiPFvvES3_
                0x0000000000082394       0x48 /home/marvin/InMoov/skeletonControlArduino/build/libraries/Wire/Wire.cpp.o
                0x0000000000082394                TwoWire::TwoWire(Twi*, void (*)(), void (*)())
                0x0000000000082394                TwoWire::TwoWire(Twi*, void (*)(), void (*)())
 .text._ZN7TwoWire5beginEv
                0x00000000000823dc       0x30 /home/marvin/InMoov/skeletonControlArduino/build/libraries/Wire/Wire.cpp.o
                0x00000000000823dc                TwoWire::begin()
 .text._ZN7TwoWire8setClockEm
                0x000000000008240c       0x14 /home/marvin/InMoov/skeletonControlArduino/build/libraries/Wire/Wire.cpp.o
                0x000000000008240c                TwoWire::setClock(unsigned long)
 .text._ZN7TwoWire11requestFromEhhmhh
                0x0000000000082420       0x78 /home/marvin/InMoov/skeletonControlArduino/build/libraries/Wire/Wire.cpp.o
                0x0000000000082420                TwoWire::requestFrom(unsigned char, unsigned char, unsigned long, unsigned char, unsigned char)
 .text._ZN7TwoWire11requestFromEhhh
                0x0000000000082498       0x12 /home/marvin/InMoov/skeletonControlArduino/build/libraries/Wire/Wire.cpp.o
                0x0000000000082498                TwoWire::requestFrom(unsigned char, unsigned char, unsigned char)
 .text._ZN7TwoWire11requestFromEii
                0x00000000000824aa        0xa /home/marvin/InMoov/skeletonControlArduino/build/libraries/Wire/Wire.cpp.o
                0x00000000000824aa                TwoWire::requestFrom(int, int)
 .text._ZN7TwoWire17beginTransmissionEi
                0x00000000000824b4       0x12 /home/marvin/InMoov/skeletonControlArduino/build/libraries/Wire/Wire.cpp.o
                0x00000000000824b4                TwoWire::beginTransmission(int)
 .text._ZN7TwoWire15endTransmissionEh
                0x00000000000824c6       0x82 /home/marvin/InMoov/skeletonControlArduino/build/libraries/Wire/Wire.cpp.o
                0x00000000000824c6                TwoWire::endTransmission(unsigned char)
 .text._ZN7TwoWire15endTransmissionEv
                0x0000000000082548        0x6 /home/marvin/InMoov/skeletonControlArduino/build/libraries/Wire/Wire.cpp.o
                0x0000000000082548                TwoWire::endTransmission()
 .text._ZN7TwoWire9onServiceEv
                0x000000000008254e      0x118 /home/marvin/InMoov/skeletonControlArduino/build/libraries/Wire/Wire.cpp.o
                0x000000000008254e                TwoWire::onService()
 *fill*         0x0000000000082666        0x2 
 .text.TWI1_Handler
                0x0000000000082668        0xc /home/marvin/InMoov/skeletonControlArduino/build/libraries/Wire/Wire.cpp.o
                0x0000000000082668                TWI1_Handler
 .text.TWI0_Handler
                0x0000000000082674        0xc /home/marvin/InMoov/skeletonControlArduino/build/libraries/Wire/Wire.cpp.o
                0x0000000000082674                TWI0_Handler
 .text.startup._GLOBAL__sub_I__ZN7TwoWireC2EP3TwiPFvvES3_
                0x0000000000082680       0x40 /home/marvin/InMoov/skeletonControlArduino/build/libraries/Wire/Wire.cpp.o
 .text._Z11serialEventv
                0x00000000000826c0        0x2 /home/marvin/InMoov/skeletonControlArduino/build/core/variant.cpp.o
                0x00000000000826c0                serialEvent()
 *fill*         0x00000000000826c2        0x2 
 .text.UART_Handler
                0x00000000000826c4        0xc /home/marvin/InMoov/skeletonControlArduino/build/core/variant.cpp.o
                0x00000000000826c4                UART_Handler
 .text._Z12serialEvent1v
                0x00000000000826d0        0x2 /home/marvin/InMoov/skeletonControlArduino/build/core/variant.cpp.o
                0x00000000000826d0                serialEvent1()
 .text._Z12serialEvent2v
                0x00000000000826d2        0x2 /home/marvin/InMoov/skeletonControlArduino/build/core/variant.cpp.o
                0x00000000000826d2                serialEvent2()
 .text._Z12serialEvent3v
                0x00000000000826d4        0x2 /home/marvin/InMoov/skeletonControlArduino/build/core/variant.cpp.o
                0x00000000000826d4                serialEvent3()
 *fill*         0x00000000000826d6        0x2 
 .text.USART0_Handler
                0x00000000000826d8        0xc /home/marvin/InMoov/skeletonControlArduino/build/core/variant.cpp.o
                0x00000000000826d8                USART0_Handler
 .text.USART1_Handler
                0x00000000000826e4        0xc /home/marvin/InMoov/skeletonControlArduino/build/core/variant.cpp.o
                0x00000000000826e4                USART1_Handler
 .text.USART3_Handler
                0x00000000000826f0        0xc /home/marvin/InMoov/skeletonControlArduino/build/core/variant.cpp.o
                0x00000000000826f0                USART3_Handler
 .text.init     0x00000000000826fc      0x128 /home/marvin/InMoov/skeletonControlArduino/build/core/variant.cpp.o
                0x00000000000826fc                init
 .text.startup._GLOBAL__sub_I_g_APinDescription
                0x0000000000082824       0xd4 /home/marvin/InMoov/skeletonControlArduino/build/core/variant.cpp.o
 .text._Z14serialEventRunv
                0x00000000000828f8       0x44 /home/marvin/InMoov/skeletonControlArduino/build/core/variant.cpp.o
                0x00000000000828f8                serialEventRun()
 .text.PIO_PullUp
                0x000000000008293c        0xa /home/marvin/.arduino15/packages/arduino/hardware/sam/1.6.12/variants/arduino_due_x/libsam_sam3x8e_gcc_rel.a(pio.o)
                0x000000000008293c                PIO_PullUp
 .text.PIO_Get  0x0000000000082946       0x14 /home/marvin/.arduino15/packages/arduino/hardware/sam/1.6.12/variants/arduino_due_x/libsam_sam3x8e_gcc_rel.a(pio.o)
                0x0000000000082946                PIO_Get
 .text.PIO_SetPeripheral
                0x000000000008295a       0x26 /home/marvin/.arduino15/packages/arduino/hardware/sam/1.6.12/variants/arduino_due_x/libsam_sam3x8e_gcc_rel.a(pio.o)
                0x000000000008295a                PIO_SetPeripheral
 .text.PIO_SetInput
                0x0000000000082980       0x26 /home/marvin/.arduino15/packages/arduino/hardware/sam/1.6.12/variants/arduino_due_x/libsam_sam3x8e_gcc_rel.a(pio.o)
                0x0000000000082980                PIO_SetInput
 .text.PIO_SetOutput
                0x00000000000829a6       0x24 /home/marvin/.arduino15/packages/arduino/hardware/sam/1.6.12/variants/arduino_due_x/libsam_sam3x8e_gcc_rel.a(pio.o)
                0x00000000000829a6                PIO_SetOutput
 *fill*         0x00000000000829ca        0x2 
 .text.PIO_Configure
                0x00000000000829cc       0x64 /home/marvin/.arduino15/packages/arduino/hardware/sam/1.6.12/variants/arduino_due_x/libsam_sam3x8e_gcc_rel.a(pio.o)
                0x00000000000829cc                PIO_Configure
 .text.PIO_GetOutputDataStatus
                0x0000000000082a30       0x14 /home/marvin/.arduino15/packages/arduino/hardware/sam/1.6.12/variants/arduino_due_x/libsam_sam3x8e_gcc_rel.a(pio.o)
                0x0000000000082a30                PIO_GetOutputDataStatus
 .text.pmc_enable_upll_clock
                0x0000000000082a44       0x14 /home/marvin/.arduino15/packages/arduino/hardware/sam/1.6.12/variants/arduino_due_x/libsam_sam3x8e_gcc_rel.a(pmc.o)
                0x0000000000082a44                pmc_enable_upll_clock
 .text.pmc_enable_periph_clk
                0x0000000000082a58       0x44 /home/marvin/.arduino15/packages/arduino/hardware/sam/1.6.12/variants/arduino_due_x/libsam_sam3x8e_gcc_rel.a(pmc.o)
                0x0000000000082a58                pmc_enable_periph_clk
 .text.pmc_disable_periph_clk
                0x0000000000082a9c       0x40 /home/marvin/.arduino15/packages/arduino/hardware/sam/1.6.12/variants/arduino_due_x/libsam_sam3x8e_gcc_rel.a(pmc.o)
                0x0000000000082a9c                pmc_disable_periph_clk
 .text.pmc_switch_udpck_to_upllck
                0x0000000000082adc       0x14 /home/marvin/.arduino15/packages/arduino/hardware/sam/1.6.12/variants/arduino_due_x/libsam_sam3x8e_gcc_rel.a(pmc.o)
                0x0000000000082adc                pmc_switch_udpck_to_upllck
 .text.pmc_enable_udpck
                0x0000000000082af0        0xc /home/marvin/.arduino15/packages/arduino/hardware/sam/1.6.12/variants/arduino_due_x/libsam_sam3x8e_gcc_rel.a(pmc.o)
                0x0000000000082af0                pmc_enable_udpck
 .text.TC_Configure
                0x0000000000082afc       0x38 /home/marvin/.arduino15/packages/arduino/hardware/sam/1.6.12/variants/arduino_due_x/libsam_sam3x8e_gcc_rel.a(tc.o)
                0x0000000000082afc                TC_Configure
 .text.TC_Start
                0x0000000000082b34       0x2c /home/marvin/.arduino15/packages/arduino/hardware/sam/1.6.12/variants/arduino_due_x/libsam_sam3x8e_gcc_rel.a(tc.o)
                0x0000000000082b34                TC_Start
 .text.TC_Stop  0x0000000000082b60       0x2c /home/marvin/.arduino15/packages/arduino/hardware/sam/1.6.12/variants/arduino_due_x/libsam_sam3x8e_gcc_rel.a(tc.o)
                0x0000000000082b60                TC_Stop
 .text.TC_SetRA
                0x0000000000082b8c        0x8 /home/marvin/.arduino15/packages/arduino/hardware/sam/1.6.12/variants/arduino_due_x/libsam_sam3x8e_gcc_rel.a(tc.o)
                0x0000000000082b8c                TC_SetRA
 .text.TWI_SetClock
                0x0000000000082b94       0x58 /home/marvin/.arduino15/packages/arduino/hardware/sam/1.6.12/variants/arduino_due_x/libsam_sam3x8e_gcc_rel.a(twi.o)
                0x0000000000082b94                TWI_SetClock
 .text.TWI_Disable
                0x0000000000082bec       0x2c /home/marvin/.arduino15/packages/arduino/hardware/sam/1.6.12/variants/arduino_due_x/libsam_sam3x8e_gcc_rel.a(twi.o)
                0x0000000000082bec                TWI_Disable
 .text.TWI_ConfigureMaster
                0x0000000000082c18       0x48 /home/marvin/.arduino15/packages/arduino/hardware/sam/1.6.12/variants/arduino_due_x/libsam_sam3x8e_gcc_rel.a(twi.o)
                0x0000000000082c18                TWI_ConfigureMaster
 .text.TWI_Stop
                0x0000000000082c60       0x28 /home/marvin/.arduino15/packages/arduino/hardware/sam/1.6.12/variants/arduino_due_x/libsam_sam3x8e_gcc_rel.a(twi.o)
                0x0000000000082c60                TWI_Stop
 .text.TWI_StartRead
                0x0000000000082c88       0x70 /home/marvin/.arduino15/packages/arduino/hardware/sam/1.6.12/variants/arduino_due_x/libsam_sam3x8e_gcc_rel.a(twi.o)
                0x0000000000082c88                TWI_StartRead
 .text.TWI_ReadByte
                0x0000000000082cf8       0x28 /home/marvin/.arduino15/packages/arduino/hardware/sam/1.6.12/variants/arduino_due_x/libsam_sam3x8e_gcc_rel.a(twi.o)
                0x0000000000082cf8                TWI_ReadByte
 .text.TWI_WriteByte
                0x0000000000082d20       0x24 /home/marvin/.arduino15/packages/arduino/hardware/sam/1.6.12/variants/arduino_due_x/libsam_sam3x8e_gcc_rel.a(twi.o)
                0x0000000000082d20                TWI_WriteByte
 .text.TWI_StartWrite
                0x0000000000082d44       0x7c /home/marvin/.arduino15/packages/arduino/hardware/sam/1.6.12/variants/arduino_due_x/libsam_sam3x8e_gcc_rel.a(twi.o)
                0x0000000000082d44                TWI_StartWrite
 .text.TWI_EnableIt
                0x0000000000082dc0       0x40 /home/marvin/.arduino15/packages/arduino/hardware/sam/1.6.12/variants/arduino_due_x/libsam_sam3x8e_gcc_rel.a(twi.o)
                0x0000000000082dc0                TWI_EnableIt
 .text.TWI_DisableIt
                0x0000000000082e00       0x40 /home/marvin/.arduino15/packages/arduino/hardware/sam/1.6.12/variants/arduino_due_x/libsam_sam3x8e_gcc_rel.a(twi.o)
                0x0000000000082e00                TWI_DisableIt
 .text.TWI_GetStatus
                0x0000000000082e40       0x28 /home/marvin/.arduino15/packages/arduino/hardware/sam/1.6.12/variants/arduino_due_x/libsam_sam3x8e_gcc_rel.a(twi.o)
                0x0000000000082e40                TWI_GetStatus
 .text.TWI_SendSTOPCondition
                0x0000000000082e68       0x2c /home/marvin/.arduino15/packages/arduino/hardware/sam/1.6.12/variants/arduino_due_x/libsam_sam3x8e_gcc_rel.a(twi.o)
                0x0000000000082e68                TWI_SendSTOPCondition
 .text.SystemInit
                0x0000000000082e94       0x88 /home/marvin/.arduino15/packages/arduino/hardware/sam/1.6.12/variants/arduino_due_x/libsam_sam3x8e_gcc_rel.a(system_sam3xa.o)
                0x0000000000082e94                SystemInit
 .text.Reset_Handler
                0x0000000000082f1c       0x78 /home/marvin/.arduino15/packages/arduino/hardware/sam/1.6.12/variants/arduino_due_x/libsam_sam3x8e_gcc_rel.a(startup_sam3xa.o)
                0x0000000000082f1c                Reset_Handler
 .text.adc_init
                0x0000000000082f94       0x98 /home/marvin/.arduino15/packages/arduino/hardware/sam/1.6.12/variants/arduino_due_x/libsam_sam3x8e_gcc_rel.a(adc.o)
                0x0000000000082f94                adc_init
 .text.adc_configure_trigger
                0x000000000008302c        0xe /home/marvin/.arduino15/packages/arduino/hardware/sam/1.6.12/variants/arduino_due_x/libsam_sam3x8e_gcc_rel.a(adc.o)
                0x000000000008302c                adc_configure_trigger
 .text.adc_configure_timing
                0x000000000008303a       0x1a /home/marvin/.arduino15/packages/arduino/hardware/sam/1.6.12/variants/arduino_due_x/libsam_sam3x8e_gcc_rel.a(adc.o)
                0x000000000008303a                adc_configure_timing
 .text.adc_disable_channel
                0x0000000000083054        0xa /home/marvin/.arduino15/packages/arduino/hardware/sam/1.6.12/variants/arduino_due_x/libsam_sam3x8e_gcc_rel.a(adc.o)
                0x0000000000083054                adc_disable_channel
 .text.adc_disable_all_channel
                0x000000000008305e        0x8 /home/marvin/.arduino15/packages/arduino/hardware/sam/1.6.12/variants/arduino_due_x/libsam_sam3x8e_gcc_rel.a(adc.o)
                0x000000000008305e                adc_disable_all_channel
 .text.adc_disable_interrupt
                0x0000000000083066        0x4 /home/marvin/.arduino15/packages/arduino/hardware/sam/1.6.12/variants/arduino_due_x/libsam_sam3x8e_gcc_rel.a(adc.o)
                0x0000000000083066                adc_disable_interrupt
 *fill*         0x000000000008306a        0x2 
 .text.UOTGHS_Handler
                0x000000000008306c       0x10 /home/marvin/.arduino15/packages/arduino/hardware/sam/1.6.12/variants/arduino_due_x/libsam_sam3x8e_gcc_rel.a(uotghs.o)
                0x000000000008306c                UOTGHS_Handler
 .text.PIOA_Handler
                0x000000000008307c       0x38 /home/marvin/InMoov/skeletonControlArduino/build/core/core.a(WInterrupts.c.o)
                0x000000000008307c                PIOA_Handler
 .text.PIOB_Handler
                0x00000000000830b4       0x38 /home/marvin/InMoov/skeletonControlArduino/build/core/core.a(WInterrupts.c.o)
                0x00000000000830b4                PIOB_Handler
 .text.PIOC_Handler
                0x00000000000830ec       0x38 /home/marvin/InMoov/skeletonControlArduino/build/core/core.a(WInterrupts.c.o)
                0x00000000000830ec                PIOC_Handler
 .text.PIOD_Handler
                0x0000000000083124       0x38 /home/marvin/InMoov/skeletonControlArduino/build/core/core.a(WInterrupts.c.o)
                0x0000000000083124                PIOD_Handler
 .text.__halt   0x000000000008315c        0x2 /home/marvin/InMoov/skeletonControlArduino/build/core/core.a(cortex_handlers.c.o)
                0x000000000008315c                DACC_Handler
                0x000000000008315c                DebugMon_Handler
                0x000000000008315c                DMAC_Handler
                0x000000000008315c                TRNG_Handler
                0x000000000008315c                HardFault_Handler
                0x000000000008315c                NMI_Handler
                0x000000000008315c                TC7_Handler
                0x000000000008315c                ADC_Handler
                0x000000000008315c                SMC_Handler
                0x000000000008315c                RTT_Handler
                0x000000000008315c                EFC1_Handler
                0x000000000008315c                RTC_Handler
                0x000000000008315c                UsageFault_Handler
                0x000000000008315c                TC6_Handler
                0x000000000008315c                WDT_Handler
                0x000000000008315c                CAN0_Handler
                0x000000000008315c                TC1_Handler
                0x000000000008315c                HSMCI_Handler
                0x000000000008315c                SSC_Handler
                0x000000000008315c                EFC0_Handler
                0x000000000008315c                PMC_Handler
                0x000000000008315c                PWM_Handler
                0x000000000008315c                CAN1_Handler
                0x000000000008315c                MemManage_Handler
                0x000000000008315c                SUPC_Handler
                0x000000000008315c                TC8_Handler
                0x000000000008315c                USART2_Handler
                0x000000000008315c                EMAC_Handler
                0x000000000008315c                BusFault_Handler
                0x000000000008315c                RSTC_Handler
                0x000000000008315c                SPI0_Handler
 .text.SVC_Handler
                0x000000000008315e        0x4 /home/marvin/InMoov/skeletonControlArduino/build/core/core.a(cortex_handlers.c.o)
                0x000000000008315e                SVC_Handler
 .text.PendSV_Handler
                0x0000000000083162        0x4 /home/marvin/InMoov/skeletonControlArduino/build/core/core.a(cortex_handlers.c.o)
                0x0000000000083162                PendSV_Handler
 .text.SysTick_Handler
                0x0000000000083166       0x16 /home/marvin/InMoov/skeletonControlArduino/build/core/core.a(cortex_handlers.c.o)
                0x0000000000083166                SysTick_Handler
 .text.__empty  0x000000000008317c        0x2 /home/marvin/InMoov/skeletonControlArduino/build/core/core.a(hooks.c.o)
                0x000000000008317c                yield
 .text.__false  0x000000000008317e        0x4 /home/marvin/InMoov/skeletonControlArduino/build/core/core.a(hooks.c.o)
                0x000000000008317e                sysTickHook
 .text.__halt   0x0000000000083182        0x2 /home/marvin/InMoov/skeletonControlArduino/build/core/core.a(hooks.c.o)
                0x0000000000083182                pendSVHook
                0x0000000000083182                svcHook
 .text._sbrk    0x0000000000083184       0x1c /home/marvin/InMoov/skeletonControlArduino/build/core/core.a(syscalls_sam3.c.o)
                0x0000000000083184                _sbrk
 .text.link     0x00000000000831a0        0x6 /home/marvin/InMoov/skeletonControlArduino/build/core/core.a(syscalls_sam3.c.o)
                0x00000000000831a0                link
 .text._close   0x00000000000831a6        0x6 /home/marvin/InMoov/skeletonControlArduino/build/core/core.a(syscalls_sam3.c.o)
                0x00000000000831a6                _close
 .text._fstat   0x00000000000831ac        0xa /home/marvin/InMoov/skeletonControlArduino/build/core/core.a(syscalls_sam3.c.o)
                0x00000000000831ac                _fstat
 .text._isatty  0x00000000000831b6        0x4 /home/marvin/InMoov/skeletonControlArduino/build/core/core.a(syscalls_sam3.c.o)
                0x00000000000831b6                _isatty
 .text._lseek   0x00000000000831ba        0x4 /home/marvin/InMoov/skeletonControlArduino/build/core/core.a(syscalls_sam3.c.o)
                0x00000000000831ba                _lseek
 .text._read    0x00000000000831be        0x4 /home/marvin/InMoov/skeletonControlArduino/build/core/core.a(syscalls_sam3.c.o)
                0x00000000000831be                _read
 *fill*         0x00000000000831c2        0x2 
 .text._write   0x00000000000831c4       0x24 /home/marvin/InMoov/skeletonControlArduino/build/core/core.a(syscalls_sam3.c.o)
                0x00000000000831c4                _write
 .text._exit    0x00000000000831e8        0x2 /home/marvin/InMoov/skeletonControlArduino/build/core/core.a(syscalls_sam3.c.o)
                0x00000000000831e8                _exit
 .text._kill    0x00000000000831ea        0x2 /home/marvin/InMoov/skeletonControlArduino/build/core/core.a(syscalls_sam3.c.o)
                0x00000000000831ea                _kill
 .text._getpid  0x00000000000831ec        0x6 /home/marvin/InMoov/skeletonControlArduino/build/core/core.a(syscalls_sam3.c.o)
                0x00000000000831ec                _getpid
 .text.millis   0x00000000000831f2        0x4 /home/marvin/InMoov/skeletonControlArduino/build/core/core.a(wiring.c.o)
                0x00000000000831f2                millis
 .text.delay    0x00000000000831f6       0x1c /home/marvin/InMoov/skeletonControlArduino/build/core/core.a(wiring.c.o)
                0x00000000000831f6                delay
 .text.analogOutputInit
                0x0000000000083212        0x2 /home/marvin/InMoov/skeletonControlArduino/build/core/core.a(wiring_analog.c.o)
                0x0000000000083212                analogOutputInit
 .text.pinMode  0x0000000000083214      0x108 /home/marvin/InMoov/skeletonControlArduino/build/core/core.a(wiring_digital.c.o)
                0x0000000000083214                pinMode
 .text.digitalWrite
                0x000000000008331c       0x70 /home/marvin/InMoov/skeletonControlArduino/build/core/core.a(wiring_digital.c.o)
                0x000000000008331c                digitalWrite
 .text.digitalRead
                0x000000000008338c       0x44 /home/marvin/InMoov/skeletonControlArduino/build/core/core.a(wiring_digital.c.o)
                0x000000000008338c                digitalRead
 .text._ZN5Print5writeEPKhj
                0x00000000000833d0       0x22 /home/marvin/InMoov/skeletonControlArduino/build/core/core.a(Print.cpp.o)
                0x00000000000833d0                Print::write(unsigned char const*, unsigned int)
 .text._ZN5Print5printEmi.part.3
                0x00000000000833f2        0xc /home/marvin/InMoov/skeletonControlArduino/build/core/core.a(Print.cpp.o)
 .text._ZN5Print5writeEPKc
                0x00000000000833fe       0x1e /home/marvin/InMoov/skeletonControlArduino/build/core/core.a(Print.cpp.o)
                0x00000000000833fe                Print::write(char const*)
 .text._ZN5Print5printEPKc
                0x000000000008341c        0x8 /home/marvin/InMoov/skeletonControlArduino/build/core/core.a(Print.cpp.o)
                0x000000000008341c                Print::print(char const*)
 .text._ZN5Print5printEc
                0x0000000000083424        0xa /home/marvin/InMoov/skeletonControlArduino/build/core/core.a(Print.cpp.o)
                0x0000000000083424                Print::print(char)
 *fill*         0x000000000008342e        0x2 
 .text._ZN5Print7printlnEv
                0x0000000000083430       0x10 /home/marvin/InMoov/skeletonControlArduino/build/core/core.a(Print.cpp.o)
                0x0000000000083430                Print::println()
 .text._ZN5Print7printlnEPKc
                0x0000000000083440       0x14 /home/marvin/InMoov/skeletonControlArduino/build/core/core.a(Print.cpp.o)
                0x0000000000083440                Print::println(char const*)
 .text._ZN5Print11printNumberEmh
                0x0000000000083454       0x3e /home/marvin/InMoov/skeletonControlArduino/build/core/core.a(Print.cpp.o)
                0x0000000000083454                Print::printNumber(unsigned long, unsigned char)
 .text._ZN5Print5printEli
                0x0000000000083492       0x3c /home/marvin/InMoov/skeletonControlArduino/build/core/core.a(Print.cpp.o)
                0x0000000000083492                Print::print(long, int)
 .text._ZN5Print5printEii
                0x00000000000834ce        0x4 /home/marvin/InMoov/skeletonControlArduino/build/core/core.a(Print.cpp.o)
                0x00000000000834ce                Print::print(int, int)
 .text._ZN5Print7printlnEii
                0x00000000000834d2       0x14 /home/marvin/InMoov/skeletonControlArduino/build/core/core.a(Print.cpp.o)
                0x00000000000834d2                Print::println(int, int)
 .text._ZN5Print5printEmi
                0x00000000000834e6        0xc /home/marvin/InMoov/skeletonControlArduino/build/core/core.a(Print.cpp.o)
                0x00000000000834e6                Print::print(unsigned long, int)
 .text._ZN5Print5printEhi
                0x00000000000834f2        0x4 /home/marvin/InMoov/skeletonControlArduino/build/core/core.a(Print.cpp.o)
                0x00000000000834f2                Print::print(unsigned char, int)
 *fill*         0x00000000000834f6        0x2 
 .text._ZN5Print10printFloatEdh
                0x00000000000834f8      0x148 /home/marvin/InMoov/skeletonControlArduino/build/core/core.a(Print.cpp.o)
                0x00000000000834f8                Print::printFloat(double, unsigned char)
 .text._ZN5Print5printEdi
                0x0000000000083640        0xa /home/marvin/InMoov/skeletonControlArduino/build/core/core.a(Print.cpp.o)
                0x0000000000083640                Print::print(double, int)
 *fill*         0x000000000008364a        0x2 
 .text.initiateReset
                0x000000000008364c        0xc /home/marvin/InMoov/skeletonControlArduino/build/core/core.a(Reset.cpp.o)
                0x000000000008364c                initiateReset
 .text.cancelReset
                0x0000000000083658       0x10 /home/marvin/InMoov/skeletonControlArduino/build/core/core.a(Reset.cpp.o)
                0x0000000000083658                cancelReset
 .text.tickReset
                0x0000000000083668       0x20 /home/marvin/InMoov/skeletonControlArduino/build/core/core.a(Reset.cpp.o)
                0x0000000000083668                tickReset
 .text._ZN10RingBufferC2Ev
                0x0000000000083688       0x1a /home/marvin/InMoov/skeletonControlArduino/build/core/core.a(RingBuffer.cpp.o)
                0x0000000000083688                RingBuffer::RingBuffer()
                0x0000000000083688                RingBuffer::RingBuffer()
 .text._ZN10RingBuffer10store_charEh
                0x00000000000836a2       0x1e /home/marvin/InMoov/skeletonControlArduino/build/core/core.a(RingBuffer.cpp.o)
                0x00000000000836a2                RingBuffer::store_char(unsigned char)
 .text._ZN9UARTClasscvbEv
                0x00000000000836c0        0x4 /home/marvin/InMoov/skeletonControlArduino/build/core/core.a(UARTClass.cpp.o)
                0x00000000000836c0                UARTClass::operator bool()
 .text._ZN9UARTClass9availableEv
                0x00000000000836c4       0x12 /home/marvin/InMoov/skeletonControlArduino/build/core/core.a(UARTClass.cpp.o)
                0x00000000000836c4                UARTClass::available()
 .text._ZN9UARTClass4peekEv
                0x00000000000836d6       0x1c /home/marvin/InMoov/skeletonControlArduino/build/core/core.a(UARTClass.cpp.o)
                0x00000000000836d6                UARTClass::peek()
 .text._ZN9UARTClass4readEv
                0x00000000000836f2       0x2a /home/marvin/InMoov/skeletonControlArduino/build/core/core.a(UARTClass.cpp.o)
                0x00000000000836f2                UARTClass::read()
 .text._ZN9UARTClass5flushEv
                0x000000000008371c       0x18 /home/marvin/InMoov/skeletonControlArduino/build/core/core.a(UARTClass.cpp.o)
                0x000000000008371c                UARTClass::flush()
 .text._ZN9UARTClass5writeEh
                0x0000000000083734       0x54 /home/marvin/InMoov/skeletonControlArduino/build/core/core.a(UARTClass.cpp.o)
                0x0000000000083734                UARTClass::write(unsigned char)
 .text._ZN9UARTClass3endEv
                0x0000000000083788       0x3c /home/marvin/InMoov/skeletonControlArduino/build/core/core.a(UARTClass.cpp.o)
                0x0000000000083788                UARTClass::end()
 .text._ZN9UARTClassC2EP4Uart4IRQnmP10RingBufferS4_
                0x00000000000837c4       0x24 /home/marvin/InMoov/skeletonControlArduino/build/core/core.a(UARTClass.cpp.o)
                0x00000000000837c4                UARTClass::UARTClass(Uart*, IRQn, unsigned long, RingBuffer*, RingBuffer*)
                0x00000000000837c4                UARTClass::UARTClass(Uart*, IRQn, unsigned long, RingBuffer*, RingBuffer*)
 .text._ZN9UARTClass4initEmm
                0x00000000000837e8       0x70 /home/marvin/InMoov/skeletonControlArduino/build/core/core.a(UARTClass.cpp.o)
                0x00000000000837e8                UARTClass::init(unsigned long, unsigned long)
 .text._ZN9UARTClass5beginEm
                0x0000000000083858        0x8 /home/marvin/InMoov/skeletonControlArduino/build/core/core.a(UARTClass.cpp.o)
                0x0000000000083858                UARTClass::begin(unsigned long)
 .text._ZN9UARTClass10IrqHandlerEv
                0x0000000000083860       0x5a /home/marvin/InMoov/skeletonControlArduino/build/core/core.a(UARTClass.cpp.o)
                0x0000000000083860                UARTClass::IrqHandler()
 .text._ZN10USARTClass5beginEm
                0x00000000000838ba        0x8 /home/marvin/InMoov/skeletonControlArduino/build/core/core.a(USARTClass.cpp.o)
                0x00000000000838ba                USARTClass::begin(unsigned long)
 *fill*         0x00000000000838c2        0x2 
 .text._ZN10USARTClassC2EP5Usart4IRQnmP10RingBufferS4_
                0x00000000000838c4       0x24 /home/marvin/InMoov/skeletonControlArduino/build/core/core.a(USARTClass.cpp.o)
                0x00000000000838c4                USARTClass::USARTClass(Usart*, IRQn, unsigned long, RingBuffer*, RingBuffer*)
                0x00000000000838c4                USARTClass::USARTClass(Usart*, IRQn, unsigned long, RingBuffer*, RingBuffer*)
 .text._Z3maplllll
                0x00000000000838e8       0x14 /home/marvin/InMoov/skeletonControlArduino/build/core/core.a(WMath.cpp.o)
                0x00000000000838e8                map(long, long, long, long, long)
 .text.initVariant
                0x00000000000838fc        0x2 /home/marvin/InMoov/skeletonControlArduino/build/core/core.a(main.cpp.o)
                0x00000000000838fc                initVariant
 *fill*         0x00000000000838fe        0x2 
 .text.startup.main
                0x0000000000083900       0x38 /home/marvin/InMoov/skeletonControlArduino/build/core/core.a(main.cpp.o)
                0x0000000000083900                main
 .text._watchdogDefaultSetup
                0x0000000000083938        0xc /home/marvin/InMoov/skeletonControlArduino/build/core/core.a(watchdog.cpp.o)
                0x0000000000083938                watchdogSetup()
                0x0000000000083938                _watchdogDefaultSetup
 .text.unlikely._ZL11USB_SendZlpv
                0x0000000000083944       0x20 /home/marvin/InMoov/skeletonControlArduino/build/core/core.a(USBCore.cpp.o)
 .text._Z14USBD_Availablem
                0x0000000000083964       0x2c /home/marvin/InMoov/skeletonControlArduino/build/core/core.a(USBCore.cpp.o)
                0x0000000000083964                USBD_Available(unsigned long)
 .text._Z9USBD_RecvmPvm
                0x0000000000083990       0x7c /home/marvin/InMoov/skeletonControlArduino/build/core/core.a(USBCore.cpp.o)
                0x0000000000083990                USBD_Recv(unsigned long, void*, unsigned long)
 .text._Z9USBD_Recvm
                0x0000000000083a0c       0x22 /home/marvin/InMoov/skeletonControlArduino/build/core/core.a(USBCore.cpp.o)
                0x0000000000083a0c                USBD_Recv(unsigned long)
 *fill*         0x0000000000083a2e        0x2 
 .text._Z9USBD_SendmPKvm
                0x0000000000083a30       0x4c /home/marvin/InMoov/skeletonControlArduino/build/core/core.a(USBCore.cpp.o)
                0x0000000000083a30                USBD_Send(unsigned long, void const*, unsigned long)
 .text._Z16USBD_SendControlhPKvm
                0x0000000000083a7c       0x40 /home/marvin/InMoov/skeletonControlArduino/build/core/core.a(USBCore.cpp.o)
                0x0000000000083a7c                USBD_SendControl(unsigned char, void const*, unsigned long)
 .text.unlikely._ZL24USB_SendStringDescriptorPKhi
                0x0000000000083abc       0x64 /home/marvin/InMoov/skeletonControlArduino/build/core/core.a(USBCore.cpp.o)
 .text._Z16USBD_RecvControlPvm
                0x0000000000083b20       0x1c /home/marvin/InMoov/skeletonControlArduino/build/core/core.a(USBCore.cpp.o)
                0x0000000000083b20                USBD_RecvControl(void*, unsigned long)
 .text._Z26USBD_ClassInterfaceRequestR8USBSetup
                0x0000000000083b3c       0x1e /home/marvin/InMoov/skeletonControlArduino/build/core/core.a(USBCore.cpp.o)
                0x0000000000083b3c                USBD_ClassInterfaceRequest(USBSetup&)
 .text._Z19USBD_SendInterfacesv
                0x0000000000083b5a       0x22 /home/marvin/InMoov/skeletonControlArduino/build/core/core.a(USBCore.cpp.o)
                0x0000000000083b5a                USBD_SendInterfaces()
 .text._Z24USBD_SendOtherInterfacesv
                0x0000000000083b7c       0x22 /home/marvin/InMoov/skeletonControlArduino/build/core/core.a(USBCore.cpp.o)
                0x0000000000083b7c                USBD_SendOtherInterfaces()
 .text._Z10USBD_Flushm
                0x0000000000083b9e       0x16 /home/marvin/InMoov/skeletonControlArduino/build/core/core.a(USBCore.cpp.o)
                0x0000000000083b9e                USBD_Flush(unsigned long)
 .text._ZN10USBDevice_C2Ev
                0x0000000000083bb4       0x24 /home/marvin/InMoov/skeletonControlArduino/build/core/core.a(USBCore.cpp.o)
                0x0000000000083bb4                USBDevice_::USBDevice_()
                0x0000000000083bb4                USBDevice_::USBDevice_()
 .text._ZN10USBDevice_6attachEv
                0x0000000000083bd8       0x20 /home/marvin/InMoov/skeletonControlArduino/build/core/core.a(USBCore.cpp.o)
                0x0000000000083bd8                USBDevice_::attach()
 .text.startup._GLOBAL__sub_I_EndPoints
                0x0000000000083bf8        0xc /home/marvin/InMoov/skeletonControlArduino/build/core/core.a(USBCore.cpp.o)
 .text._ZL7USB_ISRv
                0x0000000000083c04      0x454 /home/marvin/InMoov/skeletonControlArduino/build/core/core.a(USBCore.cpp.o)
 .text._ZN7Serial_9availableEv
                0x0000000000084058       0x18 /home/marvin/InMoov/skeletonControlArduino/build/core/core.a(CDC.cpp.o)
                0x0000000000084058                Serial_::available()
 .text._ZN7Serial_17availableForWriteEv
                0x0000000000084070        0x6 /home/marvin/InMoov/skeletonControlArduino/build/core/core.a(CDC.cpp.o)
                0x0000000000084070                Serial_::availableForWrite()
 *fill*         0x0000000000084076        0x2 
 .text._ZN7Serial_4peekEv
                0x0000000000084078       0x20 /home/marvin/InMoov/skeletonControlArduino/build/core/core.a(CDC.cpp.o)
                0x0000000000084078                Serial_::peek()
 .text._ZN7Serial_5writeEh
                0x0000000000084098       0x16 /home/marvin/InMoov/skeletonControlArduino/build/core/core.a(CDC.cpp.o)
                0x0000000000084098                Serial_::write(unsigned char)
 *fill*         0x00000000000840ae        0x2 
 .text._ZN7Serial_4readEv
                0x00000000000840b0       0x44 /home/marvin/InMoov/skeletonControlArduino/build/core/core.a(CDC.cpp.o)
                0x00000000000840b0                Serial_::read()
 .text._ZN7Serial_5flushEv
                0x00000000000840f4        0x6 /home/marvin/InMoov/skeletonControlArduino/build/core/core.a(CDC.cpp.o)
                0x00000000000840f4                Serial_::flush()
 *fill*         0x00000000000840fa        0x2 
 .text._ZN7Serial_6acceptEv
                0x00000000000840fc       0x70 /home/marvin/InMoov/skeletonControlArduino/build/core/core.a(CDC.cpp.o)
                0x00000000000840fc                Serial_::accept()
 .text._ZN7Serial_5writeEPKhj
                0x000000000008416c       0x2c /home/marvin/InMoov/skeletonControlArduino/build/core/core.a(CDC.cpp.o)
                0x000000000008416c                Serial_::write(unsigned char const*, unsigned int)
 .text._Z16CDC_GetInterfacePh
                0x0000000000084198       0x14 /home/marvin/InMoov/skeletonControlArduino/build/core/core.a(CDC.cpp.o)
                0x0000000000084198                CDC_GetInterface(unsigned char*)
 .text._Z21CDC_GetOtherInterfacePh
                0x00000000000841ac       0x14 /home/marvin/InMoov/skeletonControlArduino/build/core/core.a(CDC.cpp.o)
                0x00000000000841ac                CDC_GetOtherInterface(unsigned char*)
 .text._Z9CDC_SetupR8USBSetup
                0x00000000000841c0       0x78 /home/marvin/InMoov/skeletonControlArduino/build/core/core.a(CDC.cpp.o)
                0x00000000000841c0                CDC_Setup(USBSetup&)
 .text.startup._GLOBAL__sub_I_cdc_rx_buffer
                0x0000000000084238       0x1c /home/marvin/InMoov/skeletonControlArduino/build/core/core.a(CDC.cpp.o)
 .text._ZN13PluggableUSB_12getInterfaceEPh
                0x0000000000084254       0x28 /home/marvin/InMoov/skeletonControlArduino/build/core/core.a(PluggableUSB.cpp.o)
                0x0000000000084254                PluggableUSB_::getInterface(unsigned char*)
 .text._ZN13PluggableUSB_13getDescriptorER8USBSetup
                0x000000000008427c       0x1c /home/marvin/InMoov/skeletonControlArduino/build/core/core.a(PluggableUSB.cpp.o)
                0x000000000008427c                PluggableUSB_::getDescriptor(USBSetup&)
 .text._ZN13PluggableUSB_12getShortNameEPc
                0x0000000000084298       0x1c /home/marvin/InMoov/skeletonControlArduino/build/core/core.a(PluggableUSB.cpp.o)
                0x0000000000084298                PluggableUSB_::getShortName(char*)
 .text._ZN13PluggableUSB_5setupER8USBSetup
                0x00000000000842b4       0x20 /home/marvin/InMoov/skeletonControlArduino/build/core/core.a(PluggableUSB.cpp.o)
                0x00000000000842b4                PluggableUSB_::setup(USBSetup&)
 .text._Z12PluggableUSBv
                0x00000000000842d4       0x28 /home/marvin/InMoov/skeletonControlArduino/build/core/core.a(PluggableUSB.cpp.o)
                0x00000000000842d4                PluggableUSB()
 .text.TimeTick_Increment
                0x00000000000842fc       0x10 /home/marvin/.arduino15/packages/arduino/hardware/sam/1.6.12/variants/arduino_due_x/libsam_sam3x8e_gcc_rel.a(timetick.o)
                0x00000000000842fc                TimeTick_Increment
 .text.GetTickCount
                0x000000000008430c        0xc /home/marvin/.arduino15/packages/arduino/hardware/sam/1.6.12/variants/arduino_due_x/libsam_sam3x8e_gcc_rel.a(timetick.o)
                0x000000000008430c                GetTickCount
 .text.WDT_Disable
                0x0000000000084318        0x8 /home/marvin/.arduino15/packages/arduino/hardware/sam/1.6.12/variants/arduino_due_x/libsam_sam3x8e_gcc_rel.a(wdt.o)
                0x0000000000084318                WDT_Disable
 .text.UDD_SetStack
                0x0000000000084320        0xc /home/marvin/.arduino15/packages/arduino/hardware/sam/1.6.12/variants/arduino_due_x/libsam_sam3x8e_gcc_rel.a(uotghs_device.o)
                0x0000000000084320                UDD_SetStack
 .text.UDD_Init
                0x000000000008432c       0xd0 /home/marvin/.arduino15/packages/arduino/hardware/sam/1.6.12/variants/arduino_due_x/libsam_sam3x8e_gcc_rel.a(uotghs_device.o)
                0x000000000008432c                UDD_Init
 .text.UDD_Attach
                0x00000000000843fc       0x50 /home/marvin/.arduino15/packages/arduino/hardware/sam/1.6.12/variants/arduino_due_x/libsam_sam3x8e_gcc_rel.a(uotghs_device.o)
                0x00000000000843fc                UDD_Attach
 .text.UDD_InitEP
                0x000000000008444c       0x2c /home/marvin/.arduino15/packages/arduino/hardware/sam/1.6.12/variants/arduino_due_x/libsam_sam3x8e_gcc_rel.a(uotghs_device.o)
                0x000000000008444c                UDD_InitEP
 .text.UDD_InitEndpoints
                0x0000000000084478       0x3c /home/marvin/.arduino15/packages/arduino/hardware/sam/1.6.12/variants/arduino_due_x/libsam_sam3x8e_gcc_rel.a(uotghs_device.o)
                0x0000000000084478                UDD_InitEndpoints
 .text.UDD_WaitIN
                0x00000000000844b4       0x10 /home/marvin/.arduino15/packages/arduino/hardware/sam/1.6.12/variants/arduino_due_x/libsam_sam3x8e_gcc_rel.a(uotghs_device.o)
                0x00000000000844b4                UDD_WaitIN
 .text.UDD_WaitOUT
                0x00000000000844c4       0x10 /home/marvin/.arduino15/packages/arduino/hardware/sam/1.6.12/variants/arduino_due_x/libsam_sam3x8e_gcc_rel.a(uotghs_device.o)
                0x00000000000844c4                UDD_WaitOUT
 .text.UDD_ClearIN
                0x00000000000844d4       0x18 /home/marvin/.arduino15/packages/arduino/hardware/sam/1.6.12/variants/arduino_due_x/libsam_sam3x8e_gcc_rel.a(uotghs_device.o)
                0x00000000000844d4                UDD_ClearIN
 .text.UDD_ClearOUT
                0x00000000000844ec       0x18 /home/marvin/.arduino15/packages/arduino/hardware/sam/1.6.12/variants/arduino_due_x/libsam_sam3x8e_gcc_rel.a(uotghs_device.o)
                0x00000000000844ec                UDD_ClearOUT
 .text.UDD_ReceivedSetupInt
                0x0000000000084504       0x10 /home/marvin/.arduino15/packages/arduino/hardware/sam/1.6.12/variants/arduino_due_x/libsam_sam3x8e_gcc_rel.a(uotghs_device.o)
                0x0000000000084504                UDD_ReceivedSetupInt
 .text.UDD_ClearSetupInt
                0x0000000000084514       0x10 /home/marvin/.arduino15/packages/arduino/hardware/sam/1.6.12/variants/arduino_due_x/libsam_sam3x8e_gcc_rel.a(uotghs_device.o)
                0x0000000000084514                UDD_ClearSetupInt
 .text.UDD_Send
                0x0000000000084524       0x88 /home/marvin/.arduino15/packages/arduino/hardware/sam/1.6.12/variants/arduino_due_x/libsam_sam3x8e_gcc_rel.a(uotghs_device.o)
                0x0000000000084524                UDD_Send
 .text.UDD_Send8
                0x00000000000845ac       0x24 /home/marvin/.arduino15/packages/arduino/hardware/sam/1.6.12/variants/arduino_due_x/libsam_sam3x8e_gcc_rel.a(uotghs_device.o)
                0x00000000000845ac                UDD_Send8
 .text.UDD_Recv8
                0x00000000000845d0       0x28 /home/marvin/.arduino15/packages/arduino/hardware/sam/1.6.12/variants/arduino_due_x/libsam_sam3x8e_gcc_rel.a(uotghs_device.o)
                0x00000000000845d0                UDD_Recv8
 .text.UDD_Recv
                0x00000000000845f8       0x34 /home/marvin/.arduino15/packages/arduino/hardware/sam/1.6.12/variants/arduino_due_x/libsam_sam3x8e_gcc_rel.a(uotghs_device.o)
                0x00000000000845f8                UDD_Recv
 .text.UDD_Stall
                0x000000000008462c       0x14 /home/marvin/.arduino15/packages/arduino/hardware/sam/1.6.12/variants/arduino_due_x/libsam_sam3x8e_gcc_rel.a(uotghs_device.o)
                0x000000000008462c                UDD_Stall
 .text.UDD_FifoByteCount
                0x0000000000084640       0x14 /home/marvin/.arduino15/packages/arduino/hardware/sam/1.6.12/variants/arduino_due_x/libsam_sam3x8e_gcc_rel.a(uotghs_device.o)
                0x0000000000084640                UDD_FifoByteCount
 .text.UDD_ReleaseRX
                0x0000000000084654       0x28 /home/marvin/.arduino15/packages/arduino/hardware/sam/1.6.12/variants/arduino_due_x/libsam_sam3x8e_gcc_rel.a(uotghs_device.o)
                0x0000000000084654                UDD_ReleaseRX
 .text.UDD_ReleaseTX
                0x000000000008467c       0x28 /home/marvin/.arduino15/packages/arduino/hardware/sam/1.6.12/variants/arduino_due_x/libsam_sam3x8e_gcc_rel.a(uotghs_device.o)
                0x000000000008467c                UDD_ReleaseTX
 .text.UDD_SetAddress
                0x00000000000846a4       0x20 /home/marvin/.arduino15/packages/arduino/hardware/sam/1.6.12/variants/arduino_due_x/libsam_sam3x8e_gcc_rel.a(uotghs_device.o)
                0x00000000000846a4                UDD_SetAddress
 .text.__fpclassifyd
                0x00000000000846c4       0x50 /home/marvin/.arduino15/packages/arduino/tools/arm-none-eabi-gcc/4.8.3-2014q1/bin/../lib/gcc/arm-none-eabi/4.8.3/../../../../arm-none-eabi/lib/armv7-m/libm.a(lib_a-s_fpclassify.o)
                0x00000000000846c4                __fpclassifyd
 .text          0x0000000000084714      0x370 /home/marvin/.arduino15/packages/arduino/tools/arm-none-eabi-gcc/4.8.3-2014q1/bin/../lib/gcc/arm-none-eabi/4.8.3/armv7-m/libgcc.a(_arm_addsubdf3.o)
                0x0000000000084714                __aeabi_drsub
                0x000000000008471c                __aeabi_dsub
                0x000000000008471c                __subdf3
                0x0000000000084720                __adddf3
                0x0000000000084720                __aeabi_dadd
                0x0000000000084998                __aeabi_ui2d
                0x0000000000084998                __floatunsidf
                0x00000000000849b8                __floatsidf
                0x00000000000849b8                __aeabi_i2d
                0x00000000000849dc                __extendsfdf2
                0x00000000000849dc                __aeabi_f2d
                0x0000000000084a18                __aeabi_ul2d
                0x0000000000084a18                __floatundidf
                0x0000000000084a28                __floatdidf
                0x0000000000084a28                __aeabi_l2d
 .text          0x0000000000084a84      0x424 /home/marvin/.arduino15/packages/arduino/tools/arm-none-eabi-gcc/4.8.3-2014q1/bin/../lib/gcc/arm-none-eabi/4.8.3/armv7-m/libgcc.a(_arm_muldivdf3.o)
                0x0000000000084a84                __aeabi_dmul
                0x0000000000084a84                __muldf3
                0x0000000000084cd8                __aeabi_ddiv
                0x0000000000084cd8                __divdf3
 .text          0x0000000000084ea8      0x110 /home/marvin/.arduino15/packages/arduino/tools/arm-none-eabi-gcc/4.8.3-2014q1/bin/../lib/gcc/arm-none-eabi/4.8.3/armv7-m/libgcc.a(_arm_cmpdf2.o)
                0x0000000000084ea8                __gtdf2
                0x0000000000084ea8                __gedf2
                0x0000000000084eb0                __ltdf2
                0x0000000000084eb0                __ledf2
                0x0000000000084eb8                __cmpdf2
                0x0000000000084eb8                __eqdf2
                0x0000000000084eb8                __nedf2
                0x0000000000084f34                __aeabi_cdrcmple
                0x0000000000084f44                __aeabi_cdcmple
                0x0000000000084f44                __aeabi_cdcmpeq
                0x0000000000084f54                __aeabi_dcmpeq
                0x0000000000084f68                __aeabi_dcmplt
                0x0000000000084f7c                __aeabi_dcmple
                0x0000000000084f90                __aeabi_dcmpge
                0x0000000000084fa4                __aeabi_dcmpgt
 .text          0x0000000000084fb8       0x50 /home/marvin/.arduino15/packages/arduino/tools/arm-none-eabi-gcc/4.8.3-2014q1/bin/../lib/gcc/arm-none-eabi/4.8.3/armv7-m/libgcc.a(_arm_fixdfsi.o)
                0x0000000000084fb8                __fixdfsi
                0x0000000000084fb8                __aeabi_d2iz
 .text          0x0000000000085008       0x40 /home/marvin/.arduino15/packages/arduino/tools/arm-none-eabi-gcc/4.8.3-2014q1/bin/../lib/gcc/arm-none-eabi/4.8.3/armv7-m/libgcc.a(_arm_fixunsdfsi.o)
                0x0000000000085008                __fixunsdfsi
                0x0000000000085008                __aeabi_d2uiz
 .text          0x0000000000085048       0xa0 /home/marvin/.arduino15/packages/arduino/tools/arm-none-eabi-gcc/4.8.3-2014q1/bin/../lib/gcc/arm-none-eabi/4.8.3/armv7-m/libgcc.a(_arm_truncdfsf2.o)
                0x0000000000085048                __aeabi_d2f
                0x0000000000085048                __truncdfsf2
 .text          0x00000000000850e8      0x21c /home/marvin/.arduino15/packages/arduino/tools/arm-none-eabi-gcc/4.8.3-2014q1/bin/../lib/gcc/arm-none-eabi/4.8.3/armv7-m/libgcc.a(_arm_addsubsf3.o)
                0x00000000000850e8                __aeabi_frsub
                0x00000000000850f0                __subsf3
                0x00000000000850f0                __aeabi_fsub
                0x00000000000850f4                __aeabi_fadd
                0x00000000000850f4                __addsf3
                0x0000000000085254                __aeabi_ui2f
                0x0000000000085254                __floatunsisf
                0x000000000008525c                __aeabi_i2f
                0x000000000008525c                __floatsisf
                0x0000000000085278                __floatundisf
                0x0000000000085278                __aeabi_ul2f
                0x0000000000085288                __floatdisf
                0x0000000000085288                __aeabi_l2f
 .text          0x0000000000085304      0x2a0 /home/marvin/.arduino15/packages/arduino/tools/arm-none-eabi-gcc/4.8.3-2014q1/bin/../lib/gcc/arm-none-eabi/4.8.3/armv7-m/libgcc.a(_arm_muldivsf3.o)
                0x0000000000085304                __mulsf3
                0x0000000000085304                __aeabi_fmul
                0x000000000008546c                __divsf3
                0x000000000008546c                __aeabi_fdiv
 .text          0x00000000000855a4       0xec /home/marvin/.arduino15/packages/arduino/tools/arm-none-eabi-gcc/4.8.3-2014q1/bin/../lib/gcc/arm-none-eabi/4.8.3/armv7-m/libgcc.a(_arm_cmpsf2.o)
                0x00000000000855a4                __gtsf2
                0x00000000000855a4                __gesf2
                0x00000000000855ac                __lesf2
                0x00000000000855ac                __ltsf2
                0x00000000000855b4                __nesf2
                0x00000000000855b4                __eqsf2
                0x00000000000855b4                __cmpsf2
                0x0000000000085614                __aeabi_cfrcmple
                0x000000000008561c                __aeabi_cfcmple
                0x000000000008561c                __aeabi_cfcmpeq
                0x000000000008562c                __aeabi_fcmpeq
                0x0000000000085640                __aeabi_fcmplt
                0x0000000000085654                __aeabi_fcmple
                0x0000000000085668                __aeabi_fcmpge
                0x000000000008567c                __aeabi_fcmpgt
 .text          0x0000000000085690       0x4c /home/marvin/.arduino15/packages/arduino/tools/arm-none-eabi-gcc/4.8.3-2014q1/bin/../lib/gcc/arm-none-eabi/4.8.3/armv7-m/libgcc.a(_arm_fixsfsi.o)
                0x0000000000085690                __fixsfsi
                0x0000000000085690                __aeabi_f2iz
 .text          0x00000000000856dc       0x40 /home/marvin/.arduino15/packages/arduino/tools/arm-none-eabi-gcc/4.8.3-2014q1/bin/../lib/gcc/arm-none-eabi/4.8.3/armv7-m/libgcc.a(_arm_fixunssfsi.o)
                0x00000000000856dc                __aeabi_f2uiz
                0x00000000000856dc                __fixunssfsi
 .text.__assert_func
                0x000000000008571c       0x3c /home/marvin/.arduino15/packages/arduino/tools/arm-none-eabi-gcc/4.8.3-2014q1/bin/../lib/gcc/arm-none-eabi/4.8.3/../../../../arm-none-eabi/lib/armv7-m/libc.a(lib_a-assert.o)
                0x000000000008571c                __assert_func
 .text.atof     0x0000000000085758        0x8 /home/marvin/.arduino15/packages/arduino/tools/arm-none-eabi-gcc/4.8.3-2014q1/bin/../lib/gcc/arm-none-eabi/4.8.3/../../../../arm-none-eabi/lib/armv7-m/libc.a(lib_a-atof.o)
                0x0000000000085758                atof
 .text.atoi     0x0000000000085760        0x8 /home/marvin/.arduino15/packages/arduino/tools/arm-none-eabi-gcc/4.8.3-2014q1/bin/../lib/gcc/arm-none-eabi/4.8.3/../../../../arm-none-eabi/lib/armv7-m/libc.a(lib_a-atoi.o)
                0x0000000000085760                atoi
 .text.fiprintf
                0x0000000000085768       0x28 /home/marvin/.arduino15/packages/arduino/tools/arm-none-eabi-gcc/4.8.3-2014q1/bin/../lib/gcc/arm-none-eabi/4.8.3/../../../../arm-none-eabi/lib/armv7-m/libc.a(lib_a-fiprintf.o)
                0x0000000000085768                fiprintf
 .text.__libc_init_array
                0x0000000000085790       0x50 /home/marvin/.arduino15/packages/arduino/tools/arm-none-eabi-gcc/4.8.3-2014q1/bin/../lib/gcc/arm-none-eabi/4.8.3/../../../../arm-none-eabi/lib/armv7-m/libc.a(lib_a-init.o)
                0x0000000000085790                __libc_init_array
 .text.memset   0x00000000000857e0       0x94 /home/marvin/.arduino15/packages/arduino/tools/arm-none-eabi-gcc/4.8.3-2014q1/bin/../lib/gcc/arm-none-eabi/4.8.3/../../../../arm-none-eabi/lib/armv7-m/libc.a(lib_a-memset.o)
                0x00000000000857e0                memset
 .text.strcpy   0x0000000000085874       0xbc /home/marvin/.arduino15/packages/arduino/tools/arm-none-eabi-gcc/4.8.3-2014q1/bin/../lib/gcc/arm-none-eabi/4.8.3/../../../../arm-none-eabi/lib/armv7-m/libc.a(lib_a-strcpy.o)
                0x0000000000085874                strcpy
 .text.strlen   0x0000000000085930       0x60 /home/marvin/.arduino15/packages/arduino/tools/arm-none-eabi-gcc/4.8.3-2014q1/bin/../lib/gcc/arm-none-eabi/4.8.3/../../../../arm-none-eabi/lib/armv7-m/libc.a(lib_a-strlen.o)
                0x0000000000085930                strlen
 .text.strncpy  0x0000000000085990       0x64 /home/marvin/.arduino15/packages/arduino/tools/arm-none-eabi-gcc/4.8.3-2014q1/bin/../lib/gcc/arm-none-eabi/4.8.3/../../../../arm-none-eabi/lib/armv7-m/libc.a(lib_a-strncpy.o)
                0x0000000000085990                strncpy
 .text.sulp     0x00000000000859f4       0x40 /home/marvin/.arduino15/packages/arduino/tools/arm-none-eabi-gcc/4.8.3-2014q1/bin/../lib/gcc/arm-none-eabi/4.8.3/../../../../arm-none-eabi/lib/armv7-m/libc.a(lib_a-strtod.o)
 *fill*         0x0000000000085a34        0x4 
 .text._strtod_r
                0x0000000000085a38      0xf38 /home/marvin/.arduino15/packages/arduino/tools/arm-none-eabi-gcc/4.8.3-2014q1/bin/../lib/gcc/arm-none-eabi/4.8.3/../../../../arm-none-eabi/lib/armv7-m/libc.a(lib_a-strtod.o)
                0x0000000000085a38                _strtod_r
 .text.strtod   0x0000000000086970       0x10 /home/marvin/.arduino15/packages/arduino/tools/arm-none-eabi-gcc/4.8.3-2014q1/bin/../lib/gcc/arm-none-eabi/4.8.3/../../../../arm-none-eabi/lib/armv7-m/libc.a(lib_a-strtod.o)
                0x0000000000086970                strtod
 .text.strtok   0x0000000000086980       0x10 /home/marvin/.arduino15/packages/arduino/tools/arm-none-eabi-gcc/4.8.3-2014q1/bin/../lib/gcc/arm-none-eabi/4.8.3/../../../../arm-none-eabi/lib/armv7-m/libc.a(lib_a-strtok.o)
                0x0000000000086980                strtok
 .text.__strtok_r
                0x0000000000086990       0x64 /home/marvin/.arduino15/packages/arduino/tools/arm-none-eabi-gcc/4.8.3-2014q1/bin/../lib/gcc/arm-none-eabi/4.8.3/../../../../arm-none-eabi/lib/armv7-m/libc.a(lib_a-strtok_r.o)
                0x0000000000086990                __strtok_r
 .text._strtol_r
                0x00000000000869f4      0x114 /home/marvin/.arduino15/packages/arduino/tools/arm-none-eabi-gcc/4.8.3-2014q1/bin/../lib/gcc/arm-none-eabi/4.8.3/../../../../arm-none-eabi/lib/armv7-m/libc.a(lib_a-strtol.o)
                0x00000000000869f4                _strtol_r
 .text.strtol   0x0000000000086b08       0x18 /home/marvin/.arduino15/packages/arduino/tools/arm-none-eabi-gcc/4.8.3-2014q1/bin/../lib/gcc/arm-none-eabi/4.8.3/../../../../arm-none-eabi/lib/armv7-m/libc.a(lib_a-strtol.o)
                0x0000000000086b08                strtol
 .text.kill     0x0000000000086b20       0x10 /home/marvin/.arduino15/packages/arduino/tools/arm-none-eabi-gcc/4.8.3-2014q1/bin/../lib/gcc/arm-none-eabi/4.8.3/../../../../arm-none-eabi/lib/armv7-m/libc.a(lib_a-syskill.o)
                0x0000000000086b20                kill
 .text.__sprint_r.part.0
                0x0000000000086b30       0x78 /home/marvin/.arduino15/packages/arduino/tools/arm-none-eabi-gcc/4.8.3-2014q1/bin/../lib/gcc/arm-none-eabi/4.8.3/../../../../arm-none-eabi/lib/armv7-m/libc.a(lib_a-vfiprintf.o)
 .text._vfiprintf_r
                0x0000000000086ba8      0xc54 /home/marvin/.arduino15/packages/arduino/tools/arm-none-eabi-gcc/4.8.3-2014q1/bin/../lib/gcc/arm-none-eabi/4.8.3/../../../../arm-none-eabi/lib/armv7-m/libc.a(lib_a-vfiprintf.o)
                0x0000000000086ba8                _vfiprintf_r
 .text.__sbprintf
                0x00000000000877fc       0x7c /home/marvin/.arduino15/packages/arduino/tools/arm-none-eabi-gcc/4.8.3-2014q1/bin/../lib/gcc/arm-none-eabi/4.8.3/../../../../arm-none-eabi/lib/armv7-m/libc.a(lib_a-vfiprintf.o)
 .text.__swsetup_r
                0x0000000000087878       0xc4 /home/marvin/.arduino15/packages/arduino/tools/arm-none-eabi-gcc/4.8.3-2014q1/bin/../lib/gcc/arm-none-eabi/4.8.3/../../../../arm-none-eabi/lib/armv7-m/libc.a(lib_a-wsetup.o)
                0x0000000000087878                __swsetup_r
 .text.startup.register_fini
                0x000000000008793c       0x14 /home/marvin/.arduino15/packages/arduino/tools/arm-none-eabi-gcc/4.8.3-2014q1/bin/../lib/gcc/arm-none-eabi/4.8.3/../../../../arm-none-eabi/lib/armv7-m/libc.a(lib_a-__call_atexit.o)
 .text.abort    0x0000000000087950       0x10 /home/marvin/.arduino15/packages/arduino/tools/arm-none-eabi-gcc/4.8.3-2014q1/bin/../lib/gcc/arm-none-eabi/4.8.3/../../../../arm-none-eabi/lib/armv7-m/libc.a(lib_a-abort.o)
                0x0000000000087950                abort
 .text.atexit   0x0000000000087960        0xc /home/marvin/.arduino15/packages/arduino/tools/arm-none-eabi-gcc/4.8.3-2014q1/bin/../lib/gcc/arm-none-eabi/4.8.3/../../../../arm-none-eabi/lib/armv7-m/libc.a(lib_a-atexit.o)
                0x0000000000087960                atexit
 .text.__sflush_r
                0x000000000008796c      0x148 /home/marvin/.arduino15/packages/arduino/tools/arm-none-eabi-gcc/4.8.3-2014q1/bin/../lib/gcc/arm-none-eabi/4.8.3/../../../../arm-none-eabi/lib/armv7-m/libc.a(lib_a-fflush.o)
                0x000000000008796c                __sflush_r
 .text._fflush_r
                0x0000000000087ab4       0x2c /home/marvin/.arduino15/packages/arduino/tools/arm-none-eabi-gcc/4.8.3-2014q1/bin/../lib/gcc/arm-none-eabi/4.8.3/../../../../arm-none-eabi/lib/armv7-m/libc.a(lib_a-fflush.o)
                0x0000000000087ab4                _fflush_r
 .text._cleanup_r
                0x0000000000087ae0        0xc /home/marvin/.arduino15/packages/arduino/tools/arm-none-eabi-gcc/4.8.3-2014q1/bin/../lib/gcc/arm-none-eabi/4.8.3/../../../../arm-none-eabi/lib/armv7-m/libc.a(lib_a-findfp.o)
                0x0000000000087ae0                _cleanup_r
 .text.__sinit  0x0000000000087aec       0xf4 /home/marvin/.arduino15/packages/arduino/tools/arm-none-eabi-gcc/4.8.3-2014q1/bin/../lib/gcc/arm-none-eabi/4.8.3/../../../../arm-none-eabi/lib/armv7-m/libc.a(lib_a-findfp.o)
                0x0000000000087aec                __sinit
 .text.__sfp_lock_acquire
                0x0000000000087be0        0x4 /home/marvin/.arduino15/packages/arduino/tools/arm-none-eabi-gcc/4.8.3-2014q1/bin/../lib/gcc/arm-none-eabi/4.8.3/../../../../arm-none-eabi/lib/armv7-m/libc.a(lib_a-findfp.o)
                0x0000000000087be0                __sfp_lock_acquire
 .text.__sfp_lock_release
                0x0000000000087be4        0x4 /home/marvin/.arduino15/packages/arduino/tools/arm-none-eabi-gcc/4.8.3-2014q1/bin/../lib/gcc/arm-none-eabi/4.8.3/../../../../arm-none-eabi/lib/armv7-m/libc.a(lib_a-findfp.o)
                0x0000000000087be4                __sfp_lock_release
 .text.__libc_fini_array
                0x0000000000087be8       0x30 /home/marvin/.arduino15/packages/arduino/tools/arm-none-eabi-gcc/4.8.3-2014q1/bin/../lib/gcc/arm-none-eabi/4.8.3/../../../../arm-none-eabi/lib/armv7-m/libc.a(lib_a-fini.o)
                0x0000000000087be8                __libc_fini_array
 .text._fputwc_r
                0x0000000000087c18       0xc0 /home/marvin/.arduino15/packages/arduino/tools/arm-none-eabi-gcc/4.8.3-2014q1/bin/../lib/gcc/arm-none-eabi/4.8.3/../../../../arm-none-eabi/lib/armv7-m/libc.a(lib_a-fputwc.o)
                0x0000000000087c18                _fputwc_r
 .text._malloc_trim_r
                0x0000000000087cd8       0x9c /home/marvin/.arduino15/packages/arduino/tools/arm-none-eabi-gcc/4.8.3-2014q1/bin/../lib/gcc/arm-none-eabi/4.8.3/../../../../arm-none-eabi/lib/armv7-m/libc.a(lib_a-freer.o)
                0x0000000000087cd8                _malloc_trim_r
 .text._free_r  0x0000000000087d74      0x198 /home/marvin/.arduino15/packages/arduino/tools/arm-none-eabi-gcc/4.8.3-2014q1/bin/../lib/gcc/arm-none-eabi/4.8.3/../../../../arm-none-eabi/lib/armv7-m/libc.a(lib_a-freer.o)
                0x0000000000087d74                _free_r
 .text.__sfvwrite_r
                0x0000000000087f0c      0x314 /home/marvin/.arduino15/packages/arduino/tools/arm-none-eabi-gcc/4.8.3-2014q1/bin/../lib/gcc/arm-none-eabi/4.8.3/../../../../arm-none-eabi/lib/armv7-m/libc.a(lib_a-fvwrite.o)
                0x0000000000087f0c                __sfvwrite_r
 .text._fwalk   0x0000000000088220       0x48 /home/marvin/.arduino15/packages/arduino/tools/arm-none-eabi-gcc/4.8.3-2014q1/bin/../lib/gcc/arm-none-eabi/4.8.3/../../../../arm-none-eabi/lib/armv7-m/libc.a(lib_a-fwalk.o)
                0x0000000000088220                _fwalk
 .text.rshift   0x0000000000088268       0xa0 /home/marvin/.arduino15/packages/arduino/tools/arm-none-eabi-gcc/4.8.3-2014q1/bin/../lib/gcc/arm-none-eabi/4.8.3/../../../../arm-none-eabi/lib/armv7-m/libc.a(lib_a-gdtoa-gethex.o)
 .text.__gethex
                0x0000000000088308      0x52c /home/marvin/.arduino15/packages/arduino/tools/arm-none-eabi-gcc/4.8.3-2014q1/bin/../lib/gcc/arm-none-eabi/4.8.3/../../../../arm-none-eabi/lib/armv7-m/libc.a(lib_a-gdtoa-gethex.o)
                0x0000000000088308                __gethex
 .text.__hexnan
                0x0000000000088834      0x194 /home/marvin/.arduino15/packages/arduino/tools/arm-none-eabi-gcc/4.8.3-2014q1/bin/../lib/gcc/arm-none-eabi/4.8.3/../../../../arm-none-eabi/lib/armv7-m/libc.a(lib_a-gdtoa-hexnan.o)
                0x0000000000088834                __hexnan
 .text.__locale_charset
                0x00000000000889c8        0x8 /home/marvin/.arduino15/packages/arduino/tools/arm-none-eabi-gcc/4.8.3-2014q1/bin/../lib/gcc/arm-none-eabi/4.8.3/../../../../arm-none-eabi/lib/armv7-m/libc.a(lib_a-locale.o)
                0x00000000000889c8                __locale_charset
 .text.__locale_mb_cur_max
                0x00000000000889d0        0xc /home/marvin/.arduino15/packages/arduino/tools/arm-none-eabi-gcc/4.8.3-2014q1/bin/../lib/gcc/arm-none-eabi/4.8.3/../../../../arm-none-eabi/lib/armv7-m/libc.a(lib_a-locale.o)
                0x00000000000889d0                __locale_mb_cur_max
 .text._localeconv_r
                0x00000000000889dc        0x8 /home/marvin/.arduino15/packages/arduino/tools/arm-none-eabi-gcc/4.8.3-2014q1/bin/../lib/gcc/arm-none-eabi/4.8.3/../../../../arm-none-eabi/lib/armv7-m/libc.a(lib_a-locale.o)
                0x00000000000889dc                _localeconv_r
 .text.__smakebuf_r
                0x00000000000889e4       0xe0 /home/marvin/.arduino15/packages/arduino/tools/arm-none-eabi-gcc/4.8.3-2014q1/bin/../lib/gcc/arm-none-eabi/4.8.3/../../../../arm-none-eabi/lib/armv7-m/libc.a(lib_a-makebuf.o)
                0x00000000000889e4                __smakebuf_r
 .text._malloc_r
                0x0000000000088ac4      0x538 /home/marvin/.arduino15/packages/arduino/tools/arm-none-eabi-gcc/4.8.3-2014q1/bin/../lib/gcc/arm-none-eabi/4.8.3/../../../../arm-none-eabi/lib/armv7-m/libc.a(lib_a-mallocr.o)
                0x0000000000088ac4                _malloc_r
 .text.memchr   0x0000000000088ffc       0x94 /home/marvin/.arduino15/packages/arduino/tools/arm-none-eabi-gcc/4.8.3-2014q1/bin/../lib/gcc/arm-none-eabi/4.8.3/../../../../arm-none-eabi/lib/armv7-m/libc.a(lib_a-memchr-stub.o)
                0x0000000000088ffc                memchr
 .text          0x0000000000089090       0xec /home/marvin/.arduino15/packages/arduino/tools/arm-none-eabi-gcc/4.8.3-2014q1/bin/../lib/gcc/arm-none-eabi/4.8.3/../../../../arm-none-eabi/lib/armv7-m/libc.a(lib_a-memcpy.o)
                0x0000000000089090                memcpy
 .text.memmove  0x000000000008917c       0xcc /home/marvin/.arduino15/packages/arduino/tools/arm-none-eabi-gcc/4.8.3-2014q1/bin/../lib/gcc/arm-none-eabi/4.8.3/../../../../arm-none-eabi/lib/armv7-m/libc.a(lib_a-memmove.o)
                0x000000000008917c                memmove
 .text.__malloc_lock
                0x0000000000089248        0x4 /home/marvin/.arduino15/packages/arduino/tools/arm-none-eabi-gcc/4.8.3-2014q1/bin/../lib/gcc/arm-none-eabi/4.8.3/../../../../arm-none-eabi/lib/armv7-m/libc.a(lib_a-mlock.o)
                0x0000000000089248                __malloc_lock
 .text.__malloc_unlock
                0x000000000008924c        0x4 /home/marvin/.arduino15/packages/arduino/tools/arm-none-eabi-gcc/4.8.3-2014q1/bin/../lib/gcc/arm-none-eabi/4.8.3/../../../../arm-none-eabi/lib/armv7-m/libc.a(lib_a-mlock.o)
                0x000000000008924c                __malloc_unlock
 .text._Balloc  0x0000000000089250       0x4c /home/marvin/.arduino15/packages/arduino/tools/arm-none-eabi-gcc/4.8.3-2014q1/bin/../lib/gcc/arm-none-eabi/4.8.3/../../../../arm-none-eabi/lib/armv7-m/libc.a(lib_a-mprec.o)
                0x0000000000089250                _Balloc
 .text._Bfree   0x000000000008929c       0x14 /home/marvin/.arduino15/packages/arduino/tools/arm-none-eabi-gcc/4.8.3-2014q1/bin/../lib/gcc/arm-none-eabi/4.8.3/../../../../arm-none-eabi/lib/armv7-m/libc.a(lib_a-mprec.o)
                0x000000000008929c                _Bfree
 .text.__multadd
                0x00000000000892b0       0x94 /home/marvin/.arduino15/packages/arduino/tools/arm-none-eabi-gcc/4.8.3-2014q1/bin/../lib/gcc/arm-none-eabi/4.8.3/../../../../arm-none-eabi/lib/armv7-m/libc.a(lib_a-mprec.o)
                0x00000000000892b0                __multadd
 .text.__s2b    0x0000000000089344       0x98 /home/marvin/.arduino15/packages/arduino/tools/arm-none-eabi-gcc/4.8.3-2014q1/bin/../lib/gcc/arm-none-eabi/4.8.3/../../../../arm-none-eabi/lib/armv7-m/libc.a(lib_a-mprec.o)
                0x0000000000089344                __s2b
 .text.__hi0bits
                0x00000000000893dc       0x40 /home/marvin/.arduino15/packages/arduino/tools/arm-none-eabi-gcc/4.8.3-2014q1/bin/../lib/gcc/arm-none-eabi/4.8.3/../../../../arm-none-eabi/lib/armv7-m/libc.a(lib_a-mprec.o)
                0x00000000000893dc                __hi0bits
 .text.__lo0bits
                0x000000000008941c       0x5c /home/marvin/.arduino15/packages/arduino/tools/arm-none-eabi-gcc/4.8.3-2014q1/bin/../lib/gcc/arm-none-eabi/4.8.3/../../../../arm-none-eabi/lib/armv7-m/libc.a(lib_a-mprec.o)
                0x000000000008941c                __lo0bits
 .text.__i2b    0x0000000000089478       0x14 /home/marvin/.arduino15/packages/arduino/tools/arm-none-eabi-gcc/4.8.3-2014q1/bin/../lib/gcc/arm-none-eabi/4.8.3/../../../../arm-none-eabi/lib/armv7-m/libc.a(lib_a-mprec.o)
                0x0000000000089478                __i2b
 .text.__multiply
                0x000000000008948c      0x13c /home/marvin/.arduino15/packages/arduino/tools/arm-none-eabi-gcc/4.8.3-2014q1/bin/../lib/gcc/arm-none-eabi/4.8.3/../../../../arm-none-eabi/lib/armv7-m/libc.a(lib_a-mprec.o)
                0x000000000008948c                __multiply
 .text.__pow5mult
                0x00000000000895c8       0x9c /home/marvin/.arduino15/packages/arduino/tools/arm-none-eabi-gcc/4.8.3-2014q1/bin/../lib/gcc/arm-none-eabi/4.8.3/../../../../arm-none-eabi/lib/armv7-m/libc.a(lib_a-mprec.o)
                0x00000000000895c8                __pow5mult
 .text.__lshift
                0x0000000000089664       0xbc /home/marvin/.arduino15/packages/arduino/tools/arm-none-eabi-gcc/4.8.3-2014q1/bin/../lib/gcc/arm-none-eabi/4.8.3/../../../../arm-none-eabi/lib/armv7-m/libc.a(lib_a-mprec.o)
                0x0000000000089664                __lshift
 .text.__mcmp   0x0000000000089720       0x48 /home/marvin/.arduino15/packages/arduino/tools/arm-none-eabi-gcc/4.8.3-2014q1/bin/../lib/gcc/arm-none-eabi/4.8.3/../../../../arm-none-eabi/lib/armv7-m/libc.a(lib_a-mprec.o)
                0x0000000000089720                __mcmp
 .text.__mdiff  0x0000000000089768       0xd8 /home/marvin/.arduino15/packages/arduino/tools/arm-none-eabi-gcc/4.8.3-2014q1/bin/../lib/gcc/arm-none-eabi/4.8.3/../../../../arm-none-eabi/lib/armv7-m/libc.a(lib_a-mprec.o)
                0x0000000000089768                __mdiff
 .text.__ulp    0x0000000000089840       0x40 /home/marvin/.arduino15/packages/arduino/tools/arm-none-eabi-gcc/4.8.3-2014q1/bin/../lib/gcc/arm-none-eabi/4.8.3/../../../../arm-none-eabi/lib/armv7-m/libc.a(lib_a-mprec.o)
                0x0000000000089840                __ulp
 .text.__b2d    0x0000000000089880       0xb8 /home/marvin/.arduino15/packages/arduino/tools/arm-none-eabi-gcc/4.8.3-2014q1/bin/../lib/gcc/arm-none-eabi/4.8.3/../../../../arm-none-eabi/lib/armv7-m/libc.a(lib_a-mprec.o)
                0x0000000000089880                __b2d
 .text.__d2b    0x0000000000089938       0xbc /home/marvin/.arduino15/packages/arduino/tools/arm-none-eabi-gcc/4.8.3-2014q1/bin/../lib/gcc/arm-none-eabi/4.8.3/../../../../arm-none-eabi/lib/armv7-m/libc.a(lib_a-mprec.o)
                0x0000000000089938                __d2b
 .text.__ratio  0x00000000000899f4       0x50 /home/marvin/.arduino15/packages/arduino/tools/arm-none-eabi-gcc/4.8.3-2014q1/bin/../lib/gcc/arm-none-eabi/4.8.3/../../../../arm-none-eabi/lib/armv7-m/libc.a(lib_a-mprec.o)
                0x00000000000899f4                __ratio
 .text.__copybits
                0x0000000000089a44       0x48 /home/marvin/.arduino15/packages/arduino/tools/arm-none-eabi-gcc/4.8.3-2014q1/bin/../lib/gcc/arm-none-eabi/4.8.3/../../../../arm-none-eabi/lib/armv7-m/libc.a(lib_a-mprec.o)
                0x0000000000089a44                __copybits
 .text.__any_on
                0x0000000000089a8c       0x60 /home/marvin/.arduino15/packages/arduino/tools/arm-none-eabi-gcc/4.8.3-2014q1/bin/../lib/gcc/arm-none-eabi/4.8.3/../../../../arm-none-eabi/lib/armv7-m/libc.a(lib_a-mprec.o)
                0x0000000000089a8c                __any_on
 .text._realloc_r
                0x0000000000089aec      0x3c0 /home/marvin/.arduino15/packages/arduino/tools/arm-none-eabi-gcc/4.8.3-2014q1/bin/../lib/gcc/arm-none-eabi/4.8.3/../../../../arm-none-eabi/lib/armv7-m/libc.a(lib_a-reallocr.o)
                0x0000000000089aec                _realloc_r
 .text._sbrk_r  0x0000000000089eac       0x24 /home/marvin/.arduino15/packages/arduino/tools/arm-none-eabi-gcc/4.8.3-2014q1/bin/../lib/gcc/arm-none-eabi/4.8.3/../../../../arm-none-eabi/lib/armv7-m/libc.a(lib_a-sbrkr.o)
                0x0000000000089eac                _sbrk_r
 .text._raise_r
                0x0000000000089ed0       0x58 /home/marvin/.arduino15/packages/arduino/tools/arm-none-eabi-gcc/4.8.3-2014q1/bin/../lib/gcc/arm-none-eabi/4.8.3/../../../../arm-none-eabi/lib/armv7-m/libc.a(lib_a-signal.o)
                0x0000000000089ed0                _raise_r
 .text.raise    0x0000000000089f28       0x10 /home/marvin/.arduino15/packages/arduino/tools/arm-none-eabi-gcc/4.8.3-2014q1/bin/../lib/gcc/arm-none-eabi/4.8.3/../../../../arm-none-eabi/lib/armv7-m/libc.a(lib_a-signal.o)
                0x0000000000089f28                raise
 .text._kill_r  0x0000000000089f38       0x28 /home/marvin/.arduino15/packages/arduino/tools/arm-none-eabi-gcc/4.8.3-2014q1/bin/../lib/gcc/arm-none-eabi/4.8.3/../../../../arm-none-eabi/lib/armv7-m/libc.a(lib_a-signalr.o)
                0x0000000000089f38                _kill_r
 .text._getpid_r
                0x0000000000089f60        0x4 /home/marvin/.arduino15/packages/arduino/tools/arm-none-eabi-gcc/4.8.3-2014q1/bin/../lib/gcc/arm-none-eabi/4.8.3/../../../../arm-none-eabi/lib/armv7-m/libc.a(lib_a-signalr.o)
                0x0000000000089f60                _getpid_r
 .text.__sread  0x0000000000089f64       0x24 /home/marvin/.arduino15/packages/arduino/tools/arm-none-eabi-gcc/4.8.3-2014q1/bin/../lib/gcc/arm-none-eabi/4.8.3/../../../../arm-none-eabi/lib/armv7-m/libc.a(lib_a-stdio.o)
                0x0000000000089f64                __sread
 .text.__swrite
                0x0000000000089f88       0x38 /home/marvin/.arduino15/packages/arduino/tools/arm-none-eabi-gcc/4.8.3-2014q1/bin/../lib/gcc/arm-none-eabi/4.8.3/../../../../arm-none-eabi/lib/armv7-m/libc.a(lib_a-stdio.o)
                0x0000000000089f88                __swrite
 .text.__sseek  0x0000000000089fc0       0x20 /home/marvin/.arduino15/packages/arduino/tools/arm-none-eabi-gcc/4.8.3-2014q1/bin/../lib/gcc/arm-none-eabi/4.8.3/../../../../arm-none-eabi/lib/armv7-m/libc.a(lib_a-stdio.o)
                0x0000000000089fc0                __sseek
 .text.__sclose
                0x0000000000089fe0        0x8 /home/marvin/.arduino15/packages/arduino/tools/arm-none-eabi-gcc/4.8.3-2014q1/bin/../lib/gcc/arm-none-eabi/4.8.3/../../../../arm-none-eabi/lib/armv7-m/libc.a(lib_a-stdio.o)
                0x0000000000089fe0                __sclose
 .text.strncmp  0x0000000000089fe8       0xb4 /home/marvin/.arduino15/packages/arduino/tools/arm-none-eabi-gcc/4.8.3-2014q1/bin/../lib/gcc/arm-none-eabi/4.8.3/../../../../arm-none-eabi/lib/armv7-m/libc.a(lib_a-strncmp.o)
                0x0000000000089fe8                strncmp
 .text.__swbuf_r
                0x000000000008a09c       0xa8 /home/marvin/.arduino15/packages/arduino/tools/arm-none-eabi-gcc/4.8.3-2014q1/bin/../lib/gcc/arm-none-eabi/4.8.3/../../../../arm-none-eabi/lib/armv7-m/libc.a(lib_a-wbuf.o)
                0x000000000008a09c                __swbuf_r
 .text._wcrtomb_r
                0x000000000008a144       0x50 /home/marvin/.arduino15/packages/arduino/tools/arm-none-eabi-gcc/4.8.3-2014q1/bin/../lib/gcc/arm-none-eabi/4.8.3/../../../../arm-none-eabi/lib/armv7-m/libc.a(lib_a-wcrtomb.o)
                0x000000000008a144                _wcrtomb_r
 .text.__ascii_wctomb
                0x000000000008a194       0x1c /home/marvin/.arduino15/packages/arduino/tools/arm-none-eabi-gcc/4.8.3-2014q1/bin/../lib/gcc/arm-none-eabi/4.8.3/../../../../arm-none-eabi/lib/armv7-m/libc.a(lib_a-wctomb_r.o)
                0x000000000008a194                __ascii_wctomb
 .text._write_r
                0x000000000008a1b0       0x28 /home/marvin/.arduino15/packages/arduino/tools/arm-none-eabi-gcc/4.8.3-2014q1/bin/../lib/gcc/arm-none-eabi/4.8.3/../../../../arm-none-eabi/lib/armv7-m/libc.a(lib_a-writer.o)
                0x000000000008a1b0                _write_r
 .text.__register_exitproc
                0x000000000008a1d8       0xa8 /home/marvin/.arduino15/packages/arduino/tools/arm-none-eabi-gcc/4.8.3-2014q1/bin/../lib/gcc/arm-none-eabi/4.8.3/../../../../arm-none-eabi/lib/armv7-m/libc.a(lib_a-__atexit.o)
                0x000000000008a1d8                __register_exitproc
 .text._calloc_r
                0x000000000008a280       0x60 /home/marvin/.arduino15/packages/arduino/tools/arm-none-eabi-gcc/4.8.3-2014q1/bin/../lib/gcc/arm-none-eabi/4.8.3/../../../../arm-none-eabi/lib/armv7-m/libc.a(lib_a-callocr.o)
                0x000000000008a280                _calloc_r
 .text._close_r
                0x000000000008a2e0       0x24 /home/marvin/.arduino15/packages/arduino/tools/arm-none-eabi-gcc/4.8.3-2014q1/bin/../lib/gcc/arm-none-eabi/4.8.3/../../../../arm-none-eabi/lib/armv7-m/libc.a(lib_a-closer.o)
                0x000000000008a2e0                _close_r
 .text._fclose_r
                0x000000000008a304       0x80 /home/marvin/.arduino15/packages/arduino/tools/arm-none-eabi-gcc/4.8.3-2014q1/bin/../lib/gcc/arm-none-eabi/4.8.3/../../../../arm-none-eabi/lib/armv7-m/libc.a(lib_a-fclose.o)
                0x000000000008a304                _fclose_r
 .text.fclose   0x000000000008a384       0x10 /home/marvin/.arduino15/packages/arduino/tools/arm-none-eabi-gcc/4.8.3-2014q1/bin/../lib/gcc/arm-none-eabi/4.8.3/../../../../arm-none-eabi/lib/armv7-m/libc.a(lib_a-fclose.o)
                0x000000000008a384                fclose
 .text._fstat_r
                0x000000000008a394       0x28 /home/marvin/.arduino15/packages/arduino/tools/arm-none-eabi-gcc/4.8.3-2014q1/bin/../lib/gcc/arm-none-eabi/4.8.3/../../../../arm-none-eabi/lib/armv7-m/libc.a(lib_a-fstatr.o)
                0x000000000008a394                _fstat_r
 .text._isatty_r
                0x000000000008a3bc       0x24 /home/marvin/.arduino15/packages/arduino/tools/arm-none-eabi-gcc/4.8.3-2014q1/bin/../lib/gcc/arm-none-eabi/4.8.3/../../../../arm-none-eabi/lib/armv7-m/libc.a(lib_a-isattyr.o)