Archive member included because of file (symbol)

C:\Users\maier\AppData\Local\Arduino15\packages\arduino\hardware\sam\1.6.12\variants\arduino_due_x/libsam_sam3x8e_gcc_rel.a(pio.o)
                              d:\Projekte\InMoov\skeletonControlArduino\build\libraries\Wire\Wire.cpp.o (PIO_Configure)
C:\Users\maier\AppData\Local\Arduino15\packages\arduino\hardware\sam\1.6.12\variants\arduino_due_x/libsam_sam3x8e_gcc_rel.a(pmc.o)
                              d:\Projekte\InMoov\skeletonControlArduino\build\libraries\Servo\sam\Servo.cpp.o (pmc_enable_periph_clk)
C:\Users\maier\AppData\Local\Arduino15\packages\arduino\hardware\sam\1.6.12\variants\arduino_due_x/libsam_sam3x8e_gcc_rel.a(tc.o)
                              d:\Projekte\InMoov\skeletonControlArduino\build\libraries\Servo\sam\Servo.cpp.o (TC_Configure)
C:\Users\maier\AppData\Local\Arduino15\packages\arduino\hardware\sam\1.6.12\variants\arduino_due_x/libsam_sam3x8e_gcc_rel.a(twi.o)
                              d:\Projekte\InMoov\skeletonControlArduino\build\libraries\Wire\Wire.cpp.o (TWI_SetClock)
C:\Users\maier\AppData\Local\Arduino15\packages\arduino\hardware\sam\1.6.12\variants\arduino_due_x/libsam_sam3x8e_gcc_rel.a(system_sam3xa.o)
                              d:\Projekte\InMoov\skeletonControlArduino\build\core\variant.cpp.o (SystemInit)
C:\Users\maier\AppData\Local\Arduino15\packages\arduino\hardware\sam\1.6.12\variants\arduino_due_x/libsam_sam3x8e_gcc_rel.a(startup_sam3xa.o)
                              (Reset_Handler)
C:\Users\maier\AppData\Local\Arduino15\packages\arduino\hardware\sam\1.6.12\variants\arduino_due_x/libsam_sam3x8e_gcc_rel.a(adc.o)
                              d:\Projekte\InMoov\skeletonControlArduino\build\core\variant.cpp.o (adc_init)
C:\Users\maier\AppData\Local\Arduino15\packages\arduino\hardware\sam\1.6.12\variants\arduino_due_x/libsam_sam3x8e_gcc_rel.a(uotghs.o)
                              C:\Users\maier\AppData\Local\Arduino15\packages\arduino\hardware\sam\1.6.12\variants\arduino_due_x/libsam_sam3x8e_gcc_rel.a(startup_sam3xa.o) (UOTGHS_Handler)
d:\Projekte\InMoov\skeletonControlArduino\build/core\core.a(WInterrupts.c.o)
                              C:\Users\maier\AppData\Local\Arduino15\packages\arduino\hardware\sam\1.6.12\variants\arduino_due_x/libsam_sam3x8e_gcc_rel.a(startup_sam3xa.o) (PIOA_Handler)
d:\Projekte\InMoov\skeletonControlArduino\build/core\core.a(cortex_handlers.c.o)
                              C:\Users\maier\AppData\Local\Arduino15\packages\arduino\hardware\sam\1.6.12\variants\arduino_due_x/libsam_sam3x8e_gcc_rel.a(startup_sam3xa.o) (NMI_Handler)
d:\Projekte\InMoov\skeletonControlArduino\build/core\core.a(hooks.c.o)
                              d:\Projekte\InMoov\skeletonControlArduino\build/core\core.a(cortex_handlers.c.o) (sysTickHook)
d:\Projekte\InMoov\skeletonControlArduino\build/core\core.a(syscalls_sam3.c.o)
                              (_sbrk)
d:\Projekte\InMoov\skeletonControlArduino\build/core\core.a(wiring.c.o)
                              d:\Projekte\InMoov\skeletonControlArduino\build\sketch\Mai3Servo.cpp.o (millis)
d:\Projekte\InMoov\skeletonControlArduino\build/core\core.a(wiring_analog.c.o)
                              d:\Projekte\InMoov\skeletonControlArduino\build\core\variant.cpp.o (analogOutputInit)
d:\Projekte\InMoov\skeletonControlArduino\build/core\core.a(wiring_digital.c.o)
                              d:\Projekte\InMoov\skeletonControlArduino\build\sketch\skeletonControlArduino.cpp.o (pinMode)
d:\Projekte\InMoov\skeletonControlArduino\build/core\core.a(Print.cpp.o)
                              d:\Projekte\InMoov\skeletonControlArduino\build\libraries\Wire\Wire.cpp.o (Print::write(unsigned char const*, unsigned int))
d:\Projekte\InMoov\skeletonControlArduino\build/core\core.a(Reset.cpp.o)
                              d:\Projekte\InMoov\skeletonControlArduino\build/core\core.a(cortex_handlers.c.o) (tickReset)
d:\Projekte\InMoov\skeletonControlArduino\build/core\core.a(RingBuffer.cpp.o)
                              d:\Projekte\InMoov\skeletonControlArduino\build\core\variant.cpp.o (RingBuffer::RingBuffer())
d:\Projekte\InMoov\skeletonControlArduino\build/core\core.a(UARTClass.cpp.o)
                              d:\Projekte\InMoov\skeletonControlArduino\build\sketch\readMessages.cpp.o (UARTClass::available())
d:\Projekte\InMoov\skeletonControlArduino\build/core\core.a(USARTClass.cpp.o)
                              d:\Projekte\InMoov\skeletonControlArduino\build\core\variant.cpp.o (USARTClass::USARTClass(Usart*, IRQn, unsigned long, RingBuffer*, RingBuffer*))
d:\Projekte\InMoov\skeletonControlArduino\build/core\core.a(WMath.cpp.o)
                              d:\Projekte\InMoov\skeletonControlArduino\build\libraries\Servo\sam\Servo.cpp.o (map(long, long, long, long, long))
d:\Projekte\InMoov\skeletonControlArduino\build/core\core.a(abi.cpp.o)
                              d:\Projekte\InMoov\skeletonControlArduino\build\libraries\Wire\Wire.cpp.o (__cxa_pure_virtual)
[...]
Memory Configuration

Name             Origin             Length             Attributes
rom              0x00080000         0x00080000         xr
sram0            0x20000000         0x00010000         xrw
sram1            0x20080000         0x00008000         xrw
ram              0x20070000         0x00018000         xrw
*default*        0x00000000         0xffffffff

Linker script and memory map

LOAD c:/users/maier/appdata/local/arduino15/packages/arduino/tools/arm-none-eabi-gcc/4.8.3-2014q1/bin/../lib/gcc/arm-none-eabi/4.8.3/armv7-m/crti.o
LOAD c:/users/maier/appdata/local/arduino15/packages/arduino/tools/arm-none-eabi-gcc/4.8.3-2014q1/bin/../lib/gcc/arm-none-eabi/4.8.3/armv7-m/crtbegin.o
LOAD c:/users/maier/appdata/local/arduino15/packages/arduino/tools/arm-none-eabi-gcc/4.8.3-2014q1/bin/../lib/gcc/arm-none-eabi/4.8.3/../../../../arm-none-eabi/lib/armv7-m/crt0.o
START GROUP
LOAD d:\Projekte\InMoov\skeletonControlArduino\build\sketch\Mai3Servo.cpp.o
LOAD d:\Projekte\InMoov\skeletonControlArduino\build\sketch\readMessages.cpp.o
LOAD d:\Projekte\InMoov\skeletonControlArduino\build\sketch\skeletonControlArduino.cpp.o
LOAD d:\Projekte\InMoov\skeletonControlArduino\build\sketch\skeletonControlArduino.ino.cpp.o
LOAD d:\Projekte\InMoov\skeletonControlArduino\build\sketch\writeMessages.cpp.o
LOAD d:\Projekte\InMoov\skeletonControlArduino\build\libraries\Servo\avr\Servo.cpp.o
LOAD d:\Projekte\InMoov\skeletonControlArduino\build\libraries\Servo\mbed\Servo.cpp.o
LOAD d:\Projekte\InMoov\skeletonControlArduino\build\libraries\Servo\megaavr\Servo.cpp.o
LOAD d:\Projekte\InMoov\skeletonControlArduino\build\libraries\Servo\nrf52\Servo.cpp.o
LOAD d:\Projekte\InMoov\skeletonControlArduino\build\libraries\Servo\sam\Servo.cpp.o
LOAD d:\Projekte\InMoov\skeletonControlArduino\build\libraries\Servo\samd\Servo.cpp.o
LOAD d:\Projekte\InMoov\skeletonControlArduino\build\libraries\Servo\stm32f4\Servo.cpp.o
LOAD d:\Projekte\InMoov\skeletonControlArduino\build\libraries\Wire\Wire.cpp.o
LOAD d:\Projekte\InMoov\skeletonControlArduino\build\core\variant.cpp.o
LOAD C:\Users\maier\AppData\Local\Arduino15\packages\arduino\hardware\sam\1.6.12\variants\arduino_due_x/libsam_sam3x8e_gcc_rel.a
LOAD d:\Projekte\InMoov\skeletonControlArduino\build/core\core.a
END GROUP
LOAD c:/users/maier/appdata/local/arduino15/packages/arduino/tools/arm-none-eabi-gcc/4.8.3-2014q1/bin/../lib/gcc/arm-none-eabi/4.8.3/../../../../arm-none-eabi/lib/armv7-m\libm.a
LOAD c:/users/maier/appdata/local/arduino15/packages/arduino/tools/arm-none-eabi-gcc/4.8.3-2014q1/bin/../lib/gcc/arm-none-eabi/4.8.3/armv7-m\libgcc.a
START GROUP
LOAD c:/users/maier/appdata/local/arduino15/packages/arduino/tools/arm-none-eabi-gcc/4.8.3-2014q1/bin/../lib/gcc/arm-none-eabi/4.8.3/armv7-m\libgcc.a
LOAD c:/users/maier/appdata/local/arduino15/packages/arduino/tools/arm-none-eabi-gcc/4.8.3-2014q1/bin/../lib/gcc/arm-none-eabi/4.8.3/../../../../arm-none-eabi/lib/armv7-m\libc.a
END GROUP
LOAD c:/users/maier/appdata/local/arduino15/packages/arduino/tools/arm-none-eabi-gcc/4.8.3-2014q1/bin/../lib/gcc/arm-none-eabi/4.8.3/armv7-m/crtend.o
LOAD c:/users/maier/appdata/local/arduino15/packages/arduino/tools/arm-none-eabi-gcc/4.8.3-2014q1/bin/../lib/gcc/arm-none-eabi/4.8.3/armv7-m/crtn.o

.text           0x00080000     0x9258
                0x00080000                . = ALIGN (0x4)
                0x00080000                _sfixed = .
 *(.vectors .vectors.*)
 .vectors       0x00080000       0xf4 C:\Users\maier\AppData\Local\Arduino15\packages\arduino\hardware\sam\1.6.12\variants\arduino_due_x/libsam_sam3x8e_gcc_rel.a(startup_sam3xa.o)
                0x00080000                exception_table
 *(.text .text.* .gnu.linkonce.t.*)
 .text          0x000800f4       0x54 c:/users/maier/appdata/local/arduino15/packages/arduino/tools/arm-none-eabi-gcc/4.8.3-2014q1/bin/../lib/gcc/arm-none-eabi/4.8.3/armv7-m/crtbegin.o
 .text._ZN9Mai3Servo5beginEiiiibii
                0x00080148       0x34 d:\Projekte\InMoov\skeletonControlArduino\build\sketch\Mai3Servo.cpp.o
                0x00080148                Mai3Servo::begin(int, int, int, int, bool, int, int)
 .text._ZN9Mai3Servo9stopServoEv
                0x0008017c       0xa4 d:\Projekte\InMoov\skeletonControlArduino\build\sketch\Mai3Servo.cpp.o
                0x0008017c                Mai3Servo::stopServo()
 .text._ZN9Mai3Servo6attachEv
                0x00080220        0x6 d:\Projekte\InMoov\skeletonControlArduino\build\sketch\Mai3Servo.cpp.o
                0x00080220                Mai3Servo::attach()
 .text._ZN9Mai3Servo8attachedEv
                0x00080226        0x4 d:\Projekte\InMoov\skeletonControlArduino\build\sketch\Mai3Servo.cpp.o
                0x00080226                Mai3Servo::attached()
 *fill*         0x0008022a        0x2 
 .text._ZN9Mai3Servo21adjustOutlierPositionEi
                0x0008022c       0xac d:\Projekte\InMoov\skeletonControlArduino\build\sketch\Mai3Servo.cpp.o
                0x0008022c                Mai3Servo::adjustOutlierPosition(int)
 .text._ZN9Mai3Servo6moveToEii
                0x000802d8      0x1dc d:\Projekte\InMoov\skeletonControlArduino\build\sketch\Mai3Servo.cpp.o
                0x000802d8                Mai3Servo::moveTo(int, int)
 .text._ZN9Mai3Servo18writeServoPositionEib
                0x000804b4       0x60 d:\Projekte\InMoov\skeletonControlArduino\build\sketch\Mai3Servo.cpp.o
                0x000804b4                Mai3Servo::writeServoPosition(int, bool)
 .text._ZN9Mai3Servo7powerUpEv
                0x00080514       0x6c d:\Projekte\InMoov\skeletonControlArduino\build\sketch\Mai3Servo.cpp.o
                0x00080514                Mai3Servo::powerUp()
 .text._ZN9Mai3Servo11detachServoEb
                0x00080580       0x64 d:\Projekte\InMoov\skeletonControlArduino\build\sketch\Mai3Servo.cpp.o
                0x00080580                Mai3Servo::detachServo(bool)
 .text._ZN9Mai3Servo6updateEv
                0x000805e4      0x2a4 d:\Projekte\InMoov\skeletonControlArduino\build\sketch\Mai3Servo.cpp.o
                0x000805e4                Mai3Servo::update()
 .text._Z17recvWithEndMarkerv
                0x00080888       0x60 d:\Projekte\InMoov\skeletonControlArduino\build\sketch\readMessages.cpp.o
                0x00080888                recvWithEndMarker()
 .text._Z12checkCommandv
                0x000808e8       0x88 d:\Projekte\InMoov\skeletonControlArduino\build\sketch\readMessages.cpp.o
                0x000808e8                checkCommand()
 .text._Z12servoIdOfPini
                0x00080970       0x20 d:\Projekte\InMoov\skeletonControlArduino\build\sketch\skeletonControlArduino.cpp.o
                0x00080970                servoIdOfPin(int)
 .text._Z17powerUpServoGroupi
                0x00080990      0x100 d:\Projekte\InMoov\skeletonControlArduino\build\sketch\skeletonControlArduino.cpp.o
                0x00080990                powerUpServoGroup(int)
 .text._Z28hasPowerGroupActiveMovementsi
                0x00080a90       0x40 d:\Projekte\InMoov\skeletonControlArduino\build\sketch\skeletonControlArduino.cpp.o
                0x00080a90                hasPowerGroupActiveMovements(int)
 .text._Z12setArduinoIdv
                0x00080ad0       0x64 d:\Projekte\InMoov\skeletonControlArduino\build\sketch\skeletonControlArduino.cpp.o
                0x00080ad0                setArduinoId()
 .text._Z11servoAssignv
                0x00080b34      0x23c d:\Projekte\InMoov\skeletonControlArduino\build\sketch\skeletonControlArduino.cpp.o
                0x00080b34                servoAssign()
 .text._Z11servoMoveTov
                0x00080d70      0x13c d:\Projekte\InMoov\skeletonControlArduino\build\sketch\skeletonControlArduino.cpp.o
                0x00080d70                servoMoveTo()
 .text._Z12servoStopCmdv
                0x00080eac       0xb4 d:\Projekte\InMoov\skeletonControlArduino\build\sketch\skeletonControlArduino.cpp.o
                0x00080eac                servoStopCmd()
 .text._Z15servoStopAllCmdv
                0x00080f60       0x38 d:\Projekte\InMoov\skeletonControlArduino\build\sketch\skeletonControlArduino.cpp.o
                0x00080f60                servoStopAllCmd()
 .text._Z17reportServoStatusv
                0x00080f98      0x11c d:\Projekte\InMoov\skeletonControlArduino\build\sketch\skeletonControlArduino.cpp.o
                0x00080f98                reportServoStatus()
 .text._Z13setAutoDetachv
                0x000810b4       0xb0 d:\Projekte\InMoov\skeletonControlArduino\build\sketch\skeletonControlArduino.cpp.o
                0x000810b4                setAutoDetach()
 .text._Z11setPositionv
                0x00081164       0x70 d:\Projekte\InMoov\skeletonControlArduino\build\sketch\skeletonControlArduino.cpp.o
                0x00081164                setPosition()
 .text._Z10setVerbosev
                0x000811d4       0x7c d:\Projekte\InMoov\skeletonControlArduino\build\sketch\skeletonControlArduino.cpp.o
                0x000811d4                setVerbose()
 .text._Z7pinHighv
                0x00081250       0x54 d:\Projekte\InMoov\skeletonControlArduino\build\sketch\skeletonControlArduino.cpp.o
                0x00081250                pinHigh()
 .text._Z6pinLowv
                0x000812a4       0x58 d:\Projekte\InMoov\skeletonControlArduino\build\sketch\skeletonControlArduino.cpp.o
                0x000812a4                pinLow()
 .text.loop     0x000812fc      0x204 d:\Projekte\InMoov\skeletonControlArduino\build\sketch\skeletonControlArduino.cpp.o
                0x000812fc                loop
 .text.startup._GLOBAL__sub_I_exec_i40
                0x00081500       0x34 d:\Projekte\InMoov\skeletonControlArduino\build\sketch\skeletonControlArduino.cpp.o
 .text.setup    0x00081534       0xd8 d:\Projekte\InMoov\skeletonControlArduino\build\sketch\skeletonControlArduino.cpp.o
                0x00081534                setup
 .text._Z15sendServoStatusiibbbbbb
                0x0008160c       0x7c d:\Projekte\InMoov\skeletonControlArduino\build\sketch\writeMessages.cpp.o
                0x0008160c                sendServoStatus(int, int, bool, bool, bool, bool, bool, bool)
 .text._ZL8_initISRP2Tcmm4IRQn
                0x00081688       0x50 d:\Projekte\InMoov\skeletonControlArduino\build\libraries\Servo\sam\Servo.cpp.o
 .text._Z13Servo_Handler18timer16_Sequence_tP2Tch
                0x000816d8      0x10c d:\Projekte\InMoov\skeletonControlArduino\build\libraries\Servo\sam\Servo.cpp.o
                0x000816d8                Servo_Handler(timer16_Sequence_t, Tc*, unsigned char)
 .text.TC3_Handler
                0x000817e4       0x10 d:\Projekte\InMoov\skeletonControlArduino\build\libraries\Servo\sam\Servo.cpp.o
                0x000817e4                TC3_Handler
 .text.TC4_Handler
                0x000817f4       0x10 d:\Projekte\InMoov\skeletonControlArduino\build\libraries\Servo\sam\Servo.cpp.o
                0x000817f4                TC4_Handler
 .text.TC5_Handler
                0x00081804       0x10 d:\Projekte\InMoov\skeletonControlArduino\build\libraries\Servo\sam\Servo.cpp.o
                0x00081804                TC5_Handler
 .text.TC2_Handler
                0x00081814       0x10 d:\Projekte\InMoov\skeletonControlArduino\build\libraries\Servo\sam\Servo.cpp.o
                0x00081814                TC2_Handler
 .text.TC0_Handler
                0x00081824       0x10 d:\Projekte\InMoov\skeletonControlArduino\build\libraries\Servo\sam\Servo.cpp.o
                0x00081824                TC0_Handler
 .text._ZN5ServoC2Ev
                0x00081834       0x40 d:\Projekte\InMoov\skeletonControlArduino\build\libraries\Servo\sam\Servo.cpp.o
                0x00081834                Servo::Servo()
                0x00081834                Servo::Servo()
 .text._ZN5Servo6attachEiii
                0x00081874       0xb8 d:\Projekte\InMoov\skeletonControlArduino\build\libraries\Servo\sam\Servo.cpp.o
                0x00081874                Servo::attach(int, int, int)
 .text._ZN5Servo6attachEi
                0x0008192c        0xc d:\Projekte\InMoov\skeletonControlArduino\build\libraries\Servo\sam\Servo.cpp.o
                0x0008192c                Servo::attach(int)
 .text._ZN5Servo6detachEv
                0x00081938       0x68 d:\Projekte\InMoov\skeletonControlArduino\build\libraries\Servo\sam\Servo.cpp.o
                0x00081938                Servo::detach()
 .text._ZN5Servo17writeMicrosecondsEi
                0x000819a0       0x4c d:\Projekte\InMoov\skeletonControlArduino\build\libraries\Servo\sam\Servo.cpp.o
                0x000819a0                Servo::writeMicroseconds(int)
 .text._ZN5Servo5writeEi
                0x000819ec       0x42 d:\Projekte\InMoov\skeletonControlArduino\build\libraries\Servo\sam\Servo.cpp.o
                0x000819ec                Servo::write(int)
 *fill*         0x00081a2e        0x2 
 .text._ZN5Servo8attachedEv
                0x00081a30       0x14 d:\Projekte\InMoov\skeletonControlArduino\build\libraries\Servo\sam\Servo.cpp.o
                0x00081a30                Servo::attached()
 .text._ZN7TwoWire5writeEPKhj
                0x00081a44       0x50 d:\Projekte\InMoov\skeletonControlArduino\build\libraries\Wire\Wire.cpp.o
                0x00081a44                TwoWire::write(unsigned char const*, unsigned int)
 .text._ZN7TwoWire9availableEv
                0x00081a94        0xc d:\Projekte\InMoov\skeletonControlArduino\build\libraries\Wire\Wire.cpp.o
                0x00081a94                TwoWire::available()
 .text._ZN7TwoWire4readEv
                0x00081aa0       0x1e d:\Projekte\InMoov\skeletonControlArduino\build\libraries\Wire\Wire.cpp.o
                0x00081aa0                TwoWire::read()
 .text._ZN7TwoWire4peekEv
                0x00081abe       0x16 d:\Projekte\InMoov\skeletonControlArduino\build\libraries\Wire\Wire.cpp.o
                0x00081abe                TwoWire::peek()
 .text._ZN7TwoWire5flushEv
                0x00081ad4        0x2 d:\Projekte\InMoov\skeletonControlArduino\build\libraries\Wire\Wire.cpp.o
                0x00081ad4                TwoWire::flush()
 .text._ZN7TwoWire5writeEh
                0x00081ad6       0x3a d:\Projekte\InMoov\skeletonControlArduino\build\libraries\Wire\Wire.cpp.o
                0x00081ad6                TwoWire::write(unsigned char)
 .text._ZL9Wire_Initv
                0x00081b10       0x54 d:\Projekte\InMoov\skeletonControlArduino\build\libraries\Wire\Wire.cpp.o
 .text._ZL12Wire1_Deinitv
                0x00081b64       0x18 d:\Projekte\InMoov\skeletonControlArduino\build\libraries\Wire\Wire.cpp.o
 .text._ZL11Wire_Deinitv
                0x00081b7c       0x18 d:\Projekte\InMoov\skeletonControlArduino\build\libraries\Wire\Wire.cpp.o
 .text._ZL10Wire1_Initv
                0x00081b94       0x54 d:\Projekte\InMoov\skeletonControlArduino\build\libraries\Wire\Wire.cpp.o
 .text._ZN7TwoWireC2EP3TwiPFvvES3_
                0x00081be8       0x48 d:\Projekte\InMoov\skeletonControlArduino\build\libraries\Wire\Wire.cpp.o
                0x00081be8                TwoWire::TwoWire(Twi*, void (*)(), void (*)())
                0x00081be8                TwoWire::TwoWire(Twi*, void (*)(), void (*)())
 .text._ZN7TwoWire9onServiceEv
                0x00081c30      0x118 d:\Projekte\InMoov\skeletonControlArduino\build\libraries\Wire\Wire.cpp.o
                0x00081c30                TwoWire::onService()
 .text.TWI1_Handler
                0x00081d48        0xc d:\Projekte\InMoov\skeletonControlArduino\build\libraries\Wire\Wire.cpp.o
                0x00081d48                TWI1_Handler
 .text.TWI0_Handler
                0x00081d54        0xc d:\Projekte\InMoov\skeletonControlArduino\build\libraries\Wire\Wire.cpp.o
                0x00081d54                TWI0_Handler
 .text.startup._GLOBAL__sub_I__ZN7TwoWireC2EP3TwiPFvvES3_
                0x00081d60       0x40 d:\Projekte\InMoov\skeletonControlArduino\build\libraries\Wire\Wire.cpp.o
 .text._Z11serialEventv
                0x00081da0        0x2 d:\Projekte\InMoov\skeletonControlArduino\build\core\variant.cpp.o
                0x00081da0                serialEvent()
 *fill*         0x00081da2        0x2 
 .text.UART_Handler
                0x00081da4        0xc d:\Projekte\InMoov\skeletonControlArduino\build\core\variant.cpp.o
                0x00081da4                UART_Handler
 .text._Z12serialEvent1v
                0x00081db0        0x2 d:\Projekte\InMoov\skeletonControlArduino\build\core\variant.cpp.o
                0x00081db0                serialEvent1()
 .text._Z12serialEvent2v
                0x00081db2        0x2 d:\Projekte\InMoov\skeletonControlArduino\build\core\variant.cpp.o
                0x00081db2                serialEvent2()
 .text._Z12serialEvent3v
                0x00081db4        0x2 d:\Projekte\InMoov\skeletonControlArduino\build\core\variant.cpp.o
                0x00081db4                serialEvent3()
 *fill*         0x00081db6        0x2 
 .text.USART0_Handler
                0x00081db8        0xc d:\Projekte\InMoov\skeletonControlArduino\build\core\variant.cpp.o
                0x00081db8                USART0_Handler
 .text.USART1_Handler
                0x00081dc4        0xc d:\Projekte\InMoov\skeletonControlArduino\build\core\variant.cpp.o
                0x00081dc4                USART1_Handler
 .text.USART3_Handler
                0x00081dd0        0xc d:\Projekte\InMoov\skeletonControlArduino\build\core\variant.cpp.o
                0x00081dd0                USART3_Handler
 .text.init     0x00081ddc      0x128 d:\Projekte\InMoov\skeletonControlArduino\build\core\variant.cpp.o
                0x00081ddc                init
 .text.startup._GLOBAL__sub_I_g_APinDescription
                0x00081f04       0xd4 d:\Projekte\InMoov\skeletonControlArduino\build\core\variant.cpp.o
 .text._Z14serialEventRunv
                0x00081fd8       0x44 d:\Projekte\InMoov\skeletonControlArduino\build\core\variant.cpp.o
                0x00081fd8                serialEventRun()
 .text.PIO_PullUp
                0x0008201c        0xa C:\Users\maier\AppData\Local\Arduino15\packages\arduino\hardware\sam\1.6.12\variants\arduino_due_x/libsam_sam3x8e_gcc_rel.a(pio.o)
                0x0008201c                PIO_PullUp
 .text.PIO_Get  0x00082026       0x14 C:\Users\maier\AppData\Local\Arduino15\packages\arduino\hardware\sam\1.6.12\variants\arduino_due_x/libsam_sam3x8e_gcc_rel.a(pio.o)
                0x00082026                PIO_Get
 .text.PIO_SetPeripheral
                0x0008203a       0x26 C:\Users\maier\AppData\Local\Arduino15\packages\arduino\hardware\sam\1.6.12\variants\arduino_due_x/libsam_sam3x8e_gcc_rel.a(pio.o)
                0x0008203a                PIO_SetPeripheral
 .text.PIO_SetInput
                0x00082060       0x26 C:\Users\maier\AppData\Local\Arduino15\packages\arduino\hardware\sam\1.6.12\variants\arduino_due_x/libsam_sam3x8e_gcc_rel.a(pio.o)
                0x00082060                PIO_SetInput
 .text.PIO_SetOutput
                0x00082086       0x24 C:\Users\maier\AppData\Local\Arduino15\packages\arduino\hardware\sam\1.6.12\variants\arduino_due_x/libsam_sam3x8e_gcc_rel.a(pio.o)
                0x00082086                PIO_SetOutput
 *fill*         0x000820aa        0x2 
 .text.PIO_Configure
                0x000820ac       0x64 C:\Users\maier\AppData\Local\Arduino15\packages\arduino\hardware\sam\1.6.12\variants\arduino_due_x/libsam_sam3x8e_gcc_rel.a(pio.o)
                0x000820ac                PIO_Configure
 .text.PIO_GetOutputDataStatus
                0x00082110       0x14 C:\Users\maier\AppData\Local\Arduino15\packages\arduino\hardware\sam\1.6.12\variants\arduino_due_x/libsam_sam3x8e_gcc_rel.a(pio.o)
                0x00082110                PIO_GetOutputDataStatus
 .text.pmc_enable_upll_clock
                0x00082124       0x14 C:\Users\maier\AppData\Local\Arduino15\packages\arduino\hardware\sam\1.6.12\variants\arduino_due_x/libsam_sam3x8e_gcc_rel.a(pmc.o)
                0x00082124                pmc_enable_upll_clock
 .text.pmc_enable_periph_clk
                0x00082138       0x44 C:\Users\maier\AppData\Local\Arduino15\packages\arduino\hardware\sam\1.6.12\variants\arduino_due_x/libsam_sam3x8e_gcc_rel.a(pmc.o)
                0x00082138                pmc_enable_periph_clk
 .text.pmc_disable_periph_clk
                0x0008217c       0x40 C:\Users\maier\AppData\Local\Arduino15\packages\arduino\hardware\sam\1.6.12\variants\arduino_due_x/libsam_sam3x8e_gcc_rel.a(pmc.o)
                0x0008217c                pmc_disable_periph_clk
 .text.pmc_switch_udpck_to_upllck
                0x000821bc       0x14 C:\Users\maier\AppData\Local\Arduino15\packages\arduino\hardware\sam\1.6.12\variants\arduino_due_x/libsam_sam3x8e_gcc_rel.a(pmc.o)
                0x000821bc                pmc_switch_udpck_to_upllck
 .text.pmc_enable_udpck
                0x000821d0        0xc C:\Users\maier\AppData\Local\Arduino15\packages\arduino\hardware\sam\1.6.12\variants\arduino_due_x/libsam_sam3x8e_gcc_rel.a(pmc.o)
                0x000821d0                pmc_enable_udpck
 .text.TC_Configure
                0x000821dc       0x38 C:\Users\maier\AppData\Local\Arduino15\packages\arduino\hardware\sam\1.6.12\variants\arduino_due_x/libsam_sam3x8e_gcc_rel.a(tc.o)
                0x000821dc                TC_Configure
 .text.TC_Start
                0x00082214       0x2c C:\Users\maier\AppData\Local\Arduino15\packages\arduino\hardware\sam\1.6.12\variants\arduino_due_x/libsam_sam3x8e_gcc_rel.a(tc.o)
                0x00082214                TC_Start
 .text.TC_Stop  0x00082240       0x2c C:\Users\maier\AppData\Local\Arduino15\packages\arduino\hardware\sam\1.6.12\variants\arduino_due_x/libsam_sam3x8e_gcc_rel.a(tc.o)
                0x00082240                TC_Stop
 .text.TC_SetRA
                0x0008226c        0x8 C:\Users\maier\AppData\Local\Arduino15\packages\arduino\hardware\sam\1.6.12\variants\arduino_due_x/libsam_sam3x8e_gcc_rel.a(tc.o)
                0x0008226c                TC_SetRA
 .text.TWI_ReadByte
                0x00082274       0x28 C:\Users\maier\AppData\Local\Arduino15\packages\arduino\hardware\sam\1.6.12\variants\arduino_due_x/libsam_sam3x8e_gcc_rel.a(twi.o)
                0x00082274                TWI_ReadByte
 .text.TWI_WriteByte
                0x0008229c       0x24 C:\Users\maier\AppData\Local\Arduino15\packages\arduino\hardware\sam\1.6.12\variants\arduino_due_x/libsam_sam3x8e_gcc_rel.a(twi.o)
                0x0008229c                TWI_WriteByte
 .text.TWI_EnableIt
                0x000822c0       0x40 C:\Users\maier\AppData\Local\Arduino15\packages\arduino\hardware\sam\1.6.12\variants\arduino_due_x/libsam_sam3x8e_gcc_rel.a(twi.o)
                0x000822c0                TWI_EnableIt
 .text.TWI_DisableIt
                0x00082300       0x40 C:\Users\maier\AppData\Local\Arduino15\packages\arduino\hardware\sam\1.6.12\variants\arduino_due_x/libsam_sam3x8e_gcc_rel.a(twi.o)
                0x00082300                TWI_DisableIt
 .text.TWI_GetStatus
                0x00082340       0x28 C:\Users\maier\AppData\Local\Arduino15\packages\arduino\hardware\sam\1.6.12\variants\arduino_due_x/libsam_sam3x8e_gcc_rel.a(twi.o)
                0x00082340                TWI_GetStatus
 .text.SystemInit
                0x00082368       0x88 C:\Users\maier\AppData\Local\Arduino15\packages\arduino\hardware\sam\1.6.12\variants\arduino_due_x/libsam_sam3x8e_gcc_rel.a(system_sam3xa.o)
                0x00082368                SystemInit
 .text.Reset_Handler
                0x000823f0       0x78 C:\Users\maier\AppData\Local\Arduino15\packages\arduino\hardware\sam\1.6.12\variants\arduino_due_x/libsam_sam3x8e_gcc_rel.a(startup_sam3xa.o)
                0x000823f0                Reset_Handler
 .text.adc_init
                0x00082468       0x98 C:\Users\maier\AppData\Local\Arduino15\packages\arduino\hardware\sam\1.6.12\variants\arduino_due_x/libsam_sam3x8e_gcc_rel.a(adc.o)
                0x00082468                adc_init
 .text.adc_configure_trigger
                0x00082500        0xe C:\Users\maier\AppData\Local\Arduino15\packages\arduino\hardware\sam\1.6.12\variants\arduino_due_x/libsam_sam3x8e_gcc_rel.a(adc.o)
                0x00082500                adc_configure_trigger
 .text.adc_configure_timing
                0x0008250e       0x1a C:\Users\maier\AppData\Local\Arduino15\packages\arduino\hardware\sam\1.6.12\variants\arduino_due_x/libsam_sam3x8e_gcc_rel.a(adc.o)
                0x0008250e                adc_configure_timing
 .text.adc_disable_channel
                0x00082528        0xa C:\Users\maier\AppData\Local\Arduino15\packages\arduino\hardware\sam\1.6.12\variants\arduino_due_x/libsam_sam3x8e_gcc_rel.a(adc.o)
                0x00082528                adc_disable_channel
 .text.adc_disable_all_channel
                0x00082532        0x8 C:\Users\maier\AppData\Local\Arduino15\packages\arduino\hardware\sam\1.6.12\variants\arduino_due_x/libsam_sam3x8e_gcc_rel.a(adc.o)
                0x00082532                adc_disable_all_channel
 .text.adc_disable_interrupt
                0x0008253a        0x4 C:\Users\maier\AppData\Local\Arduino15\packages\arduino\hardware\sam\1.6.12\variants\arduino_due_x/libsam_sam3x8e_gcc_rel.a(adc.o)
                0x0008253a                adc_disable_interrupt
 *fill*         0x0008253e        0x2 
 .text.UOTGHS_Handler
                0x00082540       0x10 C:\Users\maier\AppData\Local\Arduino15\packages\arduino\hardware\sam\1.6.12\variants\arduino_due_x/libsam_sam3x8e_gcc_rel.a(uotghs.o)
                0x00082540                UOTGHS_Handler
 .text.PIOA_Handler
                0x00082550       0x38 d:\Projekte\InMoov\skeletonControlArduino\build/core\core.a(WInterrupts.c.o)
                0x00082550                PIOA_Handler
 .text.PIOB_Handler
                0x00082588       0x38 d:\Projekte\InMoov\skeletonControlArduino\build/core\core.a(WInterrupts.c.o)
                0x00082588                PIOB_Handler
 .text.PIOC_Handler
                0x000825c0       0x38 d:\Projekte\InMoov\skeletonControlArduino\build/core\core.a(WInterrupts.c.o)
                0x000825c0                PIOC_Handler
 .text.PIOD_Handler
                0x000825f8       0x38 d:\Projekte\InMoov\skeletonControlArduino\build/core\core.a(WInterrupts.c.o)
                0x000825f8                PIOD_Handler
 .text.__halt   0x00082630        0x2 d:\Projekte\InMoov\skeletonControlArduino\build/core\core.a(cortex_handlers.c.o)
                0x00082630                DACC_Handler
                0x00082630                DebugMon_Handler
                0x00082630                DMAC_Handler
                0x00082630                TRNG_Handler
                0x00082630                HardFault_Handler
                0x00082630                NMI_Handler
                0x00082630                TC7_Handler
                0x00082630                ADC_Handler
                0x00082630                SMC_Handler
                0x00082630                RTT_Handler
                0x00082630                EFC1_Handler
                0x00082630                RTC_Handler
                0x00082630                UsageFault_Handler
                0x00082630                TC6_Handler
                0x00082630                WDT_Handler
                0x00082630                CAN0_Handler
                0x00082630                TC1_Handler
                0x00082630                HSMCI_Handler
                0x00082630                SSC_Handler
                0x00082630                EFC0_Handler
                0x00082630                PMC_Handler
                0x00082630                PWM_Handler
                0x00082630                CAN1_Handler
                0x00082630                MemManage_Handler
                0x00082630                SUPC_Handler
                0x00082630                TC8_Handler
                0x00082630                USART2_Handler
                0x00082630                EMAC_Handler
                0x00082630                BusFault_Handler
                0x00082630                RSTC_Handler
                0x00082630                SPI0_Handler
 .text.SVC_Handler
                0x00082632        0x4 d:\Projekte\InMoov\skeletonControlArduino\build/core\core.a(cortex_handlers.c.o)
                0x00082632                SVC_Handler
 .text.PendSV_Handler
                0x00082636        0x4 d:\Projekte\InMoov\skeletonControlArduino\build/core\core.a(cortex_handlers.c.o)
                0x00082636                PendSV_Handler
 .text.SysTick_Handler
                0x0008263a       0x16 d:\Projekte\InMoov\skeletonControlArduino\build/core\core.a(cortex_handlers.c.o)
                0x0008263a                SysTick_Handler
 .text.__empty  0x00082650        0x2 d:\Projekte\InMoov\skeletonControlArduino\build/core\core.a(hooks.c.o)
                0x00082650                yield
 .text.__false  0x00082652        0x4 d:\Projekte\InMoov\skeletonControlArduino\build/core\core.a(hooks.c.o)
                0x00082652                sysTickHook
 .text.__halt   0x00082656        0x2 d:\Projekte\InMoov\skeletonControlArduino\build/core\core.a(hooks.c.o)
                0x00082656                svcHook
                0x00082656                pendSVHook
 .text._sbrk    0x00082658       0x1c d:\Projekte\InMoov\skeletonControlArduino\build/core\core.a(syscalls_sam3.c.o)
                0x00082658                _sbrk
 .text.link     0x00082674        0x6 d:\Projekte\InMoov\skeletonControlArduino\build/core\core.a(syscalls_sam3.c.o)
                0x00082674                link
 .text._close   0x0008267a        0x6 d:\Projekte\InMoov\skeletonControlArduino\build/core\core.a(syscalls_sam3.c.o)
                0x0008267a                _close
 .text._fstat   0x00082680        0xa d:\Projekte\InMoov\skeletonControlArduino\build/core\core.a(syscalls_sam3.c.o)
                0x00082680                _fstat
 .text._isatty  0x0008268a        0x4 d:\Projekte\InMoov\skeletonControlArduino\build/core\core.a(syscalls_sam3.c.o)
                0x0008268a                _isatty
 .text._lseek   0x0008268e        0x4 d:\Projekte\InMoov\skeletonControlArduino\build/core\core.a(syscalls_sam3.c.o)
                0x0008268e                _lseek
 .text._read    0x00082692        0x4 d:\Projekte\InMoov\skeletonControlArduino\build/core\core.a(syscalls_sam3.c.o)
                0x00082692                _read
 *fill*         0x00082696        0x2 
 .text._write   0x00082698       0x24 d:\Projekte\InMoov\skeletonControlArduino\build/core\core.a(syscalls_sam3.c.o)
                0x00082698                _write
 .text._exit    0x000826bc        0x2 d:\Projekte\InMoov\skeletonControlArduino\build/core\core.a(syscalls_sam3.c.o)
                0x000826bc                _exit
 .text._kill    0x000826be        0x2 d:\Projekte\InMoov\skeletonControlArduino\build/core\core.a(syscalls_sam3.c.o)
                0x000826be                _kill
 .text._getpid  0x000826c0        0x6 d:\Projekte\InMoov\skeletonControlArduino\build/core\core.a(syscalls_sam3.c.o)
                0x000826c0                _getpid
 .text.millis   0x000826c6        0x4 d:\Projekte\InMoov\skeletonControlArduino\build/core\core.a(wiring.c.o)
                0x000826c6                millis
 .text.delay    0x000826ca       0x1c d:\Projekte\InMoov\skeletonControlArduino\build/core\core.a(wiring.c.o)
                0x000826ca                delay
 .text.analogOutputInit
                0x000826e6        0x2 d:\Projekte\InMoov\skeletonControlArduino\build/core\core.a(wiring_analog.c.o)
                0x000826e6                analogOutputInit
 .text.pinMode  0x000826e8      0x108 d:\Projekte\InMoov\skeletonControlArduino\build/core\core.a(wiring_digital.c.o)
                0x000826e8                pinMode
 .text.digitalWrite
                0x000827f0       0x70 d:\Projekte\InMoov\skeletonControlArduino\build/core\core.a(wiring_digital.c.o)
                0x000827f0                digitalWrite
 .text.digitalRead
                0x00082860       0x44 d:\Projekte\InMoov\skeletonControlArduino\build/core\core.a(wiring_digital.c.o)
                0x00082860                digitalRead
 .text._ZN5Print5writeEPKhj
                0x000828a4       0x22 d:\Projekte\InMoov\skeletonControlArduino\build/core\core.a(Print.cpp.o)
                0x000828a4                Print::write(unsigned char const*, unsigned int)
 .text._ZN5Print5printEmi.part.3
                0x000828c6        0xc d:\Projekte\InMoov\skeletonControlArduino\build/core\core.a(Print.cpp.o)
 .text._ZN5Print5writeEPKc
                0x000828d2       0x1e d:\Projekte\InMoov\skeletonControlArduino\build/core\core.a(Print.cpp.o)
                0x000828d2                Print::write(char const*)
 .text._ZN5Print5printEPKc
                0x000828f0        0x8 d:\Projekte\InMoov\skeletonControlArduino\build/core\core.a(Print.cpp.o)
                0x000828f0                Print::print(char const*)
 .text._ZN5Print5printEc
                0x000828f8        0xa d:\Projekte\InMoov\skeletonControlArduino\build/core\core.a(Print.cpp.o)
                0x000828f8                Print::print(char)
 *fill*         0x00082902        0x2 
 .text._ZN5Print7printlnEv
                0x00082904       0x10 d:\Projekte\InMoov\skeletonControlArduino\build/core\core.a(Print.cpp.o)
                0x00082904                Print::println()
 .text._ZN5Print7printlnEPKc
                0x00082914       0x14 d:\Projekte\InMoov\skeletonControlArduino\build/core\core.a(Print.cpp.o)
                0x00082914                Print::println(char const*)
 .text._ZN5Print11printNumberEmh
                0x00082928       0x3e d:\Projekte\InMoov\skeletonControlArduino\build/core\core.a(Print.cpp.o)
                0x00082928                Print::printNumber(unsigned long, unsigned char)
 .text._ZN5Print5printEli
                0x00082966       0x3c d:\Projekte\InMoov\skeletonControlArduino\build/core\core.a(Print.cpp.o)
                0x00082966                Print::print(long, int)
 .text._ZN5Print5printEii
                0x000829a2        0x4 d:\Projekte\InMoov\skeletonControlArduino\build/core\core.a(Print.cpp.o)
                0x000829a2                Print::print(int, int)
 .text._ZN5Print7printlnEii
                0x000829a6       0x14 d:\Projekte\InMoov\skeletonControlArduino\build/core\core.a(Print.cpp.o)
                0x000829a6                Print::println(int, int)
 .text._ZN5Print5printEmi
                0x000829ba        0xc d:\Projekte\InMoov\skeletonControlArduino\build/core\core.a(Print.cpp.o)
                0x000829ba                Print::print(unsigned long, int)
 .text._ZN5Print5printEhi
                0x000829c6        0x4 d:\Projekte\InMoov\skeletonControlArduino\build/core\core.a(Print.cpp.o)
                0x000829c6                Print::print(unsigned char, int)
 *fill*         0x000829ca        0x2 
 .text._ZN5Print10printFloatEdh
                0x000829cc      0x148 d:\Projekte\InMoov\skeletonControlArduino\build/core\core.a(Print.cpp.o)
                0x000829cc                Print::printFloat(double, unsigned char)
 .text._ZN5Print5printEdi
                0x00082b14        0xa d:\Projekte\InMoov\skeletonControlArduino\build/core\core.a(Print.cpp.o)
                0x00082b14                Print::print(double, int)
 *fill*         0x00082b1e        0x2 
 .text.initiateReset
                0x00082b20        0xc d:\Projekte\InMoov\skeletonControlArduino\build/core\core.a(Reset.cpp.o)
                0x00082b20                initiateReset
 .text.cancelReset
                0x00082b2c       0x10 d:\Projekte\InMoov\skeletonControlArduino\build/core\core.a(Reset.cpp.o)
                0x00082b2c                cancelReset
 .text.tickReset
                0x00082b3c       0x20 d:\Projekte\InMoov\skeletonControlArduino\build/core\core.a(Reset.cpp.o)
                0x00082b3c                tickReset
 .text._ZN10RingBufferC2Ev
                0x00082b5c       0x1a d:\Projekte\InMoov\skeletonControlArduino\build/core\core.a(RingBuffer.cpp.o)
                0x00082b5c                RingBuffer::RingBuffer()
                0x00082b5c                RingBuffer::RingBuffer()
 .text._ZN10RingBuffer10store_charEh
                0x00082b76       0x1e d:\Projekte\InMoov\skeletonControlArduino\build/core\core.a(RingBuffer.cpp.o)
                0x00082b76                RingBuffer::store_char(unsigned char)
 .text._ZN9UARTClasscvbEv
                0x00082b94        0x4 d:\Projekte\InMoov\skeletonControlArduino\build/core\core.a(UARTClass.cpp.o)
                0x00082b94                UARTClass::operator bool()
 .text._ZN9UARTClass9availableEv
                0x00082b98       0x12 d:\Projekte\InMoov\skeletonControlArduino\build/core\core.a(UARTClass.cpp.o)
                0x00082b98                UARTClass::available()
 .text._ZN9UARTClass4peekEv
                0x00082baa       0x1c d:\Projekte\InMoov\skeletonControlArduino\build/core\core.a(UARTClass.cpp.o)
                0x00082baa                UARTClass::peek()
 .text._ZN9UARTClass4readEv
                0x00082bc6       0x2a d:\Projekte\InMoov\skeletonControlArduino\build/core\core.a(UARTClass.cpp.o)
                0x00082bc6                UARTClass::read()
 .text._ZN9UARTClass5flushEv
                0x00082bf0       0x18 d:\Projekte\InMoov\skeletonControlArduino\build/core\core.a(UARTClass.cpp.o)
                0x00082bf0                UARTClass::flush()
 .text._ZN9UARTClass5writeEh
                0x00082c08       0x54 d:\Projekte\InMoov\skeletonControlArduino\build/core\core.a(UARTClass.cpp.o)
                0x00082c08                UARTClass::write(unsigned char)
 .text._ZN9UARTClass3endEv
                0x00082c5c       0x3c d:\Projekte\InMoov\skeletonControlArduino\build/core\core.a(UARTClass.cpp.o)
                0x00082c5c                UARTClass::end()
 .text._ZN9UARTClassC2EP4Uart4IRQnmP10RingBufferS4_
                0x00082c98       0x24 d:\Projekte\InMoov\skeletonControlArduino\build/core\core.a(UARTClass.cpp.o)
                0x00082c98                UARTClass::UARTClass(Uart*, IRQn, unsigned long, RingBuffer*, RingBuffer*)
                0x00082c98                UARTClass::UARTClass(Uart*, IRQn, unsigned long, RingBuffer*, RingBuffer*)
 .text._ZN9UARTClass4initEmm
                0x00082cbc       0x70 d:\Projekte\InMoov\skeletonControlArduino\build/core\core.a(UARTClass.cpp.o)
                0x00082cbc                UARTClass::init(unsigned long, unsigned long)
 .text._ZN9UARTClass5beginEm
                0x00082d2c        0x8 d:\Projekte\InMoov\skeletonControlArduino\build/core\core.a(UARTClass.cpp.o)
                0x00082d2c                UARTClass::begin(unsigned long)
 .text._ZN9UARTClass10IrqHandlerEv
                0x00082d34       0x5a d:\Projekte\InMoov\skeletonControlArduino\build/core\core.a(UARTClass.cpp.o)
                0x00082d34                UARTClass::IrqHandler()
 .text._ZN10USARTClass5beginEm
                0x00082d8e        0x8 d:\Projekte\InMoov\skeletonControlArduino\build/core\core.a(USARTClass.cpp.o)
                0x00082d8e                USARTClass::begin(unsigned long)
 *fill*         0x00082d96        0x2 
 .text._ZN10USARTClassC2EP5Usart4IRQnmP10RingBufferS4_
                0x00082d98       0x24 d:\Projekte\InMoov\skeletonControlArduino\build/core\core.a(USARTClass.cpp.o)
                0x00082d98                USARTClass::USARTClass(Usart*, IRQn, unsigned long, RingBuffer*, RingBuffer*)
                0x00082d98                USARTClass::USARTClass(Usart*, IRQn, unsigned long, RingBuffer*, RingBuffer*)
 .text._Z3maplllll
                0x00082dbc       0x14 d:\Projekte\InMoov\skeletonControlArduino\build/core\core.a(WMath.cpp.o)
                0x00082dbc                map(long, long, long, long, long)
 .text.initVariant
                0x00082dd0        0x2 d:\Projekte\InMoov\skeletonControlArduino\build/core\core.a(main.cpp.o)
                0x00082dd0                initVariant
 *fill*         0x00082dd2        0x2 
 .text.startup.main
                0x00082dd4       0x38 d:\Projekte\InMoov\skeletonControlArduino\build/core\core.a(main.cpp.o)
                0x00082dd4                main
 .text._watchdogDefaultSetup
                0x00082e0c        0xc d:\Projekte\InMoov\skeletonControlArduino\build/core\core.a(watchdog.cpp.o)
                0x00082e0c                _watchdogDefaultSetup
                0x00082e0c                watchdogSetup()
 .text.unlikely._ZL11USB_SendZlpv
                0x00082e18       0x20 d:\Projekte\InMoov\skeletonControlArduino\build/core\core.a(USBCore.cpp.o)
 .text._Z14USBD_Availablem
                0x00082e38       0x2c d:\Projekte\InMoov\skeletonControlArduino\build/core\core.a(USBCore.cpp.o)
                0x00082e38                USBD_Available(unsigned long)
 .text._Z9USBD_RecvmPvm
                0x00082e64       0x7c d:\Projekte\InMoov\skeletonControlArduino\build/core\core.a(USBCore.cpp.o)
                0x00082e64                USBD_Recv(unsigned long, void*, unsigned long)
 .text._Z9USBD_Recvm
                0x00082ee0       0x22 d:\Projekte\InMoov\skeletonControlArduino\build/core\core.a(USBCore.cpp.o)
                0x00082ee0                USBD_Recv(unsigned long)
 *fill*         0x00082f02        0x2 
 .text._Z9USBD_SendmPKvm
                0x00082f04       0x4c d:\Projekte\InMoov\skeletonControlArduino\build/core\core.a(USBCore.cpp.o)
                0x00082f04                USBD_Send(unsigned long, void const*, unsigned long)
 .text._Z16USBD_SendControlhPKvm
                0x00082f50       0x40 d:\Projekte\InMoov\skeletonControlArduino\build/core\core.a(USBCore.cpp.o)
                0x00082f50                USBD_SendControl(unsigned char, void const*, unsigned long)
 .text.unlikely._ZL24USB_SendStringDescriptorPKhi
                0x00082f90       0x64 d:\Projekte\InMoov\skeletonControlArduino\build/core\core.a(USBCore.cpp.o)
 .text._Z16USBD_RecvControlPvm
                0x00082ff4       0x1c d:\Projekte\InMoov\skeletonControlArduino\build/core\core.a(USBCore.cpp.o)
                0x00082ff4                USBD_RecvControl(void*, unsigned long)
 .text._Z26USBD_ClassInterfaceRequestR8USBSetup
                0x00083010       0x1e d:\Projekte\InMoov\skeletonControlArduino\build/core\core.a(USBCore.cpp.o)
                0x00083010                USBD_ClassInterfaceRequest(USBSetup&)
 .text._Z19USBD_SendInterfacesv
                0x0008302e       0x22 d:\Projekte\InMoov\skeletonControlArduino\build/core\core.a(USBCore.cpp.o)
                0x0008302e                USBD_SendInterfaces()
 .text._Z24USBD_SendOtherInterfacesv
                0x00083050       0x22 d:\Projekte\InMoov\skeletonControlArduino\build/core\core.a(USBCore.cpp.o)
                0x00083050                USBD_SendOtherInterfaces()
 .text._Z10USBD_Flushm
                0x00083072       0x16 d:\Projekte\InMoov\skeletonControlArduino\build/core\core.a(USBCore.cpp.o)
                0x00083072                USBD_Flush(unsigned long)
 .text._ZN10USBDevice_C2Ev
                0x00083088       0x24 d:\Projekte\InMoov\skeletonControlArduino\build/core\core.a(USBCore.cpp.o)
                0x00083088                USBDevice_::USBDevice_()
                0x00083088                USBDevice_::USBDevice_()
 .text._ZN10USBDevice_6attachEv
                0x000830ac       0x20 d:\Projekte\InMoov\skeletonControlArduino\build/core\core.a(USBCore.cpp.o)
                0x000830ac                USBDevice_::attach()
 .text.startup._GLOBAL__sub_I_EndPoints
                0x000830cc        0xc d:\Projekte\InMoov\skeletonControlArduino\build/core\core.a(USBCore.cpp.o)
 .text._ZL7USB_ISRv
                0x000830d8      0x454 d:\Projekte\InMoov\skeletonControlArduino\build/core\core.a(USBCore.cpp.o)
 .text._ZN7Serial_9availableEv
                0x0008352c       0x18 d:\Projekte\InMoov\skeletonControlArduino\build/core\core.a(CDC.cpp.o)
                0x0008352c                Serial_::available()
 .text._ZN7Serial_17availableForWriteEv
                0x00083544        0x6 d:\Projekte\InMoov\skeletonControlArduino\build/core\core.a(CDC.cpp.o)
                0x00083544                Serial_::availableForWrite()
 *fill*         0x0008354a        0x2 
 .text._ZN7Serial_4peekEv
                0x0008354c       0x20 d:\Projekte\InMoov\skeletonControlArduino\build/core\core.a(CDC.cpp.o)
                0x0008354c                Serial_::peek()
 .text._ZN7Serial_5writeEh
                0x0008356c       0x16 d:\Projekte\InMoov\skeletonControlArduino\build/core\core.a(CDC.cpp.o)
                0x0008356c                Serial_::write(unsigned char)
 *fill*         0x00083582        0x2 
 .text._ZN7Serial_4readEv
                0x00083584       0x44 d:\Projekte\InMoov\skeletonControlArduino\build/core\core.a(CDC.cpp.o)
                0x00083584                Serial_::read()
 .text._ZN7Serial_5flushEv
                0x000835c8        0x6 d:\Projekte\InMoov\skeletonControlArduino\build/core\core.a(CDC.cpp.o)
                0x000835c8                Serial_::flush()
 *fill*         0x000835ce        0x2 
 .text._ZN7Serial_6acceptEv
                0x000835d0       0x70 d:\Projekte\InMoov\skeletonControlArduino\build/core\core.a(CDC.cpp.o)
                0x000835d0                Serial_::accept()
 .text._ZN7Serial_5writeEPKhj
                0x00083640       0x2c d:\Projekte\InMoov\skeletonControlArduino\build/core\core.a(CDC.cpp.o)
                0x00083640                Serial_::write(unsigned char const*, unsigned int)
 .text._Z16CDC_GetInterfacePh
                0x0008366c       0x14 d:\Projekte\InMoov\skeletonControlArduino\build/core\core.a(CDC.cpp.o)
                0x0008366c                CDC_GetInterface(unsigned char*)
 .text._Z21CDC_GetOtherInterfacePh
                0x00083680       0x14 d:\Projekte\InMoov\skeletonControlArduino\build/core\core.a(CDC.cpp.o)
                0x00083680                CDC_GetOtherInterface(unsigned char*)
 .text._Z9CDC_SetupR8USBSetup
                0x00083694       0x78 d:\Projekte\InMoov\skeletonControlArduino\build/core\core.a(CDC.cpp.o)
                0x00083694                CDC_Setup(USBSetup&)
 .text.startup._GLOBAL__sub_I_cdc_rx_buffer
                0x0008370c       0x1c d:\Projekte\InMoov\skeletonControlArduino\build/core\core.a(CDC.cpp.o)
 .text._ZN13PluggableUSB_12getInterfaceEPh
                0x00083728       0x28 d:\Projekte\InMoov\skeletonControlArduino\build/core\core.a(PluggableUSB.cpp.o)
                0x00083728                PluggableUSB_::getInterface(unsigned char*)
 .text._ZN13PluggableUSB_13getDescriptorER8USBSetup
                0x00083750       0x1c d:\Projekte\InMoov\skeletonControlArduino\build/core\core.a(PluggableUSB.cpp.o)
                0x00083750                PluggableUSB_::getDescriptor(USBSetup&)
 .text._ZN13PluggableUSB_12getShortNameEPc
                0x0008376c       0x1c d:\Projekte\InMoov\skeletonControlArduino\build/core\core.a(PluggableUSB.cpp.o)
                0x0008376c                PluggableUSB_::getShortName(char*)
 .text._ZN13PluggableUSB_5setupER8USBSetup
                0x00083788       0x20 d:\Projekte\InMoov\skeletonControlArduino\build/core\core.a(PluggableUSB.cpp.o)
                0x00083788                PluggableUSB_::setup(USBSetup&)
 .text._Z12PluggableUSBv
                0x000837a8       0x28 d:\Projekte\InMoov\skeletonControlArduino\build/core\core.a(PluggableUSB.cpp.o)
                0x000837a8                PluggableUSB()
 .text.TimeTick_Increment
                0x000837d0       0x10 C:\Users\maier\AppData\Local\Arduino15\packages\arduino\hardware\sam\1.6.12\variants\arduino_due_x/libsam_sam3x8e_gcc_rel.a(timetick.o)
                0x000837d0                TimeTick_Increment
 .text.GetTickCount
                0x000837e0        0xc C:\Users\maier\AppData\Local\Arduino15\packages\arduino\hardware\sam\1.6.12\variants\arduino_due_x/libsam_sam3x8e_gcc_rel.a(timetick.o)
                0x000837e0                GetTickCount
 .text.WDT_Disable
                0x000837ec        0x8 C:\Users\maier\AppData\Local\Arduino15\packages\arduino\hardware\sam\1.6.12\variants\arduino_due_x/libsam_sam3x8e_gcc_rel.a(wdt.o)
                0x000837ec                WDT_Disable
 .text.UDD_SetStack
                0x000837f4        0xc C:\Users\maier\AppData\Local\Arduino15\packages\arduino\hardware\sam\1.6.12\variants\arduino_due_x/libsam_sam3x8e_gcc_rel.a(uotghs_device.o)
                0x000837f4                UDD_SetStack
 .text.UDD_Init
                0x00083800       0xd0 C:\Users\maier\AppData\Local\Arduino15\packages\arduino\hardware\sam\1.6.12\variants\arduino_due_x/libsam_sam3x8e_gcc_rel.a(uotghs_device.o)
                0x00083800                UDD_Init
 .text.UDD_Attach
                0x000838d0       0x50 C:\Users\maier\AppData\Local\Arduino15\packages\arduino\hardware\sam\1.6.12\variants\arduino_due_x/libsam_sam3x8e_gcc_rel.a(uotghs_device.o)
                0x000838d0                UDD_Attach
 .text.UDD_InitEP
                0x00083920       0x2c C:\Users\maier\AppData\Local\Arduino15\packages\arduino\hardware\sam\1.6.12\variants\arduino_due_x/libsam_sam3x8e_gcc_rel.a(uotghs_device.o)
                0x00083920                UDD_InitEP
 .text.UDD_InitEndpoints
                0x0008394c       0x3c C:\Users\maier\AppData\Local\Arduino15\packages\arduino\hardware\sam\1.6.12\variants\arduino_due_x/libsam_sam3x8e_gcc_rel.a(uotghs_device.o)
                0x0008394c                UDD_InitEndpoints
 .text.UDD_WaitIN
                0x00083988       0x10 C:\Users\maier\AppData\Local\Arduino15\packages\arduino\hardware\sam\1.6.12\variants\arduino_due_x/libsam_sam3x8e_gcc_rel.a(uotghs_device.o)
                0x00083988                UDD_WaitIN
 .text.UDD_WaitOUT
                0x00083998       0x10 C:\Users\maier\AppData\Local\Arduino15\packages\arduino\hardware\sam\1.6.12\variants\arduino_due_x/libsam_sam3x8e_gcc_rel.a(uotghs_device.o)
                0x00083998                UDD_WaitOUT
 .text.UDD_ClearIN
                0x000839a8       0x18 C:\Users\maier\AppData\Local\Arduino15\packages\arduino\hardware\sam\1.6.12\variants\arduino_due_x/libsam_sam3x8e_gcc_rel.a(uotghs_device.o)
                0x000839a8                UDD_ClearIN
 .text.UDD_ClearOUT
                0x000839c0       0x18 C:\Users\maier\AppData\Local\Arduino15\packages\arduino\hardware\sam\1.6.12\variants\arduino_due_x/libsam_sam3x8e_gcc_rel.a(uotghs_device.o)
                0x000839c0                UDD_ClearOUT
 .text.UDD_ReceivedSetupInt
                0x000839d8       0x10 C:\Users\maier\AppData\Local\Arduino15\packages\arduino\hardware\sam\1.6.12\variants\arduino_due_x/libsam_sam3x8e_gcc_rel.a(uotghs_device.o)
                0x000839d8                UDD_ReceivedSetupInt
 .text.UDD_ClearSetupInt
                0x000839e8       0x10 C:\Users\maier\AppData\Local\Arduino15\packages\arduino\hardware\sam\1.6.12\variants\arduino_due_x/libsam_sam3x8e_gcc_rel.a(uotghs_device.o)
                0x000839e8                UDD_ClearSetupInt
 .text.UDD_Send
                0x000839f8       0x88 C:\Users\maier\AppData\Local\Arduino15\packages\arduino\hardware\sam\1.6.12\variants\arduino_due_x/libsam_sam3x8e_gcc_rel.a(uotghs_device.o)
                0x000839f8                UDD_Send
 .text.UDD_Send8
                0x00083a80       0x24 C:\Users\maier\AppData\Local\Arduino15\packages\arduino\hardware\sam\1.6.12\variants\arduino_due_x/libsam_sam3x8e_gcc_rel.a(uotghs_device.o)
                0x00083a80                UDD_Send8
 .text.UDD_Recv8
                0x00083aa4       0x28 C:\Users\maier\AppData\Local\Arduino15\packages\arduino\hardware\sam\1.6.12\variants\arduino_due_x/libsam_sam3x8e_gcc_rel.a(uotghs_device.o)
                0x00083aa4                UDD_Recv8
 .text.UDD_Recv
                0x00083acc       0x34 C:\Users\maier\AppData\Local\Arduino15\packages\arduino\hardware\sam\1.6.12\variants\arduino_due_x/libsam_sam3x8e_gcc_rel.a(uotghs_device.o)
                0x00083acc                UDD_Recv
 .text.UDD_Stall
                0x00083b00       0x14 C:\Users\maier\AppData\Local\Arduino15\packages\arduino\hardware\sam\1.6.12\variants\arduino_due_x/libsam_sam3x8e_gcc_rel.a(uotghs_device.o)
                0x00083b00                UDD_Stall
 .text.UDD_FifoByteCount
                0x00083b14       0x14 C:\Users\maier\AppData\Local\Arduino15\packages\arduino\hardware\sam\1.6.12\variants\arduino_due_x/libsam_sam3x8e_gcc_rel.a(uotghs_device.o)
                0x00083b14                UDD_FifoByteCount
 .text.UDD_ReleaseRX
                0x00083b28       0x28 C:\Users\maier\AppData\Local\Arduino15\packages\arduino\hardware\sam\1.6.12\variants\arduino_due_x/libsam_sam3x8e_gcc_rel.a(uotghs_device.o)
                0x00083b28                UDD_ReleaseRX
 .text.UDD_ReleaseTX
                0x00083b50       0x28 C:\Users\maier\AppData\Local\Arduino15\packages\arduino\hardware\sam\1.6.12\variants\arduino_due_x/libsam_sam3x8e_gcc_rel.a(uotghs_device.o)
                0x00083b50                UDD_ReleaseTX
 .text.UDD_SetAddress
                0x00083b78       0x20 C:\Users\maier\AppData\Local\Arduino15\packages\arduino\hardware\sam\1.6.12\variants\arduino_due_x/libsam_sam3x8e_gcc_rel.a(uotghs_device.o)
                0x00083b78                UDD_SetAddress
 .text.__fpclassifyd
                0x00083b98       0x50 c:/users/maier/appdata/local/arduino15/packages/arduino/tools/arm-none-eabi-gcc/4.8.3-2014q1/bin/../lib/gcc/arm-none-eabi/4.8.3/../../../../arm-none-eabi/lib/armv7-m\libm.a(lib_a-s_fpclassify.o)
                0x00083b98                __fpclassifyd
 .text          0x00083be8      0x370 c:/users/maier/appdata/local/arduino15/packages/arduino/tools/arm-none-eabi-gcc/4.8.3-2014q1/bin/../lib/gcc/arm-none-eabi/4.8.3/armv7-m\libgcc.a(_arm_addsubdf3.o)
                0x00083be8                __aeabi_drsub
                0x00083bf0                __aeabi_dsub
                0x00083bf0                __subdf3
                0x00083bf4                __aeabi_dadd
                0x00083bf4                __adddf3
                0x00083e6c                __floatunsidf
                0x00083e6c                __aeabi_ui2d
                0x00083e8c                __floatsidf
                0x00083e8c                __aeabi_i2d
                0x00083eb0                __aeabi_f2d
                0x00083eb0                __extendsfdf2
                0x00083eec                __floatundidf
                0x00083eec                __aeabi_ul2d
                0x00083efc                __floatdidf
                0x00083efc                __aeabi_l2d
 .text          0x00083f58      0x424 c:/users/maier/appdata/local/arduino15/packages/arduino/tools/arm-none-eabi-gcc/4.8.3-2014q1/bin/../lib/gcc/arm-none-eabi/4.8.3/armv7-m\libgcc.a(_arm_muldivdf3.o)
                0x00083f58                __aeabi_dmul
                0x00083f58                __muldf3
                0x000841ac                __divdf3
                0x000841ac                __aeabi_ddiv
 .text          0x0008437c      0x110 c:/users/maier/appdata/local/arduino15/packages/arduino/tools/arm-none-eabi-gcc/4.8.3-2014q1/bin/../lib/gcc/arm-none-eabi/4.8.3/armv7-m\libgcc.a(_arm_cmpdf2.o)
                0x0008437c                __gtdf2
                0x0008437c                __gedf2
                0x00084384                __ltdf2
                0x00084384                __ledf2
                0x0008438c                __nedf2
                0x0008438c                __eqdf2
                0x0008438c                __cmpdf2
                0x00084408                __aeabi_cdrcmple
                0x00084418                __aeabi_cdcmpeq
                0x00084418                __aeabi_cdcmple
                0x00084428                __aeabi_dcmpeq
                0x0008443c                __aeabi_dcmplt
                0x00084450                __aeabi_dcmple
                0x00084464                __aeabi_dcmpge
                0x00084478                __aeabi_dcmpgt
 .text          0x0008448c       0x50 c:/users/maier/appdata/local/arduino15/packages/arduino/tools/arm-none-eabi-gcc/4.8.3-2014q1/bin/../lib/gcc/arm-none-eabi/4.8.3/armv7-m\libgcc.a(_arm_fixdfsi.o)
                0x0008448c                __aeabi_d2iz
                0x0008448c                __fixdfsi
 .text          0x000844dc       0x40 c:/users/maier/appdata/local/arduino15/packages/arduino/tools/arm-none-eabi-gcc/4.8.3-2014q1/bin/../lib/gcc/arm-none-eabi/4.8.3/armv7-m\libgcc.a(_arm_fixunsdfsi.o)
                0x000844dc                __aeabi_d2uiz
                0x000844dc                __fixunsdfsi
 .text          0x0008451c      0x21c c:/users/maier/appdata/local/arduino15/packages/arduino/tools/arm-none-eabi-gcc/4.8.3-2014q1/bin/../lib/gcc/arm-none-eabi/4.8.3/armv7-m\libgcc.a(_arm_addsubsf3.o)
                0x0008451c                __aeabi_frsub
                0x00084524                __subsf3
                0x00084524                __aeabi_fsub
                0x00084528                __aeabi_fadd
                0x00084528                __addsf3
                0x00084688                __aeabi_ui2f
                0x00084688                __floatunsisf
                0x00084690                __aeabi_i2f
                0x00084690                __floatsisf
                0x000846ac                __aeabi_ul2f
                0x000846ac                __floatundisf
                0x000846bc                __aeabi_l2f
                0x000846bc                __floatdisf
 .text          0x00084738      0x2a0 c:/users/maier/appdata/local/arduino15/packages/arduino/tools/arm-none-eabi-gcc/4.8.3-2014q1/bin/../lib/gcc/arm-none-eabi/4.8.3/armv7-m\libgcc.a(_arm_muldivsf3.o)
                0x00084738                __mulsf3
                0x00084738                __aeabi_fmul
                0x000848a0                __aeabi_fdiv
                0x000848a0                __divsf3
 .text          0x000849d8       0xec c:/users/maier/appdata/local/arduino15/packages/arduino/tools/arm-none-eabi-gcc/4.8.3-2014q1/bin/../lib/gcc/arm-none-eabi/4.8.3/armv7-m\libgcc.a(_arm_cmpsf2.o)
                0x000849d8                __gesf2
                0x000849d8                __gtsf2
                0x000849e0                __lesf2
                0x000849e0                __ltsf2
                0x000849e8                __nesf2
                0x000849e8                __eqsf2
                0x000849e8                __cmpsf2
                0x00084a48                __aeabi_cfrcmple
                0x00084a50                __aeabi_cfcmpeq
                0x00084a50                __aeabi_cfcmple
                0x00084a60                __aeabi_fcmpeq
                0x00084a74                __aeabi_fcmplt
                0x00084a88                __aeabi_fcmple
                0x00084a9c                __aeabi_fcmpge
                0x00084ab0                __aeabi_fcmpgt
 .text          0x00084ac4       0x4c c:/users/maier/appdata/local/arduino15/packages/arduino/tools/arm-none-eabi-gcc/4.8.3-2014q1/bin/../lib/gcc/arm-none-eabi/4.8.3/armv7-m\libgcc.a(_arm_fixsfsi.o)
                0x00084ac4                __aeabi_f2iz
                0x00084ac4                __fixsfsi
 .text.__assert_func
                0x00084b10       0x3c c:/users/maier/appdata/local/arduino15/packages/arduino/tools/arm-none-eabi-gcc/4.8.3-2014q1/bin/../lib/gcc/arm-none-eabi/4.8.3/../../../../arm-none-eabi/lib/armv7-m\libc.a(lib_a-assert.o)
                0x00084b10                __assert_func
 .text.atoi     0x00084b4c        0x8 c:/users/maier/appdata/local/arduino15/packages/arduino/tools/arm-none-eabi-gcc/4.8.3-2014q1/bin/../lib/gcc/arm-none-eabi/4.8.3/../../../../arm-none-eabi/lib/armv7-m\libc.a(lib_a-atoi.o)
                0x00084b4c                atoi
 .text.fiprintf
                0x00084b54       0x28 c:/users/maier/appdata/local/arduino15/packages/arduino/tools/arm-none-eabi-gcc/4.8.3-2014q1/bin/../lib/gcc/arm-none-eabi/4.8.3/../../../../arm-none-eabi/lib/armv7-m\libc.a(lib_a-fiprintf.o)
                0x00084b54                fiprintf
 .text.__libc_init_array
                0x00084b7c       0x50 c:/users/maier/appdata/local/arduino15/packages/arduino/tools/arm-none-eabi-gcc/4.8.3-2014q1/bin/../lib/gcc/arm-none-eabi/4.8.3/../../../../arm-none-eabi/lib/armv7-m\libc.a(lib_a-init.o)
                0x00084b7c                __libc_init_array
 .text.memset   0x00084bcc       0x94 c:/users/maier/appdata/local/arduino15/packages/arduino/tools/arm-none-eabi-gcc/4.8.3-2014q1/bin/../lib/gcc/arm-none-eabi/4.8.3/../../../../arm-none-eabi/lib/armv7-m\libc.a(lib_a-memset.o)
                0x00084bcc                memset
 .text.strcpy   0x00084c60       0xbc c:/users/maier/appdata/local/arduino15/packages/arduino/tools/arm-none-eabi-gcc/4.8.3-2014q1/bin/../lib/gcc/arm-none-eabi/4.8.3/../../../../arm-none-eabi/lib/armv7-m\libc.a(lib_a-strcpy.o)
                0x00084c60                strcpy
 .text.strlen   0x00084d1c       0x60 c:/users/maier/appdata/local/arduino15/packages/arduino/tools/arm-none-eabi-gcc/4.8.3-2014q1/bin/../lib/gcc/arm-none-eabi/4.8.3/../../../../arm-none-eabi/lib/armv7-m\libc.a(lib_a-strlen.o)
                0x00084d1c                strlen
 .text.strncpy  0x00084d7c       0x64 c:/users/maier/appdata/local/arduino15/packages/arduino/tools/arm-none-eabi-gcc/4.8.3-2014q1/bin/../lib/gcc/arm-none-eabi/4.8.3/../../../../arm-none-eabi/lib/armv7-m\libc.a(lib_a-strncpy.o)
                0x00084d7c                strncpy
 .text.strtok   0x00084de0       0x10 c:/users/maier/appdata/local/arduino15/packages/arduino/tools/arm-none-eabi-gcc/4.8.3-2014q1/bin/../lib/gcc/arm-none-eabi/4.8.3/../../../../arm-none-eabi/lib/armv7-m\libc.a(lib_a-strtok.o)
                0x00084de0                strtok
 .text.__strtok_r
                0x00084df0       0x64 c:/users/maier/appdata/local/arduino15/packages/arduino/tools/arm-none-eabi-gcc/4.8.3-2014q1/bin/../lib/gcc/arm-none-eabi/4.8.3/../../../../arm-none-eabi/lib/armv7-m\libc.a(lib_a-strtok_r.o)
                0x00084df0                __strtok_r
 .text._strtol_r
                0x00084e54      0x114 c:/users/maier/appdata/local/arduino15/packages/arduino/tools/arm-none-eabi-gcc/4.8.3-2014q1/bin/../lib/gcc/arm-none-eabi/4.8.3/../../../../arm-none-eabi/lib/armv7-m\libc.a(lib_a-strtol.o)
                0x00084e54                _strtol_r
 .text.strtol   0x00084f68       0x18 c:/users/maier/appdata/local/arduino15/packages/arduino/tools/arm-none-eabi-gcc/4.8.3-2014q1/bin/../lib/gcc/arm-none-eabi/4.8.3/../../../../arm-none-eabi/lib/armv7-m\libc.a(lib_a-strtol.o)
                0x00084f68                strtol
 .text.kill     0x00084f80       0x10 c:/users/maier/appdata/local/arduino15/packages/arduino/tools/arm-none-eabi-gcc/4.8.3-2014q1/bin/../lib/gcc/arm-none-eabi/4.8.3/../../../../arm-none-eabi/lib/armv7-m\libc.a(lib_a-syskill.o)
                0x00084f80                kill
 .text.__sprint_r.part.0
                0x00084f90       0x78 c:/users/maier/appdata/local/arduino15/packages/arduino/tools/arm-none-eabi-gcc/4.8.3-2014q1/bin/../lib/gcc/arm-none-eabi/4.8.3/../../../../arm-none-eabi/lib/armv7-m\libc.a(lib_a-vfiprintf.o)
 .text._vfiprintf_r
                0x00085008      0xc54 c:/users/maier/appdata/local/arduino15/packages/arduino/tools/arm-none-eabi-gcc/4.8.3-2014q1/bin/../lib/gcc/arm-none-eabi/4.8.3/../../../../arm-none-eabi/lib/armv7-m\libc.a(lib_a-vfiprintf.o)
                0x00085008                _vfiprintf_r
 .text.__sbprintf
                0x00085c5c       0x7c c:/users/maier/appdata/local/arduino15/packages/arduino/tools/arm-none-eabi-gcc/4.8.3-2014q1/bin/../lib/gcc/arm-none-eabi/4.8.3/../../../../arm-none-eabi/lib/armv7-m\libc.a(lib_a-vfiprintf.o)
 .text.__swsetup_r
                0x00085cd8       0xc4 c:/users/maier/appdata/local/arduino15/packages/arduino/tools/arm-none-eabi-gcc/4.8.3-2014q1/bin/../lib/gcc/arm-none-eabi/4.8.3/../../../../arm-none-eabi/lib/armv7-m\libc.a(lib_a-wsetup.o)
                0x00085cd8                __swsetup_r
 .text.startup.register_fini
                0x00085d9c       0x14 c:/users/maier/appdata/local/arduino15/packages/arduino/tools/arm-none-eabi-gcc/4.8.3-2014q1/bin/../lib/gcc/arm-none-eabi/4.8.3/../../../../arm-none-eabi/lib/armv7-m\libc.a(lib_a-__call_atexit.o)
 .text.abort    0x00085db0       0x10 c:/users/maier/appdata/local/arduino15/packages/arduino/tools/arm-none-eabi-gcc/4.8.3-2014q1/bin/../lib/gcc/arm-none-eabi/4.8.3/../../../../arm-none-eabi/lib/armv7-m\libc.a(lib_a-abort.o)
                0x00085db0                abort
 .text.atexit   0x00085dc0        0xc c:/users/maier/appdata/local/arduino15/packages/arduino/tools/arm-none-eabi-gcc/4.8.3-2014q1/bin/../lib/gcc/arm-none-eabi/4.8.3/../../../../arm-none-eabi/lib/armv7-m\libc.a(lib_a-atexit.o)
                0x00085dc0                atexit
 .text.__sflush_r
                0x00085dcc      0x148 c:/users/maier/appdata/local/arduino15/packages/arduino/tools/arm-none-eabi-gcc/4.8.3-2014q1/bin/../lib/gcc/arm-none-eabi/4.8.3/../../../../arm-none-eabi/lib/armv7-m\libc.a(lib_a-fflush.o)
                0x00085dcc                __sflush_r
 .text._fflush_r
                0x00085f14       0x2c c:/users/maier/appdata/local/arduino15/packages/arduino/tools/arm-none-eabi-gcc/4.8.3-2014q1/bin/../lib/gcc/arm-none-eabi/4.8.3/../../../../arm-none-eabi/lib/armv7-m\libc.a(lib_a-fflush.o)
                0x00085f14                _fflush_r
 .text._cleanup_r
                0x00085f40        0xc c:/users/maier/appdata/local/arduino15/packages/arduino/tools/arm-none-eabi-gcc/4.8.3-2014q1/bin/../lib/gcc/arm-none-eabi/4.8.3/../../../../arm-none-eabi/lib/armv7-m\libc.a(lib_a-findfp.o)
                0x00085f40                _cleanup_r
 .text.__sinit  0x00085f4c       0xf4 c:/users/maier/appdata/local/arduino15/packages/arduino/tools/arm-none-eabi-gcc/4.8.3-2014q1/bin/../lib/gcc/arm-none-eabi/4.8.3/../../../../arm-none-eabi/lib/armv7-m\libc.a(lib_a-findfp.o)
                0x00085f4c                __sinit
 .text.__sfp_lock_acquire
                0x00086040        0x4 c:/users/maier/appdata/local/arduino15/packages/arduino/tools/arm-none-eabi-gcc/4.8.3-2014q1/bin/../lib/gcc/arm-none-eabi/4.8.3/../../../../arm-none-eabi/lib/armv7-m\libc.a(lib_a-findfp.o)
                0x00086040                __sfp_lock_acquire
 .text.__sfp_lock_release
                0x00086044        0x4 c:/users/maier/appdata/local/arduino15/packages/arduino/tools/arm-none-eabi-gcc/4.8.3-2014q1/bin/../lib/gcc/arm-none-eabi/4.8.3/../../../../arm-none-eabi/lib/armv7-m\libc.a(lib_a-findfp.o)
                0x00086044                __sfp_lock_release
 .text.__libc_fini_array
                0x00086048       0x30 c:/users/maier/appdata/local/arduino15/packages/arduino/tools/arm-none-eabi-gcc/4.8.3-2014q1/bin/../lib/gcc/arm-none-eabi/4.8.3/../../../../arm-none-eabi/lib/armv7-m\libc.a(lib_a-fini.o)
                0x00086048                __libc_fini_array
 .text._fputwc_r
                0x00086078       0xc0 c:/users/maier/appdata/local/arduino15/packages/arduino/tools/arm-none-eabi-gcc/4.8.3-2014q1/bin/../lib/gcc/arm-none-eabi/4.8.3/../../../../arm-none-eabi/lib/armv7-m\libc.a(lib_a-fputwc.o)
                0x00086078                _fputwc_r
 .text._malloc_trim_r
                0x00086138       0x9c c:/users/maier/appdata/local/arduino15/packages/arduino/tools/arm-none-eabi-gcc/4.8.3-2014q1/bin/../lib/gcc/arm-none-eabi/4.8.3/../../../../arm-none-eabi/lib/armv7-m\libc.a(lib_a-freer.o)
                0x00086138                _malloc_trim_r
 .text._free_r  0x000861d4      0x198 c:/users/maier/appdata/local/arduino15/packages/arduino/tools/arm-none-eabi-gcc/4.8.3-2014q1/bin/../lib/gcc/arm-none-eabi/4.8.3/../../../../arm-none-eabi/lib/armv7-m\libc.a(lib_a-freer.o)
                0x000861d4                _free_r
 .text.__sfvwrite_r
                0x0008636c      0x314 c:/users/maier/appdata/local/arduino15/packages/arduino/tools/arm-none-eabi-gcc/4.8.3-2014q1/bin/../lib/gcc/arm-none-eabi/4.8.3/../../../../arm-none-eabi/lib/armv7-m\libc.a(lib_a-fvwrite.o)
                0x0008636c                __sfvwrite_r
 .text._fwalk   0x00086680       0x48 c:/users/maier/appdata/local/arduino15/packages/arduino/tools/arm-none-eabi-gcc/4.8.3-2014q1/bin/../lib/gcc/arm-none-eabi/4.8.3/../../../../arm-none-eabi/lib/armv7-m\libc.a(lib_a-fwalk.o)
                0x00086680                _fwalk
 .text.__locale_charset
                0x000866c8        0x8 c:/users/maier/appdata/local/arduino15/packages/arduino/tools/arm-none-eabi-gcc/4.8.3-2014q1/bin/../lib/gcc/arm-none-eabi/4.8.3/../../../../arm-none-eabi/lib/armv7-m\libc.a(lib_a-locale.o)
                0x000866c8                __locale_charset
 .text.__locale_mb_cur_max
                0x000866d0        0xc c:/users/maier/appdata/local/arduino15/packages/arduino/tools/arm-none-eabi-gcc/4.8.3-2014q1/bin/../lib/gcc/arm-none-eabi/4.8.3/../../../../arm-none-eabi/lib/armv7-m\libc.a(lib_a-locale.o)
                0x000866d0                __locale_mb_cur_max
 .text.__smakebuf_r
                0x000866dc       0xe0 c:/users/maier/appdata/local/arduino15/packages/arduino/tools/arm-none-eabi-gcc/4.8.3-2014q1/bin/../lib/gcc/arm-none-eabi/4.8.3/../../../../arm-none-eabi/lib/armv7-m\libc.a(lib_a-makebuf.o)
                0x000866dc                __smakebuf_r
 .text._malloc_r
                0x000867bc      0x538 c:/users/maier/appdata/local/arduino15/packages/arduino/tools/arm-none-eabi-gcc/4.8.3-2014q1/bin/../lib/gcc/arm-none-eabi/4.8.3/../../../../arm-none-eabi/lib/armv7-m\libc.a(lib_a-mallocr.o)
                0x000867bc                _malloc_r
 .text.memchr   0x00086cf4       0x94 c:/users/maier/appdata/local/arduino15/packages/arduino/tools/arm-none-eabi-gcc/4.8.3-2014q1/bin/../lib/gcc/arm-none-eabi/4.8.3/../../../../arm-none-eabi/lib/armv7-m\libc.a(lib_a-memchr-stub.o)
                0x00086cf4                memchr
 .text          0x00086d88       0xec c:/users/maier/appdata/local/arduino15/packages/arduino/tools/arm-none-eabi-gcc/4.8.3-2014q1/bin/../lib/gcc/arm-none-eabi/4.8.3/../../../../arm-none-eabi/lib/armv7-m\libc.a(lib_a-memcpy.o)
                0x00086d88                memcpy
 .text.memmove  0x00086e74       0xcc c:/users/maier/appdata/local/arduino15/packages/arduino/tools/arm-none-eabi-gcc/4.8.3-2014q1/bin/../lib/gcc/arm-none-eabi/4.8.3/../../../../arm-none-eabi/lib/armv7-m\libc.a(lib_a-memmove.o)
                0x00086e74                memmove
 .text.__malloc_lock
                0x00086f40        0x4 c:/users/maier/appdata/local/arduino15/packages/arduino/tools/arm-none-eabi-gcc/4.8.3-2014q1/bin/../lib/gcc/arm-none-eabi/4.8.3/../../../../arm-none-eabi/lib/armv7-m\libc.a(lib_a-mlock.o)
                0x00086f40                __malloc_lock
 .text.__malloc_unlock
                0x00086f44        0x4 c:/users/maier/appdata/local/arduino15/packages/arduino/tools/arm-none-eabi-gcc/4.8.3-2014q1/bin/../lib/gcc/arm-none-eabi/4.8.3/../../../../arm-none-eabi/lib/armv7-m\libc.a(lib_a-mlock.o)
                0x00086f44                __malloc_unlock
 .text._realloc_r
                0x00086f48      0x3c0 c:/users/maier/appdata/local/arduino15/packages/arduino/tools/arm-none-eabi-gcc/4.8.3-2014q1/bin/../lib/gcc/arm-none-eabi/4.8.3/../../../../arm-none-eabi/lib/armv7-m\libc.a(lib_a-reallocr.o)
                0x00086f48                _realloc_r
 .text._sbrk_r  0x00087308       0x24 c:/users/maier/appdata/local/arduino15/packages/arduino/tools/arm-none-eabi-gcc/4.8.3-2014q1/bin/../lib/gcc/arm-none-eabi/4.8.3/../../../../arm-none-eabi/lib/armv7-m\libc.a(lib_a-sbrkr.o)
                0x00087308                _sbrk_r
 .text._raise_r
                0x0008732c       0x58 c:/users/maier/appdata/local/arduino15/packages/arduino/tools/arm-none-eabi-gcc/4.8.3-2014q1/bin/../lib/gcc/arm-none-eabi/4.8.3/../../../../arm-none-eabi/lib/armv7-m\libc.a(lib_a-signal.o)
                0x0008732c                _raise_r
 .text.raise    0x00087384       0x10 c:/users/maier/appdata/local/arduino15/packages/arduino/tools/arm-none-eabi-gcc/4.8.3-2014q1/bin/../lib/gcc/arm-none-eabi/4.8.3/../../../../arm-none-eabi/lib/armv7-m\libc.a(lib_a-signal.o)
                0x00087384                raise
 .text._kill_r  0x00087394       0x28 c:/users/maier/appdata/local/arduino15/packages/arduino/tools/arm-none-eabi-gcc/4.8.3-2014q1/bin/../lib/gcc/arm-none-eabi/4.8.3/../../../../arm-none-eabi/lib/armv7-m\libc.a(lib_a-signalr.o)
                0x00087394                _kill_r
 .text._getpid_r
                0x000873bc        0x4 c:/users/maier/appdata/local/arduino15/packages/arduino/tools/arm-none-eabi-gcc/4.8.3-2014q1/bin/../lib/gcc/arm-none-eabi/4.8.3/../../../../arm-none-eabi/lib/armv7-m\libc.a(lib_a-signalr.o)
                0x000873bc                _getpid_r
 .text.__sread  0x000873c0       0x24 c:/users/maier/appdata/local/arduino15/packages/arduino/tools/arm-none-eabi-gcc/4.8.3-2014q1/bin/../lib/gcc/arm-none-eabi/4.8.3/../../../../arm-none-eabi/lib/armv7-m\libc.a(lib_a-stdio.o)
                0x000873c0                __sread
 .text.__swrite
                0x000873e4       0x38 c:/users/maier/appdata/local/arduino15/packages/arduino/tools/arm-none-eabi-gcc/4.8.3-2014q1/bin/../lib/gcc/arm-none-eabi/4.8.3/../../../../arm-none-eabi/lib/armv7-m\libc.a(lib_a-stdio.o)
                0x000873e4                __swrite
 .text.__sseek  0x0008741c       0x20 c:/users/maier/appdata/local/arduino15/packages/arduino/tools/arm-none-eabi-gcc/4.8.3-2014q1/bin/../lib/gcc/arm-none-eabi/4.8.3/../../../../arm-none-eabi/lib/armv7-m\libc.a(lib_a-stdio.o)
                0x0008741c                __sseek
 .text.__sclose
                0x0008743c        0x8 c:/users/maier/appdata/local/arduino15/packages/arduino/tools/arm-none-eabi-gcc/4.8.3-2014q1/bin/../lib/gcc/arm-none-eabi/4.8.3/../../../../arm-none-eabi/lib/armv7-m\libc.a(lib_a-stdio.o)
                0x0008743c                __sclose
 .text.__swbuf_r
                0x00087444       0xa8 c:/users/maier/appdata/local/arduino15/packages/arduino/tools/arm-none-eabi-gcc/4.8.3-2014q1/bin/../lib/gcc/arm-none-eabi/4.8.3/../../../../arm-none-eabi/lib/armv7-m\libc.a(lib_a-wbuf.o)
                0x00087444                __swbuf_r
 .text._wcrtomb_r
                0x000874ec       0x50 c:/users/maier/appdata/local/arduino15/packages/arduino/tools/arm-none-eabi-gcc/4.8.3-2014q1/bin/../lib/gcc/arm-none-eabi/4.8.3/../../../../arm-none-eabi/lib/armv7-m\libc.a(lib_a-wcrtomb.o)
                0x000874ec                _wcrtomb_r
 .text.__ascii_wctomb
                0x0008753c       0x1c c:/users/maier/appdata/local/arduino15/packages/arduino/tools/arm-none-eabi-gcc/4.8.3-2014q1/bin/../lib/gcc/arm-none-eabi/4.8.3/../../../../arm-none-eabi/lib/armv7-m\libc.a(lib_a-wctomb_r.o)
                0x0008753c                __ascii_wctomb
 .text._write_r
                0x00087558       0x28 c:/users/maier/appdata/local/arduino15/packages/arduino/tools/arm-none-eabi-gcc/4.8.3-2014q1/bin/../lib/gcc/arm-none-eabi/4.8.3/../../../../arm-none-eabi/lib/armv7-m\libc.a(lib_a-writer.o)
                0x00087558                _write_r
 .text.__register_exitproc
                0x00087580       0xa8 c:/users/maier/appdata/local/arduino15/packages/arduino/tools/arm-none-eabi-gcc/4.8.3-2014q1/bin/../lib/gcc/arm-none-eabi/4.8.3/../../../../arm-none-eabi/lib/armv7-m\libc.a(lib_a-__atexit.o)
                0x00087580                __register_exitproc
 .text._close_r
                0x00087628       0x24 c:/users/maier/appdata/local/arduino15/packages/arduino/tools/arm-none-eabi-gcc/4.8.3-2014q1/bin/../lib/gcc/arm-none-eabi/4.8.3/../../../../arm-none-eabi/lib/armv7-m\libc.a(lib_a-closer.o)
                0x00087628                _close_r
 .text._fclose_r
                0x0008764c       0x80 c:/users/maier/appdata/local/arduino15/packages/arduino/tools/arm-none-eabi-gcc/4.8.3-2014q1/bin/../lib/gcc/arm-none-eabi/4.8.3/../../../../arm-none-eabi/lib/armv7-m\libc.a(lib_a-fclose.o)
                0x0008764c                _fclose_r
 .text.fclose   0x000876cc       0x10 c:/users/maier/appdata/local/arduino15/packages/arduino/tools/arm-none-eabi-gcc/4.8.3-2014q1/bin/../lib/gcc/arm-none-eabi/4.8.3/../../../../arm-none-eabi/lib/armv7-m\libc.a(lib_a-fclose.o)
                0x000876cc                fclose
 .text._fstat_r
                0x000876dc       0x28 c:/users/maier/appdata/local/arduino15/packages/arduino/tools/arm-none-eabi-gcc/4.8.3-2014q1/bin/../lib/gcc/arm-none-eabi/4.8.3/../../../../arm-none-eabi/lib/armv7-m\libc.a(lib_a-fstatr.o)
                0x000876dc                _fstat_r
 .text._isatty_r
                0x00087704       0x24 c:/users/maier/appdata/local/arduino15/packages/arduino/tools/arm-none-eabi-gcc/4.8.3-2014q1/bin/../lib/gcc/arm-none-eabi/4.8.3/../../../../arm-none-eabi/lib/armv7-m\libc.a(lib_a-isattyr.o)
                0x00087704                _isatty_r
 .text._lseek_r
                0x00087728       0x28 c:/users/maier/appdata/local/arduino15/packages/arduino/tools/arm-none-eabi-gcc/4.8.3-2014q1/bin/../lib/gcc/arm-none-eabi/4.8.3/../../../../arm-none-eabi/lib/armv7-m\libc.a(lib_a-lseekr.o)
                0x00087728                _lseek_r
 .text._read_r  0x00087750       0x28 c:/users/maier/appdata/local/arduino15/packages/arduino/tools/arm-none-eabi-gcc/4.8.3-2014q1/bin/../lib/gcc/arm-none-eabi/4.8.3/../../../../arm-none-eabi/lib/armv7-m\libc.a(lib_a-readr.o)
                0x00087750                _read_r
 .text          0x00087778       0x2c c:/users/maier/appdata/local/arduino15/packages/arduino/tools/arm-none-eabi-gcc/4.8.3-2014q1/bin/../lib/gcc/arm-none-eabi/4.8.3/armv7-m\libgcc.a(_aeabi_uldivmod.o)
                0x00087778                __aeabi_uldivmod
 .text          0x000877a4       0x60 c:/users/maier/appdata/local/arduino15/packages/arduino/tools/arm-none-eabi-gcc/4.8.3-2014q1/bin/../lib/gcc/arm-none-eabi/4.8.3/armv7-m\libgcc.a(bpabi.o)
                0x000877a4                __gnu_ldivmod_helper
                0x000877d4                __gnu_uldivmod_helper
 .text          0x00087804        0x4 c:/users/maier/appdata/local/arduino15/packages/arduino/tools/arm-none-eabi-gcc/4.8.3-2014q1/bin/../lib/gcc/arm-none-eabi/4.8.3/armv7-m\libgcc.a(_dvmd_tls.o)
                0x00087804                __aeabi_idiv0
                0x00087804                __aeabi_ldiv0
 .text          0x00087808      0x2a0 c:/users/maier/appdata/local/arduino15/packages/arduino/tools/arm-none-eabi-gcc/4.8.3-2014q1/bin/../lib/gcc/arm-none-eabi/4.8.3/armv7-m\libgcc.a(_divdi3.o)
                0x00087808                __divdi3
 .text          0x00087aa8      0x290 c:/users/maier/appdata/local/arduino15/packages/arduino/tools/arm-none-eabi-gcc/4.8.3-2014q1/bin/../lib/gcc/arm-none-eabi/4.8.3/armv7-m\libgcc.a(_udivdi3.o)
                0x00087aa8                __udivdi3
 *(.glue_7t)
 .glue_7t       0x00000000        0x0 linker stubs
 *(.glue_7)
 .glue_7        0x00000000        0x0 linker stubs
 *(.rodata .rodata* .gnu.linkonce.r.*)
 .rodata.str1.1
                0x00087d38      0x1f8 d:\Projekte\InMoov\skeletonControlArduino\build\sketch\Mai3Servo.cpp.o
                                0x203 (size before relaxing)
 .rodata.str1.1
                0x00087f30       0x2d d:\Projekte\InMoov\skeletonControlArduino\build\sketch\readMessages.cpp.o
 .rodata.str1.1
                0x00087f5d      0x38e d:\Projekte\InMoov\skeletonControlArduino\build\sketch\skeletonControlArduino.cpp.o
                                0x3bb (size before relaxing)
 *fill*         0x000882eb        0x5 
 .rodata._ZTV7TwoWire
                0x000882f0       0x20 d:\Projekte\InMoov\skeletonControlArduino\build\libraries\Wire\Wire.cpp.o
                0x000882f0                vtable for TwoWire
 .rodata.g_APinDescription
                0x00088310      0xa2c d:\Projekte\InMoov\skeletonControlArduino\build\core\variant.cpp.o
                0x00088310                g_APinDescription
 .rodata.__func__.6792
                0x00088d3c        0xd C:\Users\maier\AppData\Local\Arduino15\packages\arduino\hardware\sam\1.6.12\variants\arduino_due_x/libsam_sam3x8e_gcc_rel.a(tc.o)
 .rodata.str1.1
                0x00088d49       0x54 C:\Users\maier\AppData\Local\Arduino15\packages\arduino\hardware\sam\1.6.12\variants\arduino_due_x/libsam_sam3x8e_gcc_rel.a(tc.o)
 .rodata.__func__.6798
                0x00088d9d        0x9 C:\Users\maier\AppData\Local\Arduino15\packages\arduino\hardware\sam\1.6.12\variants\arduino_due_x/libsam_sam3x8e_gcc_rel.a(tc.o)
 .rodata.__func__.6804
                0x00088da6        0x8 C:\Users\maier\AppData\Local\Arduino15\packages\arduino\hardware\sam\1.6.12\variants\arduino_due_x/libsam_sam3x8e_gcc_rel.a(tc.o)
 .rodata.__func__.7227
                0x00088dae        0xe C:\Users\maier\AppData\Local\Arduino15\packages\arduino\hardware\sam\1.6.12\variants\arduino_due_x/libsam_sam3x8e_gcc_rel.a(twi.o)
 .rodata.str1.1
                0x00088dbc       0xb4 C:\Users\maier\AppData\Local\Arduino15\packages\arduino\hardware\sam\1.6.12\variants\arduino_due_x/libsam_sam3x8e_gcc_rel.a(twi.o)
 .rodata.__func__.7231
                0x00088e70        0xe C:\Users\maier\AppData\Local\Arduino15\packages\arduino\hardware\sam\1.6.12\variants\arduino_due_x/libsam_sam3x8e_gcc_rel.a(twi.o)
 .rodata.__func__.7195
                0x00088e7e        0xd C:\Users\maier\AppData\Local\Arduino15\packages\arduino\hardware\sam\1.6.12\variants\arduino_due_x/libsam_sam3x8e_gcc_rel.a(twi.o)
 .rodata.__func__.7222
                0x00088e8b        0xd C:\Users\maier\AppData\Local\Arduino15\packages\arduino\hardware\sam\1.6.12\variants\arduino_due_x/libsam_sam3x8e_gcc_rel.a(twi.o)
 .rodata.__func__.7200
                0x00088e98        0xe C:\Users\maier\AppData\Local\Arduino15\packages\arduino\hardware\sam\1.6.12\variants\arduino_due_x/libsam_sam3x8e_gcc_rel.a(twi.o)
 *fill*         0x00088ea6        0x2 
 .rodata        0x00088ea8       0x40 C:\Users\maier\AppData\Local\Arduino15\packages\arduino\hardware\sam\1.6.12\variants\arduino_due_x/libsam_sam3x8e_gcc_rel.a(adc.o)
 .rodata.str1.1
                0x00088ee8        0xf d:\Projekte\InMoov\skeletonControlArduino\build/core\core.a(Print.cpp.o)
 *fill*         0x00088ef7        0x1 
 .rodata._ZTV9UARTClass
                0x00088ef8       0x30 d:\Projekte\InMoov\skeletonControlArduino\build/core\core.a(UARTClass.cpp.o)
                0x00088ef8                vtable for UARTClass
 .rodata._ZTV10USARTClass
                0x00088f28       0x30 d:\Projekte\InMoov\skeletonControlArduino\build/core\core.a(USARTClass.cpp.o)
                0x00088f28                vtable for USARTClass
 .rodata.STRING_PRODUCT
                0x00088f58        0xc d:\Projekte\InMoov\skeletonControlArduino\build/core\core.a(USBCore.cpp.o)
                0x00088f58                STRING_PRODUCT
 .rodata.USB_DeviceDescriptor
                0x00088f64       0x12 d:\Projekte\InMoov\skeletonControlArduino\build/core\core.a(USBCore.cpp.o)
                0x00088f64                USB_DeviceDescriptor
 .rodata.STRING_LANGUAGE
                0x00088f76        0x4 d:\Projekte\InMoov\skeletonControlArduino\build/core\core.a(USBCore.cpp.o)
                0x00088f76                STRING_LANGUAGE
 .rodata._ZL18test_packet_buffer
                0x00088f7a       0x35 d:\Projekte\InMoov\skeletonControlArduino\build/core\core.a(USBCore.cpp.o)
 .rodata.STRING_MANUFACTURER
                0x00088faf        0xc d:\Projekte\InMoov\skeletonControlArduino\build/core\core.a(USBCore.cpp.o)
                0x00088faf                STRING_MANUFACTURER
 .rodata.USB_DeviceDescriptorA
                0x00088fbb       0x12 d:\Projekte\InMoov\skeletonControlArduino\build/core\core.a(USBCore.cpp.o)
                0x00088fbb                USB_DeviceDescriptorA
 .rodata._ZL19USB_DeviceQualifier
                0x00088fcd        0x9 d:\Projekte\InMoov\skeletonControlArduino\build/core\core.a(USBCore.cpp.o)
 *fill*         0x00088fd6        0x2 
 .rodata._ZTV7Serial_
                0x00088fd8       0x28 d:\Projekte\InMoov\skeletonControlArduino\build/core\core.a(CDC.cpp.o)
                0x00088fd8                vtable for Serial_
 .rodata._ZL18_cdcOtherInterface
                0x00089000       0x42 d:\Projekte\InMoov\skeletonControlArduino\build/core\core.a(CDC.cpp.o)
 .rodata._ZL13_cdcInterface
                0x00089042       0x42 d:\Projekte\InMoov\skeletonControlArduino\build/core\core.a(CDC.cpp.o)
 .rodata.str1.4
                0x00089084       0x3f c:/users/maier/appdata/local/arduino15/packages/arduino/tools/arm-none-eabi-gcc/4.8.3-2014q1/bin/../lib/gcc/arm-none-eabi/4.8.3/../../../../arm-none-eabi/lib/armv7-m\libc.a(lib_a-assert.o)
                                 0x44 (size before relaxing)
 *fill*         0x000890c3        0x1 
 .rodata.str1.4
                0x000890c4        0x2 c:/users/maier/appdata/local/arduino15/packages/arduino/tools/arm-none-eabi-gcc/4.8.3-2014q1/bin/../lib/gcc/arm-none-eabi/4.8.3/../../../../arm-none-eabi/lib/armv7-m\libc.a(lib_a-impure.o)
                                  0x4 (size before relaxing)
 *fill*         0x000890c6        0x2 
 .rodata._global_impure_ptr
                0x000890c8        0x4 c:/users/maier/appdata/local/arduino15/packages/arduino/tools/arm-none-eabi-gcc/4.8.3-2014q1/bin/../lib/gcc/arm-none-eabi/4.8.3/../../../../arm-none-eabi/lib/armv7-m\libc.a(lib_a-impure.o)
                0x000890c8                _global_impure_ptr
 .rodata.blanks.6717
                0x000890cc       0x10 c:/users/maier/appdata/local/arduino15/packages/arduino/tools/arm-none-eabi-gcc/4.8.3-2014q1/bin/../lib/gcc/arm-none-eabi/4.8.3/../../../../arm-none-eabi/lib/armv7-m\libc.a(lib_a-vfiprintf.o)
 .rodata.str1.4
                0x000890dc       0x30 c:/users/maier/appdata/local/arduino15/packages/arduino/tools/arm-none-eabi-gcc/4.8.3-2014q1/bin/../lib/gcc/arm-none-eabi/4.8.3/../../../../arm-none-eabi/lib/armv7-m\libc.a(lib_a-vfiprintf.o)
 .rodata.zeroes.6718
                0x0008910c       0x10 c:/users/maier/appdata/local/arduino15/packages/arduino/tools/arm-none-eabi-gcc/4.8.3-2014q1/bin/../lib/gcc/arm-none-eabi/4.8.3/../../../../arm-none-eabi/lib/armv7-m\libc.a(lib_a-vfiprintf.o)
 .rodata._ctype_
                0x0008911c      0x104 c:/users/maier/appdata/local/arduino15/packages/arduino/tools/arm-none-eabi-gcc/4.8.3-2014q1/bin/../lib/gcc/arm-none-eabi/4.8.3/../../../../arm-none-eabi/lib/armv7-m\libc.a(lib_a-ctype_.o)
                0x0008911c                _ctype_
 *(.ARM.extab* .gnu.linkonce.armextab.*)
                0x00089220                . = ALIGN (0x4)
 *(.init)
 .init          0x00089220        0x4 c:/users/maier/appdata/local/arduino15/packages/arduino/tools/arm-none-eabi-gcc/4.8.3-2014q1/bin/../lib/gcc/arm-none-eabi/4.8.3/armv7-m/crti.o
                0x00089220                _init
 .init          0x00089224        0x8 c:/users/maier/appdata/local/arduino15/packages/arduino/tools/arm-none-eabi-gcc/4.8.3-2014q1/bin/../lib/gcc/arm-none-eabi/4.8.3/armv7-m/crtn.o
                0x0008922c                . = ALIGN (0x4)
                0x0008922c                __preinit_array_start = .
 *(.preinit_array)
                0x0008922c                __preinit_array_end = .
                0x0008922c                . = ALIGN (0x4)
                0x0008922c                __init_array_start = .
 *(SORT(.init_array.*))
 .init_array.00000
                0x0008922c        0x4 c:/users/maier/appdata/local/arduino15/packages/arduino/tools/arm-none-eabi-gcc/4.8.3-2014q1/bin/../lib/gcc/arm-none-eabi/4.8.3/../../../../arm-none-eabi/lib/armv7-m\libc.a(lib_a-__call_atexit.o)
 *(.init_array)
 .init_array    0x00089230        0x4 c:/users/maier/appdata/local/arduino15/packages/arduino/tools/arm-none-eabi-gcc/4.8.3-2014q1/bin/../lib/gcc/arm-none-eabi/4.8.3/armv7-m/crtbegin.o
 .init_array    0x00089234        0x4 d:\Projekte\InMoov\skeletonControlArduino\build\sketch\skeletonControlArduino.cpp.o
 .init_array    0x00089238        0x4 d:\Projekte\InMoov\skeletonControlArduino\build\libraries\Wire\Wire.cpp.o
 .init_array    0x0008923c        0x4 d:\Projekte\InMoov\skeletonControlArduino\build\core\variant.cpp.o
 .init_array    0x00089240        0x4 d:\Projekte\InMoov\skeletonControlArduino\build/core\core.a(USBCore.cpp.o)
 .init_array    0x00089244        0x4 d:\Projekte\InMoov\skeletonControlArduino\build/core\core.a(CDC.cpp.o)
                0x00089248                __init_array_end = .
                0x00089248                . = ALIGN (0x4)
 *crtbegin.o(.ctors)
 *(EXCLUDE_FILE(*crtend.o) .ctors)
 *(SORT(.ctors.*))
 *crtend.o(.ctors)
                0x00089248                . = ALIGN (0x4)
 *(.fini)
 .fini          0x00089248        0x4 c:/users/maier/appdata/local/arduino15/packages/arduino/tools/arm-none-eabi-gcc/4.8.3-2014q1/bin/../lib/gcc/arm-none-eabi/4.8.3/armv7-m/crti.o
                0x00089248                _fini
 .fini          0x0008924c        0x8 c:/users/maier/appdata/local/arduino15/packages/arduino/tools/arm-none-eabi-gcc/4.8.3-2014q1/bin/../lib/gcc/arm-none-eabi/4.8.3/armv7-m/crtn.o
                0x00089254                . = ALIGN (0x4)
                0x00089254                __fini_array_start = .
 *(.fini_array)
 .fini_array    0x00089254        0x4 c:/users/maier/appdata/local/arduino15/packages/arduino/tools/arm-none-eabi-gcc/4.8.3-2014q1/bin/../lib/gcc/arm-none-eabi/4.8.3/armv7-m/crtbegin.o
 *(SORT(.fini_array.*))
                0x00089258                __fini_array_end = .
 *crtbegin.o(.dtors)
 *(EXCLUDE_FILE(*crtend.o) .dtors)
 *(SORT(.dtors.*))
 *crtend.o(.dtors)
                0x00089258                . = ALIGN (0x4)
                0x00089258                _efixed = .
                0x00089258                PROVIDE (__exidx_start, .)

.vfp11_veneer   0x00089258        0x0
 .vfp11_veneer  0x00000000        0x0 linker stubs

.v4_bx          0x00089258        0x0
 .v4_bx         0x00000000        0x0 linker stubs

.iplt           0x00089258        0x0
 .iplt          0x00000000        0x0 c:/users/maier/appdata/local/arduino15/packages/arduino/tools/arm-none-eabi-gcc/4.8.3-2014q1/bin/../lib/gcc/arm-none-eabi/4.8.3/armv7-m/crtbegin.o

.ARM.exidx      0x00089258        0x8
 *(.ARM.exidx* .gnu.linkonce.armexidx.*)
 .ARM.exidx     0x00089258        0x8 c:/users/maier/appdata/local/arduino15/packages/arduino/tools/arm-none-eabi-gcc/4.8.3-2014q1/bin/../lib/gcc/arm-none-eabi/4.8.3/armv7-m\libgcc.a(_divdi3.o)
 .ARM.exidx     0x00089260        0x0 c:/users/maier/appdata/local/arduino15/packages/arduino/tools/arm-none-eabi-gcc/4.8.3-2014q1/bin/../lib/gcc/arm-none-eabi/4.8.3/armv7-m\libgcc.a(_udivdi3.o)
                                  0x8 (size before relaxing)
                0x00089260                PROVIDE (__exidx_end, .)

.eh_frame       0x00089260        0x0
 .eh_frame      0x00089260        0x0 c:/users/maier/appdata/local/arduino15/packages/arduino/tools/arm-none-eabi-gcc/4.8.3-2014q1/bin/../lib/gcc/arm-none-eabi/4.8.3/armv7-m/crtbegin.o

.rel.dyn        0x00089260        0x0
 .rel.iplt      0x00000000        0x0 c:/users/maier/appdata/local/arduino15/packages/arduino/tools/arm-none-eabi-gcc/4.8.3-2014q1/bin/../lib/gcc/arm-none-eabi/4.8.3/armv7-m/crtbegin.o

.jcr            0x00089260        0x0
 .jcr           0x00089260        0x0 c:/users/maier/appdata/local/arduino15/packages/arduino/tools/arm-none-eabi-gcc/4.8.3-2014q1/bin/../lib/gcc/arm-none-eabi/4.8.3/armv7-m/crtbegin.o

.igot.plt       0x00089260        0x0
 .igot.plt      0x00000000        0x0 c:/users/maier/appdata/local/arduino15/packages/arduino/tools/arm-none-eabi-gcc/4.8.3-2014q1/bin/../lib/gcc/arm-none-eabi/4.8.3/armv7-m/crtbegin.o
                0x00089260                . = ALIGN (0x4)
                0x00089260                _etext = .

.relocate       0x20070000      0x9c0 load address 0x00089260
                0x20070000                . = ALIGN (0x4)
                0x20070000                _srelocate = .
 *(.ramfunc .ramfunc.*)
 .ramfunc       0x20070000       0x2c d:\Projekte\InMoov\skeletonControlArduino\build/core\core.a(Reset.cpp.o)
                0x20070000                banzai
 *(.data .data.*)
 .data.log_i21  0x2007002c        0x1 d:\Projekte\InMoov\skeletonControlArduino\build\sketch\Mai3Servo.cpp.o
                0x2007002c                log_i21
 *fill*         0x2007002d        0x3 
 .data.powerGroup
                0x20070030       0xe0 d:\Projekte\InMoov\skeletonControlArduino\build\sketch\skeletonControlArduino.cpp.o
                0x20070030                powerGroup
 .data.log_i10  0x20070110        0x1 d:\Projekte\InMoov\skeletonControlArduino\build\sketch\skeletonControlArduino.cpp.o
                0x20070110                log_i10
 .data.log_i41  0x20070111        0x1 d:\Projekte\InMoov\skeletonControlArduino\build\sketch\skeletonControlArduino.cpp.o
                0x20070111                log_i41
 .data.log_i51  0x20070112        0x1 d:\Projekte\InMoov\skeletonControlArduino\build\sketch\skeletonControlArduino.cpp.o
                0x20070112                log_i51
 .data.mode     0x20070113        0x1 d:\Projekte\InMoov\skeletonControlArduino\build\sketch\skeletonControlArduino.cpp.o
                0x20070113                mode
 .data.log_i50  0x20070114        0x1 d:\Projekte\InMoov\skeletonControlArduino\build\sketch\skeletonControlArduino.cpp.o
                0x20070114                log_i50
 *fill*         0x20070115        0x3 
 .data.SystemCoreClock
                0x20070118        0x4 C:\Users\maier\AppData\Local\Arduino15\packages\arduino\hardware\sam\1.6.12\variants\arduino_due_x/libsam_sam3x8e_gcc_rel.a(system_sam3xa.o)
                0x20070118                SystemCoreClock
 .data._ZL5ticks
                0x2007011c        0x4 d:\Projekte\InMoov\skeletonControlArduino\build/core\core.a(Reset.cpp.o)
 .data.EndPoints
                0x20070120       0x28 d:\Projekte\InMoov\skeletonControlArduino\build/core\core.a(USBCore.cpp.o)
                0x20070120                EndPoints
 .data._ZL10breakValue
                0x20070148        0x4 d:\Projekte\InMoov\skeletonControlArduino\build/core\core.a(CDC.cpp.o)
 .data._ZL12_usbLineInfo
                0x2007014c        0x8 d:\Projekte\InMoov\skeletonControlArduino\build/core\core.a(CDC.cpp.o)
 .data.g_interrupt_enabled
                0x20070154        0x4 C:\Users\maier\AppData\Local\Arduino15\packages\arduino\hardware\sam\1.6.12\variants\arduino_due_x/libsam_sam3x8e_gcc_rel.a(interrupt_sam_nvic.o)
                0x20070154                g_interrupt_enabled
 .data.impure_data
                0x20070158      0x428 c:/users/maier/appdata/local/arduino15/packages/arduino/tools/arm-none-eabi-gcc/4.8.3-2014q1/bin/../lib/gcc/arm-none-eabi/4.8.3/../../../../arm-none-eabi/lib/armv7-m\libc.a(lib_a-impure.o)
 .data._impure_ptr